Reading timing models for corner nom_typ_1p50V_25C…
Reading timing library for the 'nom_typ_1p50V_25C' corner at '/foss/pdks/ihp-sg13g2/libs.ref/sg13g2_stdcell/lib/sg13g2_stdcell_typ_1p50V_25C.lib'…
Reading timing library for the 'nom_typ_1p50V_25C' corner at '/foss/designs/sar-chip/ip/sg13g2_io_custom/lib/sg13g2_io_typ_1p5V_3p3V_25C.lib'…
Reading timing library for the 'nom_typ_1p50V_25C' corner at '/foss/designs/sar-chip/ip/sg13g2_ip__jku/final/lib/sg13g2_ip__jku.lib'…
Reading timing library for the 'nom_typ_1p50V_25C' corner at '/foss/designs/sar-chip/ip/sg13g2_ip__jku_names/final/lib/sg13g2_ip__jku_names.lib'…
Reading OpenROAD database at '/foss/designs/sar-chip/flow/librelane/runs/RUN_2026-08-16_09-07-48/41-openroad-repairantennas/1-openroad-diodeinsertion/chip_top.odb'…
Reading design constraints file at '/foss/designs/sar-chip/flow/librelane/chip_top.sdc'…
[INFO] Using clock clk_PAD…
[INFO] Setting output delay to: 2
[INFO] Setting input delay to: 2
[WARNING STA-0366] port 'input_PAD[*]' not found.
[WARNING STA-0366] port 'bidir_PAD[*]' not found.
[INFO] Setting load to: 0.006
[INFO] Setting clock uncertainty to: 0.25
[INFO] Setting clock transition to: 0.15
[INFO] Setting timing derate to: 5%
%OL_CREATE_REPORT /foss/designs/sar-chip/flow/librelane/runs/RUN_2026-08-16_09-07-48/41-openroad-repairantennas/2-openroad-checkantennas/reports/antenna.rpt
[INFO ANT-0002] Found 0 net violations.
[INFO ANT-0001] Found 0 pin violations.
%OL_END_REPORT
