Reading timing models for corner nom_typ_1p50V_25C…
Reading timing library for the 'nom_typ_1p50V_25C' corner at '/foss/pdks/ihp-sg13g2/libs.ref/sg13g2_stdcell/lib/sg13g2_stdcell_typ_1p50V_25C.lib'…
Reading timing library for the 'nom_typ_1p50V_25C' corner at '/foss/designs/sar-chip/ip/sg13g2_io_custom/lib/sg13g2_io_typ_1p5V_3p3V_25C.lib'…
Reading timing library for the 'nom_typ_1p50V_25C' corner at '/foss/designs/sar-chip/ip/sg13g2_ip__jku/final/lib/sg13g2_ip__jku.lib'…
Reading timing library for the 'nom_typ_1p50V_25C' corner at '/foss/designs/sar-chip/ip/sg13g2_ip__jku_names/final/lib/sg13g2_ip__jku_names.lib'…
Reading OpenROAD database at '/foss/designs/sar-chip/flow/librelane/runs/RUN_2026-08-16_09-07-48/38-openroad-globalrouting/chip_top.odb'…
Reading design constraints file at '/foss/designs/sar-chip/flow/librelane/chip_top.sdc'…
[INFO] Using clock clk_PAD…
[INFO] Setting output delay to: 2
[INFO] Setting input delay to: 2
[WARNING STA-0366] port 'input_PAD[*]' not found.
[WARNING STA-0366] port 'bidir_PAD[*]' not found.
[INFO] Setting load to: 0.006
[INFO] Setting clock uncertainty to: 0.25
[INFO] Setting clock transition to: 0.15
[INFO] Setting timing derate to: 5%
+ repair_antennas sg13g2_antennanp -iterations 3 -ratio_margin 10 -allow_congestion
[INFO GRT-0012] Found 0 antenna violations.
Setting global connections for newly added cells…
[INFO] Setting global connections...
i_chip_core.sar_adc matched with i_chip_core.sar_adc
[INFO ODB-0403] 0 connections made, 0 conflicts skipped.
Updating metrics…
Cell type report:                       Count       Area
  Macro                                     3   90697.40
  Input pad                                 3   43200.00
  Output pad                               15  216000.00
  Input/output pad                          4   57600.00
  Power pad                                10  144000.00
  Pad spacer                              140  360000.00
  Cover                                    32  156800.00
  Multi-Input combinational cell            7      50.80
  Total                                   214 1068348.20
Writing OpenROAD database to '/foss/designs/sar-chip/flow/librelane/runs/RUN_2026-08-16_09-07-48/41-openroad-repairantennas/1-openroad-diodeinsertion/chip_top.odb'…
Writing layout to '/foss/designs/sar-chip/flow/librelane/runs/RUN_2026-08-16_09-07-48/41-openroad-repairantennas/1-openroad-diodeinsertion/chip_top.def'…
