16-Aug-2026 08:56:36 | INFO    | Your Klayout version is: KLayout 0.30.9 (required >= 0.30.5)
16-Aug-2026 08:56:36 | INFO    | Running SG13G2 LVS checks on design /foss/designs/sar-adc/layout/bs/bstrap40.gds on cell bstrap40
2026-08-16 08:56:47 +0200: Memory Usage (443728K) : Starting running SG13G2 Klayout LVS runset on /foss/designs/sar-adc/layout/bs/bstrap40.gds
2026-08-16 08:56:47 +0200: Memory Usage (443728K) : Ruby Version for klayout: 3.2.3
2026-08-16 08:56:47 +0200: Memory Usage (444752K) : Loading database to memory is complete.
2026-08-16 08:56:47 +0200: Memory Usage (444752K) : SG13G2 Klayout LVS runset output at: /foss/designs/sar-adc/layout/bs/lvs_bs40/bstrap40.klayout.lvs/bstrap40.lvsdb
2026-08-16 08:56:47 +0200: Memory Usage (444752K) : Evaluate switches.
2026-08-16 08:56:47 +0200: Memory Usage (444752K) : Extracted netlist with net names: true
2026-08-16 08:56:47 +0200: Memory Usage (444752K) : Extracted netlist with comments in details: false
2026-08-16 08:56:47 +0200: Memory Usage (444752K) : Selected NET_ONLY option: false
2026-08-16 08:56:47 +0200: Memory Usage (444752K) : Selected LAYOUT_NETLIST option: (none)
2026-08-16 08:56:47 +0200: Memory Usage (444752K) : Selected IGNORE_TOP_PORTS_MISMATCH option: 
2026-08-16 08:56:47 +0200: Memory Usage (444752K) : Selected IMPLICIT_NETS option: (none)
2026-08-16 08:56:47 +0200: Memory Usage (444752K) : Selected TOP_LVL_PINS option: false
2026-08-16 08:56:47 +0200: Memory Usage (444752K) : Selected COMBINE DEVICES option: false
2026-08-16 08:56:47 +0200: Memory Usage (444752K) : Selected PURGE option: false
2026-08-16 08:56:47 +0200: Memory Usage (444752K) : Selected PURGE_NETS option: false
2026-08-16 08:56:47 +0200: Memory Usage (444752K) : Selected SIMPLIFY option: true
2026-08-16 08:56:47 +0200: Memory Usage (444752K) : Selected SERIES_RES option: true
2026-08-16 08:56:47 +0200: Memory Usage (444752K) : Selected PARALLEL_RES option: true
2026-08-16 08:56:47 +0200: Memory Usage (444752K) : Selected DISABLE_TAP_EXTRACTION option: true
2026-08-16 08:56:47 +0200: Memory Usage (444752K) : deep  mode is enabled.
2026-08-16 08:56:47 +0200: Memory Usage (445904K) : Netlist file: /foss/designs/sar-adc/layout/bs/bstrap40.cdl
2026-08-16 08:56:47 +0200: Memory Usage (445904K) : LVS extracted netlist at: /foss/designs/sar-adc/layout/bs/lvs_bs40/bstrap40.klayout.lvs/bstrap40_extracted.cir
2026-08-16 08:56:47 +0200: Memory Usage (445904K) : Applying SRAM integration support.
2026-08-16 08:56:47 +0200: Memory Usage (445904K) : Starting SG13G2 LVS runset
2026-08-16 08:56:47 +0200: Memory Usage (445904K) : Read in polygons from layers.
2026-08-16 08:56:47 +0200: Memory Usage (446928K) : activ_drw has 23 polygons
2026-08-16 08:56:47 +0200: Memory Usage (446928K) : activ_filler has 0 polygons
2026-08-16 08:56:47 +0200: Memory Usage (447056K) : activ has 23 polygons
2026-08-16 08:56:47 +0200: Memory Usage (447056K) : activ_pin has 0 polygons
2026-08-16 08:56:47 +0200: Memory Usage (447056K) : activ_mask has 0 polygons
2026-08-16 08:56:47 +0200: Memory Usage (447056K) : activ_nofill has 0 polygons
2026-08-16 08:56:47 +0200: Memory Usage (447056K) : activ_OPC has 0 polygons
2026-08-16 08:56:47 +0200: Memory Usage (447056K) : activ_iOPC has 0 polygons
2026-08-16 08:56:47 +0200: Memory Usage (447056K) : activ_noqrc has 0 polygons
2026-08-16 08:56:47 +0200: Memory Usage (447056K) : biwind_drw has 0 polygons
2026-08-16 08:56:47 +0200: Memory Usage (447056K) : biwind_OPC has 0 polygons
2026-08-16 08:56:47 +0200: Memory Usage (447056K) : gatpoly_drw has 26 polygons
2026-08-16 08:56:47 +0200: Memory Usage (447056K) : gatpoly_filler has 0 polygons
2026-08-16 08:56:47 +0200: Memory Usage (447056K) : gatpoly has 26 polygons
2026-08-16 08:56:47 +0200: Memory Usage (447056K) : gatpoly_pin has 0 polygons
2026-08-16 08:56:47 +0200: Memory Usage (447056K) : gatpoly_nofill has 0 polygons
2026-08-16 08:56:47 +0200: Memory Usage (447184K) : gatpoly_OPC has 0 polygons
2026-08-16 08:56:47 +0200: Memory Usage (447184K) : gatpoly_iOPC has 0 polygons
2026-08-16 08:56:47 +0200: Memory Usage (447184K) : gatpoly_noqrc has 0 polygons
2026-08-16 08:56:47 +0200: Memory Usage (447184K) : cont_drw has 355 polygons
2026-08-16 08:56:47 +0200: Memory Usage (447184K) : cont_OPC has 0 polygons
2026-08-16 08:56:47 +0200: Memory Usage (447184K) : nsd_drw has 0 polygons
2026-08-16 08:56:47 +0200: Memory Usage (447184K) : nsd_block has 0 polygons
2026-08-16 08:56:47 +0200: Memory Usage (447184K) : metal1_drw has 88 polygons
2026-08-16 08:56:47 +0200: Memory Usage (447184K) : metal1_filler has 0 polygons
2026-08-16 08:56:47 +0200: Memory Usage (447184K) : metal1_slit has 0 polygons
2026-08-16 08:56:47 +0200: Memory Usage (447312K) : metal1 has 88 polygons
2026-08-16 08:56:47 +0200: Memory Usage (447440K) : metal1_pin has 58 polygons
2026-08-16 08:56:47 +0200: Memory Usage (447440K) : metal1_mask has 0 polygons
2026-08-16 08:56:47 +0200: Memory Usage (447568K) : metal1_nofill has 0 polygons
2026-08-16 08:56:47 +0200: Memory Usage (447824K) : metal1_text has 2 polygons
2026-08-16 08:56:47 +0200: Memory Usage (448208K) : metal1_OPC has 0 polygons
2026-08-16 08:56:47 +0200: Memory Usage (448208K) : metal1_noqrc has 0 polygons
2026-08-16 08:56:47 +0200: Memory Usage (448336K) : metal1_res has 0 polygons
2026-08-16 08:56:47 +0200: Memory Usage (448336K) : metal1_iprobe has 0 polygons
2026-08-16 08:56:47 +0200: Memory Usage (448336K) : metal1_diffprb has 0 polygons
2026-08-16 08:56:47 +0200: Memory Usage (448336K) : passiv_drw has 0 polygons
2026-08-16 08:56:47 +0200: Memory Usage (448336K) : passiv_pin has 0 polygons
2026-08-16 08:56:47 +0200: Memory Usage (448464K) : passiv_sbump has 0 polygons
2026-08-16 08:56:47 +0200: Memory Usage (448464K) : passiv_pillar has 0 polygons
2026-08-16 08:56:47 +0200: Memory Usage (448592K) : passiv_pdl has 0 polygons
2026-08-16 08:56:47 +0200: Memory Usage (448592K) : metal2_drw has 106 polygons
2026-08-16 08:56:47 +0200: Memory Usage (448720K) : metal2_filler has 0 polygons
2026-08-16 08:56:47 +0200: Memory Usage (448848K) : metal2_slit has 0 polygons
2026-08-16 08:56:47 +0200: Memory Usage (448976K) : metal2 has 106 polygons
2026-08-16 08:56:47 +0200: Memory Usage (448976K) : metal2_pin has 0 polygons
2026-08-16 08:56:47 +0200: Memory Usage (449104K) : metal2_mask has 0 polygons
2026-08-16 08:56:47 +0200: Memory Usage (449104K) : metal2_nofill has 0 polygons
2026-08-16 08:56:47 +0200: Memory Usage (449232K) : metal2_text has 0 polygons
2026-08-16 08:56:47 +0200: Memory Usage (449232K) : metal2_OPC has 0 polygons
2026-08-16 08:56:47 +0200: Memory Usage (449360K) : metal2_noqrc has 0 polygons
2026-08-16 08:56:47 +0200: Memory Usage (449360K) : metal2_res has 0 polygons
2026-08-16 08:56:47 +0200: Memory Usage (449488K) : metal2_iprobe has 0 polygons
2026-08-16 08:56:48 +0200: Memory Usage (449488K) : metal2_diffprb has 0 polygons
2026-08-16 08:56:48 +0200: Memory Usage (449616K) : baspoly_drw has 0 polygons
2026-08-16 08:56:48 +0200: Memory Usage (449616K) : baspoly_pin has 0 polygons
2026-08-16 08:56:48 +0200: Memory Usage (449744K) : psd_drw has 7 polygons
2026-08-16 08:56:48 +0200: Memory Usage (449744K) : nldb_drw has 0 polygons
2026-08-16 08:56:48 +0200: Memory Usage (449872K) : digibnd_drw has 0 polygons
2026-08-16 08:56:48 +0200: Memory Usage (449872K) : via1_drw has 65 polygons
2026-08-16 08:56:48 +0200: Memory Usage (449872K) : backmetal1_drw has 0 polygons
2026-08-16 08:56:48 +0200: Memory Usage (449872K) : backmetal1_pin has 0 polygons
2026-08-16 08:56:48 +0200: Memory Usage (449872K) : backmetal1_mask has 0 polygons
2026-08-16 08:56:48 +0200: Memory Usage (449872K) : backmetal1_filler has 0 polygons
2026-08-16 08:56:48 +0200: Memory Usage (449872K) : backmetal1_nofill has 0 polygons
2026-08-16 08:56:48 +0200: Memory Usage (449872K) : backmetal1_slit has 0 polygons
2026-08-16 08:56:48 +0200: Memory Usage (449872K) : backmetal1_text has 0 polygons
2026-08-16 08:56:48 +0200: Memory Usage (449872K) : backmetal1_OPC has 0 polygons
2026-08-16 08:56:48 +0200: Memory Usage (449872K) : backmetal1_noqrc has 0 polygons
2026-08-16 08:56:48 +0200: Memory Usage (449872K) : backmetal1_res has 0 polygons
2026-08-16 08:56:48 +0200: Memory Usage (449872K) : backmetal1_iprobe has 0 polygons
2026-08-16 08:56:48 +0200: Memory Usage (449872K) : backmetal1_diffprb has 0 polygons
2026-08-16 08:56:48 +0200: Memory Usage (449872K) : backpassiv_drw has 0 polygons
2026-08-16 08:56:48 +0200: Memory Usage (449872K) : res_drw has 0 polygons
2026-08-16 08:56:48 +0200: Memory Usage (449872K) : sram_drw has 0 polygons
2026-08-16 08:56:48 +0200: Memory Usage (449872K) : trans_drw has 0 polygons
2026-08-16 08:56:48 +0200: Memory Usage (449872K) : ind_drw has 0 polygons
2026-08-16 08:56:48 +0200: Memory Usage (449872K) : ind_pin has 0 polygons
2026-08-16 08:56:48 +0200: Memory Usage (449872K) : ind_text has 0 polygons
2026-08-16 08:56:48 +0200: Memory Usage (449872K) : salblock_drw has 0 polygons
2026-08-16 08:56:48 +0200: Memory Usage (449872K) : via2_drw has 38 polygons
2026-08-16 08:56:48 +0200: Memory Usage (449872K) : metal3_drw has 43 polygons
2026-08-16 08:56:48 +0200: Memory Usage (449872K) : metal3_filler has 0 polygons
2026-08-16 08:56:48 +0200: Memory Usage (449872K) : metal3_slit has 0 polygons
2026-08-16 08:56:48 +0200: Memory Usage (449872K) : metal3 has 43 polygons
2026-08-16 08:56:48 +0200: Memory Usage (449872K) : metal3_pin has 4 polygons
2026-08-16 08:56:48 +0200: Memory Usage (449872K) : metal3_mask has 0 polygons
2026-08-16 08:56:48 +0200: Memory Usage (449872K) : metal3_nofill has 0 polygons
2026-08-16 08:56:48 +0200: Memory Usage (449872K) : metal3_text has 4 polygons
2026-08-16 08:56:48 +0200: Memory Usage (449872K) : metal3_OPC has 0 polygons
2026-08-16 08:56:48 +0200: Memory Usage (449872K) : metal3_noqrc has 0 polygons
2026-08-16 08:56:48 +0200: Memory Usage (449872K) : metal3_res has 0 polygons
2026-08-16 08:56:48 +0200: Memory Usage (449872K) : metal3_iprobe has 0 polygons
2026-08-16 08:56:48 +0200: Memory Usage (449872K) : metal3_diffprb has 0 polygons
2026-08-16 08:56:48 +0200: Memory Usage (449872K) : nwell_drw has 2 polygons
2026-08-16 08:56:48 +0200: Memory Usage (449872K) : nwell_pin has 0 polygons
2026-08-16 08:56:48 +0200: Memory Usage (449872K) : nwell_text has 0 polygons
2026-08-16 08:56:48 +0200: Memory Usage (449872K) : nbulay_drw has 0 polygons
2026-08-16 08:56:48 +0200: Memory Usage (449872K) : nbulay_pin has 0 polygons
2026-08-16 08:56:48 +0200: Memory Usage (449872K) : nbulay_block has 0 polygons
2026-08-16 08:56:48 +0200: Memory Usage (449872K) : emwind_drw has 0 polygons
2026-08-16 08:56:48 +0200: Memory Usage (449872K) : emwind_OPC has 0 polygons
2026-08-16 08:56:48 +0200: Memory Usage (449872K) : deepco_drw has 0 polygons
2026-08-16 08:56:48 +0200: Memory Usage (449872K) : mim_drw has 1 polygons
2026-08-16 08:56:48 +0200: Memory Usage (449872K) : edgeseal_drw has 0 polygons
2026-08-16 08:56:48 +0200: Memory Usage (449872K) : substrate_drw has 0 polygons
2026-08-16 08:56:48 +0200: Memory Usage (449872K) : substrate_text has 0 polygons
2026-08-16 08:56:48 +0200: Memory Usage (449872K) : dfpad_drw has 0 polygons
2026-08-16 08:56:48 +0200: Memory Usage (449872K) : dfpad_pillar has 0 polygons
2026-08-16 08:56:48 +0200: Memory Usage (449872K) : dfpad_sbump has 0 polygons
2026-08-16 08:56:48 +0200: Memory Usage (449872K) : thickgateox_drw has 0 polygons
2026-08-16 08:56:48 +0200: Memory Usage (449872K) : pldb_drw has 0 polygons
2026-08-16 08:56:48 +0200: Memory Usage (449872K) : pwell_drw has 0 polygons
2026-08-16 08:56:48 +0200: Memory Usage (449872K) : pwell_pin has 0 polygons
2026-08-16 08:56:48 +0200: Memory Usage (449872K) : pwell_block has 0 polygons
2026-08-16 08:56:48 +0200: Memory Usage (449872K) : ic_drw has 0 polygons
2026-08-16 08:56:48 +0200: Memory Usage (449872K) : via3_drw has 8 polygons
2026-08-16 08:56:48 +0200: Memory Usage (449872K) : metal4_drw has 2 polygons
2026-08-16 08:56:48 +0200: Memory Usage (449872K) : metal4_filler has 0 polygons
2026-08-16 08:56:48 +0200: Memory Usage (449872K) : metal4_slit has 0 polygons
2026-08-16 08:56:48 +0200: Memory Usage (449872K) : metal4 has 2 polygons
2026-08-16 08:56:48 +0200: Memory Usage (449872K) : metal4_pin has 0 polygons
2026-08-16 08:56:48 +0200: Memory Usage (450000K) : metal4_mask has 0 polygons
2026-08-16 08:56:48 +0200: Memory Usage (450000K) : metal4_nofill has 0 polygons
2026-08-16 08:56:48 +0200: Memory Usage (450128K) : metal4_text has 0 polygons
2026-08-16 08:56:48 +0200: Memory Usage (450128K) : metal4_OPC has 0 polygons
2026-08-16 08:56:48 +0200: Memory Usage (450128K) : metal4_noqrc has 0 polygons
2026-08-16 08:56:48 +0200: Memory Usage (450128K) : metal4_res has 0 polygons
2026-08-16 08:56:48 +0200: Memory Usage (450128K) : metal4_iprobe has 0 polygons
2026-08-16 08:56:48 +0200: Memory Usage (450128K) : metal4_diffprb has 0 polygons
2026-08-16 08:56:48 +0200: Memory Usage (450128K) : heattrans_drw has 0 polygons
2026-08-16 08:56:48 +0200: Memory Usage (450128K) : heatres_drw has 0 polygons
2026-08-16 08:56:48 +0200: Memory Usage (450128K) : fbe_drw has 0 polygons
2026-08-16 08:56:48 +0200: Memory Usage (450128K) : empoly_drw has 0 polygons
2026-08-16 08:56:48 +0200: Memory Usage (450128K) : digisub_drw has 0 polygons
2026-08-16 08:56:48 +0200: Memory Usage (450128K) : text_drw has 37 polygons
2026-08-16 08:56:48 +0200: Memory Usage (450128K) : via4_drw has 8 polygons
2026-08-16 08:56:48 +0200: Memory Usage (450128K) : metal5_drw has 4 polygons
2026-08-16 08:56:48 +0200: Memory Usage (450128K) : metal5_filler has 0 polygons
2026-08-16 08:56:48 +0200: Memory Usage (450128K) : metal5_slit has 0 polygons
2026-08-16 08:56:48 +0200: Memory Usage (450128K) : metal5 has 4 polygons
2026-08-16 08:56:48 +0200: Memory Usage (450128K) : metal5_pin has 0 polygons
2026-08-16 08:56:48 +0200: Memory Usage (450128K) : metal5_mask has 0 polygons
2026-08-16 08:56:48 +0200: Memory Usage (450128K) : metal5_nofill has 0 polygons
2026-08-16 08:56:48 +0200: Memory Usage (450128K) : metal5_text has 0 polygons
2026-08-16 08:56:48 +0200: Memory Usage (450128K) : metal5_OPC has 0 polygons
2026-08-16 08:56:48 +0200: Memory Usage (450128K) : metal5_noqrc has 0 polygons
2026-08-16 08:56:48 +0200: Memory Usage (450128K) : metal5_res has 0 polygons
2026-08-16 08:56:48 +0200: Memory Usage (450128K) : metal5_iprobe has 0 polygons
2026-08-16 08:56:48 +0200: Memory Usage (450128K) : metal5_diffprb has 0 polygons
2026-08-16 08:56:48 +0200: Memory Usage (450128K) : radhard_drw has 0 polygons
2026-08-16 08:56:48 +0200: Memory Usage (450128K) : memcap_drw has 0 polygons
2026-08-16 08:56:48 +0200: Memory Usage (450128K) : varicap_drw has 0 polygons
2026-08-16 08:56:48 +0200: Memory Usage (450128K) : intbondvia_drw has 0 polygons
2026-08-16 08:56:48 +0200: Memory Usage (450128K) : intbondmet_drw has 0 polygons
2026-08-16 08:56:48 +0200: Memory Usage (450128K) : devbondvia_drw has 0 polygons
2026-08-16 08:56:48 +0200: Memory Usage (450128K) : devbondmet_drw has 0 polygons
2026-08-16 08:56:48 +0200: Memory Usage (450128K) : devtrench_drw has 0 polygons
2026-08-16 08:56:48 +0200: Memory Usage (450128K) : redist_drw has 0 polygons
2026-08-16 08:56:48 +0200: Memory Usage (450128K) : graphbot_drw has 0 polygons
2026-08-16 08:56:48 +0200: Memory Usage (450128K) : graphtop_drw has 0 polygons
2026-08-16 08:56:48 +0200: Memory Usage (450128K) : antvia1_drw has 0 polygons
2026-08-16 08:56:48 +0200: Memory Usage (450128K) : antmetal2_drw has 0 polygons
2026-08-16 08:56:48 +0200: Memory Usage (450128K) : graphcont_drw has 0 polygons
2026-08-16 08:56:48 +0200: Memory Usage (450128K) : siwg_drw has 0 polygons
2026-08-16 08:56:48 +0200: Memory Usage (450128K) : siwg_filler has 0 polygons
2026-08-16 08:56:48 +0200: Memory Usage (450128K) : siwg_nofill has 0 polygons
2026-08-16 08:56:48 +0200: Memory Usage (450128K) : sigrating_drw has 0 polygons
2026-08-16 08:56:48 +0200: Memory Usage (450128K) : singrating_drw has 0 polygons
2026-08-16 08:56:48 +0200: Memory Usage (450128K) : graphpas_drw has 0 polygons
2026-08-16 08:56:48 +0200: Memory Usage (450128K) : emwind3_drw has 0 polygons
2026-08-16 08:56:48 +0200: Memory Usage (450128K) : emwihv3_drw has 0 polygons
2026-08-16 08:56:48 +0200: Memory Usage (450128K) : redbulay_drw has 0 polygons
2026-08-16 08:56:49 +0200: Memory Usage (450128K) : smos_drw has 0 polygons
2026-08-16 08:56:49 +0200: Memory Usage (450128K) : graphpad_drw has 0 polygons
2026-08-16 08:56:49 +0200: Memory Usage (450128K) : polimide_drw has 0 polygons
2026-08-16 08:56:49 +0200: Memory Usage (450128K) : polimide_pin has 0 polygons
2026-08-16 08:56:49 +0200: Memory Usage (450128K) : recog_drw has 0 polygons
2026-08-16 08:56:49 +0200: Memory Usage (450128K) : recog_pin has 0 polygons
2026-08-16 08:56:49 +0200: Memory Usage (450128K) : recog_esd has 0 polygons
2026-08-16 08:56:49 +0200: Memory Usage (450128K) : recog_diode has 0 polygons
2026-08-16 08:56:49 +0200: Memory Usage (450128K) : recog_tsv has 0 polygons
2026-08-16 08:56:49 +0200: Memory Usage (450128K) : recog_iprobe has 0 polygons
2026-08-16 08:56:49 +0200: Memory Usage (450128K) : recog_diffprb has 0 polygons
2026-08-16 08:56:49 +0200: Memory Usage (450128K) : recog_pillar has 0 polygons
2026-08-16 08:56:49 +0200: Memory Usage (450128K) : recog_sbump has 0 polygons
2026-08-16 08:56:49 +0200: Memory Usage (450128K) : recog_otp has 0 polygons
2026-08-16 08:56:49 +0200: Memory Usage (450128K) : recog_pdiode has 0 polygons
2026-08-16 08:56:49 +0200: Memory Usage (450128K) : recog_mom has 0 polygons
2026-08-16 08:56:49 +0200: Memory Usage (450128K) : recog_pcm has 0 polygons
2026-08-16 08:56:49 +0200: Memory Usage (450128K) : colopen_drw has 0 polygons
2026-08-16 08:56:49 +0200: Memory Usage (450128K) : graphmetal1_drw has 0 polygons
2026-08-16 08:56:49 +0200: Memory Usage (450256K) : graphmetal1_filler has 0 polygons
2026-08-16 08:56:49 +0200: Memory Usage (450256K) : graphmetal1_nofill has 0 polygons
2026-08-16 08:56:49 +0200: Memory Usage (450384K) : graphmetal1_slit has 0 polygons
2026-08-16 08:56:49 +0200: Memory Usage (450384K) : graphmetal1_OPC has 0 polygons
2026-08-16 08:56:49 +0200: Memory Usage (450512K) : graphmet1l_drw has 0 polygons
2026-08-16 08:56:49 +0200: Memory Usage (450512K) : graphmet1l_filler has 0 polygons
2026-08-16 08:56:49 +0200: Memory Usage (450640K) : graphmet1l_nofill has 0 polygons
2026-08-16 08:56:49 +0200: Memory Usage (450640K) : graphmet1l_slit has 0 polygons
2026-08-16 08:56:49 +0200: Memory Usage (450768K) : graphmet1l_OPC has 0 polygons
2026-08-16 08:56:49 +0200: Memory Usage (450768K) : extblock_drw has 0 polygons
2026-08-16 08:56:49 +0200: Memory Usage (450896K) : nldd_drw has 0 polygons
2026-08-16 08:56:49 +0200: Memory Usage (451024K) : pldd_drw has 0 polygons
2026-08-16 08:56:49 +0200: Memory Usage (451024K) : next_drw has 0 polygons
2026-08-16 08:56:49 +0200: Memory Usage (451152K) : pext_drw has 0 polygons
2026-08-16 08:56:49 +0200: Memory Usage (451152K) : nexthv_drw has 0 polygons
2026-08-16 08:56:49 +0200: Memory Usage (451152K) : pexthv_drw has 0 polygons
2026-08-16 08:56:49 +0200: Memory Usage (451152K) : graphgate_drw has 0 polygons
2026-08-16 08:56:49 +0200: Memory Usage (451152K) : sinwg_drw has 0 polygons
2026-08-16 08:56:49 +0200: Memory Usage (451152K) : sinwg_filler has 0 polygons
2026-08-16 08:56:49 +0200: Memory Usage (451152K) : sinwg_nofill has 0 polygons
2026-08-16 08:56:49 +0200: Memory Usage (451152K) : mempad_drw has 0 polygons
2026-08-16 08:56:49 +0200: Memory Usage (451152K) : topvia1_drw has 1 polygons
2026-08-16 08:56:49 +0200: Memory Usage (451152K) : topmetal1_drw has 3 polygons
2026-08-16 08:56:49 +0200: Memory Usage (451152K) : topmetal1_filler has 0 polygons
2026-08-16 08:56:49 +0200: Memory Usage (451152K) : topmetal1_slit has 0 polygons
2026-08-16 08:56:49 +0200: Memory Usage (451152K) : topmetal1 has 3 polygons
2026-08-16 08:56:49 +0200: Memory Usage (451152K) : topmetal1_pin has 0 polygons
2026-08-16 08:56:49 +0200: Memory Usage (451152K) : topmetal1_mask has 0 polygons
2026-08-16 08:56:49 +0200: Memory Usage (451152K) : topmetal1_nofill has 0 polygons
2026-08-16 08:56:49 +0200: Memory Usage (451152K) : topmetal1_text has 0 polygons
2026-08-16 08:56:49 +0200: Memory Usage (451152K) : topmetal1_noqrc has 0 polygons
2026-08-16 08:56:49 +0200: Memory Usage (451152K) : topmetal1_res has 0 polygons
2026-08-16 08:56:49 +0200: Memory Usage (451152K) : topmetal1_iprobe has 0 polygons
2026-08-16 08:56:49 +0200: Memory Usage (451152K) : topmetal1_diffprb has 0 polygons
2026-08-16 08:56:49 +0200: Memory Usage (451152K) : inldpwl_drw has 0 polygons
2026-08-16 08:56:49 +0200: Memory Usage (451152K) : polyres_drw has 0 polygons
2026-08-16 08:56:49 +0200: Memory Usage (451152K) : polyres_pin has 0 polygons
2026-08-16 08:56:49 +0200: Memory Usage (451280K) : vmim_drw has 217 polygons
2026-08-16 08:56:49 +0200: Memory Usage (451280K) : nbulaycut_drw has 0 polygons
2026-08-16 08:56:49 +0200: Memory Usage (451280K) : antmetal1_drw has 0 polygons
2026-08-16 08:56:49 +0200: Memory Usage (451280K) : topvia2_drw has 0 polygons
2026-08-16 08:56:49 +0200: Memory Usage (451280K) : topmetal2_drw has 0 polygons
2026-08-16 08:56:49 +0200: Memory Usage (451280K) : topmetal2_filler has 0 polygons
2026-08-16 08:56:49 +0200: Memory Usage (451280K) : topmetal2_slit has 0 polygons
2026-08-16 08:56:49 +0200: Memory Usage (451280K) : topmetal2 has 0 polygons
2026-08-16 08:56:49 +0200: Memory Usage (451280K) : topmetal2_pin has 0 polygons
2026-08-16 08:56:49 +0200: Memory Usage (451280K) : topmetal2_mask has 0 polygons
2026-08-16 08:56:49 +0200: Memory Usage (451280K) : topmetal2_nofill has 0 polygons
2026-08-16 08:56:49 +0200: Memory Usage (451280K) : topmetal2_text has 0 polygons
2026-08-16 08:56:49 +0200: Memory Usage (451280K) : topmetal2_noqrc has 0 polygons
2026-08-16 08:56:49 +0200: Memory Usage (451280K) : topmetal2_res has 0 polygons
2026-08-16 08:56:49 +0200: Memory Usage (451280K) : topmetal2_iprobe has 0 polygons
2026-08-16 08:56:49 +0200: Memory Usage (451280K) : topmetal2_diffprb has 0 polygons
2026-08-16 08:56:49 +0200: Memory Usage (451280K) : snsring_drw has 0 polygons
2026-08-16 08:56:49 +0200: Memory Usage (451280K) : sensor_drw has 0 polygons
2026-08-16 08:56:49 +0200: Memory Usage (451280K) : snsarms_drw has 0 polygons
2026-08-16 08:56:49 +0200: Memory Usage (451280K) : snscmosvia_drw has 0 polygons
2026-08-16 08:56:49 +0200: Memory Usage (451280K) : colwind_drw has 0 polygons
2026-08-16 08:56:49 +0200: Memory Usage (451280K) : flm_drw has 0 polygons
2026-08-16 08:56:49 +0200: Memory Usage (451280K) : hafniumox_drw has 0 polygons
2026-08-16 08:56:49 +0200: Memory Usage (451280K) : memvia_drw has 0 polygons
2026-08-16 08:56:49 +0200: Memory Usage (451280K) : thinfilmres_drw has 0 polygons
2026-08-16 08:56:49 +0200: Memory Usage (451280K) : rfmem_drw has 0 polygons
2026-08-16 08:56:49 +0200: Memory Usage (451280K) : norcx_drw has 0 polygons
2026-08-16 08:56:49 +0200: Memory Usage (451280K) : norcx_m2m3 has 0 polygons
2026-08-16 08:56:49 +0200: Memory Usage (451280K) : norcx_m2m4 has 0 polygons
2026-08-16 08:56:49 +0200: Memory Usage (451280K) : norcx_m2m5 has 0 polygons
2026-08-16 08:56:49 +0200: Memory Usage (451280K) : norcx_m2tm1 has 0 polygons
2026-08-16 08:56:49 +0200: Memory Usage (451280K) : norcx_m2tm2 has 0 polygons
2026-08-16 08:56:49 +0200: Memory Usage (451280K) : norcx_m3m4 has 0 polygons
2026-08-16 08:56:49 +0200: Memory Usage (451280K) : norcx_m3m5 has 0 polygons
2026-08-16 08:56:49 +0200: Memory Usage (451280K) : norcx_m3tm1 has 0 polygons
2026-08-16 08:56:49 +0200: Memory Usage (451280K) : norcx_m3tm2 has 0 polygons
2026-08-16 08:56:49 +0200: Memory Usage (451280K) : norcx_m4m5 has 0 polygons
2026-08-16 08:56:49 +0200: Memory Usage (451280K) : norcx_m4tm1 has 0 polygons
2026-08-16 08:56:49 +0200: Memory Usage (451280K) : norcx_m4tm2 has 0 polygons
2026-08-16 08:56:49 +0200: Memory Usage (451280K) : norcx_m5tm1 has 0 polygons
2026-08-16 08:56:49 +0200: Memory Usage (451280K) : norcx_m5tm2 has 0 polygons
2026-08-16 08:56:49 +0200: Memory Usage (451280K) : norcx_tm1tm2 has 0 polygons
2026-08-16 08:56:49 +0200: Memory Usage (451280K) : norcx_m1sub has 0 polygons
2026-08-16 08:56:49 +0200: Memory Usage (451280K) : norcx_m2sub has 0 polygons
2026-08-16 08:56:49 +0200: Memory Usage (451280K) : norcx_m3sub has 0 polygons
2026-08-16 08:56:49 +0200: Memory Usage (451280K) : norcx_m4sub has 0 polygons
2026-08-16 08:56:49 +0200: Memory Usage (451280K) : norcx_m5sub has 0 polygons
2026-08-16 08:56:49 +0200: Memory Usage (451280K) : norcx_tm1sub has 0 polygons
2026-08-16 08:56:49 +0200: Memory Usage (451280K) : norcx_tm2sub has 0 polygons
2026-08-16 08:56:49 +0200: Memory Usage (451280K) : snsbotvia_drw has 0 polygons
2026-08-16 08:56:49 +0200: Memory Usage (451280K) : snstopvia_drw has 0 polygons
2026-08-16 08:56:49 +0200: Memory Usage (451280K) : deepvia_drw has 0 polygons
2026-08-16 08:56:49 +0200: Memory Usage (451280K) : fgetch_drw has 0 polygons
2026-08-16 08:56:49 +0200: Memory Usage (451280K) : ctrgat_drw has 0 polygons
2026-08-16 08:56:49 +0200: Memory Usage (451280K) : fgimp_drw has 0 polygons
2026-08-16 08:56:49 +0200: Memory Usage (451280K) : emwihv_drw has 0 polygons
2026-08-16 08:56:49 +0200: Memory Usage (451280K) : lbe_drw has 0 polygons
2026-08-16 08:56:49 +0200: Memory Usage (451280K) : alcustop_drw has 0 polygons
2026-08-16 08:56:49 +0200: Memory Usage (451280K) : nometfiller_drw has 0 polygons
2026-08-16 08:56:49 +0200: Memory Usage (451408K) : prboundary_drw has 0 polygons
2026-08-16 08:56:49 +0200: Memory Usage (451408K) : exchange0_drw has 0 polygons
2026-08-16 08:56:49 +0200: Memory Usage (451408K) : exchange0_pin has 0 polygons
2026-08-16 08:56:49 +0200: Memory Usage (451408K) : exchange0_text has 0 polygons
2026-08-16 08:56:49 +0200: Memory Usage (451408K) : exchange1_drw has 0 polygons
2026-08-16 08:56:49 +0200: Memory Usage (451408K) : exchange1_pin has 0 polygons
2026-08-16 08:56:49 +0200: Memory Usage (451408K) : exchange1_text has 0 polygons
2026-08-16 08:56:49 +0200: Memory Usage (451408K) : exchange2_drw has 0 polygons
2026-08-16 08:56:49 +0200: Memory Usage (451408K) : exchange2_pin has 0 polygons
2026-08-16 08:56:49 +0200: Memory Usage (451408K) : exchange2_text has 0 polygons
2026-08-16 08:56:49 +0200: Memory Usage (451408K) : exchange3_drw has 0 polygons
2026-08-16 08:56:49 +0200: Memory Usage (451408K) : exchange3_pin has 0 polygons
2026-08-16 08:56:49 +0200: Memory Usage (451408K) : exchange3_text has 0 polygons
2026-08-16 08:56:49 +0200: Memory Usage (451408K) : exchange4_drw has 0 polygons
2026-08-16 08:56:49 +0200: Memory Usage (451408K) : exchange4_pin has 0 polygons
2026-08-16 08:56:49 +0200: Memory Usage (451408K) : exchange4_text has 0 polygons
2026-08-16 08:56:49 +0200: Memory Usage (451408K) : isonwell_drw has 0 polygons
2026-08-16 08:56:49 +0200: Memory Usage (451408K) : Total no. of polygons in the design is 1102
2026-08-16 08:56:49 +0200: Memory Usage (451408K) : Starting base layers derivations
2026-08-16 08:56:49 +0200: Memory Usage (451408K) : Starting general LVS derivations
2026-08-16 08:56:50 +0200: Memory Usage (454608K) : Starting MOSFET DERIVATIONS
2026-08-16 08:56:50 +0200: Memory Usage (454864K) : Starting NMOS DERIVATIONS
2026-08-16 08:56:50 +0200: Memory Usage (454864K) : Starting PMOS DERIVATIONS
2026-08-16 08:56:50 +0200: Memory Usage (454864K) : Starting RF-MOSFET DERIVATIONS
2026-08-16 08:56:50 +0200: Memory Usage (454864K) : Starting RF-NMOS DERIVATIONS
2026-08-16 08:56:50 +0200: Memory Usage (454864K) : Starting RF-PMOS DERIVATIONS
2026-08-16 08:56:50 +0200: Memory Usage (454864K) : Starting BJT DERIVATIONS
2026-08-16 08:56:50 +0200: Memory Usage (454864K) : Starting NPN-BJT DERIVATIONS
2026-08-16 08:56:50 +0200: Memory Usage (456400K) : Starting PNP-BJT DERIVATIONS
2026-08-16 08:56:51 +0200: Memory Usage (456400K) : Starting DIODE DERIVATIONS
2026-08-16 08:56:51 +0200: Memory Usage (456400K) : Starting RESISTOR DERIVATIONS
2026-08-16 08:56:51 +0200: Memory Usage (457168K) : Starting CAP DERIVATIONS
2026-08-16 08:56:51 +0200: Memory Usage (457296K) : Starting ESD DERIVATIONS
2026-08-16 08:56:52 +0200: Memory Usage (457296K) : Starting Inductor DERIVATIONS
2026-08-16 08:56:52 +0200: Memory Usage (460112K) : Starting Taps DERIVATIONS
2026-08-16 08:56:52 +0200: Memory Usage (460368K) : Starting SG13G2 LVS connectivity setup
2026-08-16 08:56:52 +0200: Memory Usage (460368K) : Starting SG13G2 LVS connectivity setup (Inter-layer)
2026-08-16 08:56:52 +0200: Memory Usage (460496K) : Starting SG13G2 LVS connectivity setup (Global)
2026-08-16 08:56:52 +0200: Memory Usage (460496K) : Starting LVS MOSFET CONNECTIONS
2026-08-16 08:56:52 +0200: Memory Usage (460496K) : Starting LVS RF-MOSFET CONNECTIONS
2026-08-16 08:56:52 +0200: Memory Usage (460496K) : Starting LVS BJT CONNECTIONS
2026-08-16 08:56:52 +0200: Memory Usage (460496K) : Starting LVS DIODE CONNECTIONS
2026-08-16 08:56:52 +0200: Memory Usage (460496K) : Starting RESISTOR CONNECTIONS
2026-08-16 08:56:52 +0200: Memory Usage (460496K) : Starting LVS CAP CONNECTIONS
2026-08-16 08:56:52 +0200: Memory Usage (460496K) : Starting ESD CONNECTIONS
2026-08-16 08:56:52 +0200: Memory Usage (460496K) : Starting Inductor CONNECTIONS
2026-08-16 08:56:52 +0200: Memory Usage (460496K) : Starting LVS Taps CONNECTIONS
2026-08-16 08:56:52 +0200: Memory Usage (460496K) : Starting SG13G2 LVS DEVICES EXTRACTION
2026-08-16 08:56:52 +0200: Memory Usage (460496K) : Starting MOSFET EXTRACTION
2026-08-16 08:56:52 +0200: Memory Usage (460496K) : Starting NMOS EXTRACTION
2026-08-16 08:56:52 +0200: Memory Usage (460496K) : Extraction of NMOS-LV transistor
2026-08-16 08:56:52 +0200: Memory Usage (460624K) : Extraction of NMOS-HV transistor
2026-08-16 08:56:52 +0200: Memory Usage (460624K) : Starting PMOS EXTRACTION
2026-08-16 08:56:52 +0200: Memory Usage (460624K) : Extraction of PMOS-LV transistor
2026-08-16 08:56:52 +0200: Memory Usage (460624K) : Extraction of PMOS-HV transistor
2026-08-16 08:56:52 +0200: Memory Usage (460624K) : Starting RF-MOSFET EXTRACTION
2026-08-16 08:56:52 +0200: Memory Usage (460624K) : Extraction of RF-NMOS-LV transistor
2026-08-16 08:56:52 +0200: Memory Usage (460752K) : Extraction of RF-NMOS-HV transistor
2026-08-16 08:56:52 +0200: Memory Usage (460752K) : Extraction of RF-PMOS-LV transistor
2026-08-16 08:56:52 +0200: Memory Usage (460752K) : Extraction of RF-PMOS-HV transistor
2026-08-16 08:56:52 +0200: Memory Usage (460752K) : Starting BJT EXTRACTION
2026-08-16 08:56:52 +0200: Memory Usage (460752K) : Starting NPN-BJT EXTRACTION
2026-08-16 08:56:52 +0200: Memory Usage (460752K) : Extraction of npn13G2 BJT transistor
2026-08-16 08:56:52 +0200: Memory Usage (460752K) : Extraction of npn13G2L BJT transistor
2026-08-16 08:56:52 +0200: Memory Usage (460752K) : Extraction of npn13G2V BJT transistor
2026-08-16 08:56:52 +0200: Memory Usage (460752K) : Starting PNP-BJT EXTRACTION
2026-08-16 08:56:52 +0200: Memory Usage (460752K) : Extracting pnpMPA BJT
2026-08-16 08:56:52 +0200: Memory Usage (460752K) : Starting DIODE EXTRACTION
2026-08-16 08:56:52 +0200: Memory Usage (460752K) : Extracting dantenna diode
2026-08-16 08:56:52 +0200: Memory Usage (460752K) : Extracting dpantenna diode
2026-08-16 08:56:52 +0200: Memory Usage (460752K) : Extracting schottky_nbl1 diode
2026-08-16 08:56:52 +0200: Memory Usage (460752K) : Extracting isolbox diode
2026-08-16 08:56:52 +0200: Memory Usage (460752K) : Starting RESISTOR EXTRACTION
2026-08-16 08:56:52 +0200: Memory Usage (460752K) : Extracting rsil resistor
2026-08-16 08:56:52 +0200: Memory Usage (460752K) : Extracting rppd resistor
2026-08-16 08:56:52 +0200: Memory Usage (460752K) : Extracting rhigh resistor
2026-08-16 08:56:52 +0200: Memory Usage (460752K) : Extracting res_metal1 resistor
2026-08-16 08:56:52 +0200: Memory Usage (460880K) : Extracting res_metal2 resistor
2026-08-16 08:56:52 +0200: Memory Usage (460880K) : Extracting res_metal3 resistor
2026-08-16 08:56:52 +0200: Memory Usage (460880K) : Extracting res_metal4 resistor
2026-08-16 08:56:52 +0200: Memory Usage (460880K) : Extracting res_metal5 resistor
2026-08-16 08:56:52 +0200: Memory Usage (460880K) : Extracting res_topmetal1 resistor
2026-08-16 08:56:52 +0200: Memory Usage (460880K) : Extracting res_topmetal2 resistor
2026-08-16 08:56:52 +0200: Memory Usage (460880K) : Starting CAP EXTRACTION
2026-08-16 08:56:52 +0200: Memory Usage (460880K) : Extracting cap_cmim device
2026-08-16 08:56:52 +0200: Memory Usage (460880K) : Extracting rfcmim device
2026-08-16 08:56:52 +0200: Memory Usage (460880K) : Extracting sg13_hv_svaricap varactor
2026-08-16 08:56:52 +0200: Memory Usage (460880K) : Starting ESD EXTRACTION
2026-08-16 08:56:52 +0200: Memory Usage (460880K) : Extracting diodevdd_2kv ESD device
2026-08-16 08:56:52 +0200: Memory Usage (460880K) : Extracting diodevdd_4kv ESD device
2026-08-16 08:56:52 +0200: Memory Usage (460880K) : Extracting diodevss_2kv ESD device
2026-08-16 08:56:52 +0200: Memory Usage (460880K) : Extracting diodevss_4kv ESD device
2026-08-16 08:56:52 +0200: Memory Usage (460880K) : Extracting idiodevdd_2kv ESD device
2026-08-16 08:56:52 +0200: Memory Usage (460880K) : Extracting idiodevdd_4kv ESD device
2026-08-16 08:56:52 +0200: Memory Usage (460880K) : Extracting idiodevss_2kv ESD device
2026-08-16 08:56:52 +0200: Memory Usage (460880K) : Extracting idiodevss_4kv ESD device
2026-08-16 08:56:52 +0200: Memory Usage (460880K) : Extracting nmoscl_2 ESD device
2026-08-16 08:56:52 +0200: Memory Usage (460880K) : Extracting nmoscl_4 ESD device
2026-08-16 08:56:52 +0200: Memory Usage (460880K) : Starting Inductor EXTRACTION
2026-08-16 08:56:52 +0200: Memory Usage (460880K) : Extracting Inductor2 device
2026-08-16 08:56:52 +0200: Memory Usage (460880K) : Extracting Inductor3 device
2026-08-16 08:56:52 +0200: Memory Usage (460880K) : Starting Taps EXTRACTION
2026-08-16 08:56:52 +0200: Memory Usage (460880K) : DISABLE_TAP_EXTRACTION is enabled: skipping ntap1/ptap1 device extraction.
2026-08-16 08:56:52 +0200: Memory Usage (460880K) : Starting SG13G2 LVS RF MOS Model Mapping
2026-08-16 08:56:52 +0200: Memory Usage (460880K) : [layout_netlist] Apply RF MOS model mapping and rfmode parameter.
2026-08-16 08:56:52 +0200: Memory Usage (460880K) : Starting SG13G2 LVS Options Preparations
2026-08-16 08:56:52 +0200: Memory Usage (460880K) : SG13G2 LVS flow: extraction -> alignment -> option preparation -> comparison.
2026-08-16 08:56:52 +0200: Memory Usage (460880K) : Starting SG13G2 LVS Alignment
2026-08-16 08:56:52 +0200: Memory Usage (461008K) : Starting SG13G2 LVS Simplification
2026-08-16 08:56:52 +0200: Memory Usage (461008K) : [layout_netlist] simplify: ENABLED
2026-08-16 08:56:52 +0200: Memory Usage (461008K) : [layout_netlist] make_top_level_pins: SKIPPED
2026-08-16 08:56:52 +0200: Memory Usage (461008K) : [layout_netlist] combine_devices: SKIPPED
2026-08-16 08:56:52 +0200: Memory Usage (461008K) : [layout_netlist] purge: SKIPPED
2026-08-16 08:56:52 +0200: Memory Usage (461008K) : [layout_netlist] purge_nets: SKIPPED
2026-08-16 08:56:52 +0200: Memory Usage (461008K) : [schematic_netlist] simplify: ENABLED
2026-08-16 08:56:52 +0200: Memory Usage (461008K) : [schematic_netlist] make_top_level_pins: SKIPPED
2026-08-16 08:56:52 +0200: Memory Usage (461008K) : [schematic_netlist] combine_devices: SKIPPED
2026-08-16 08:56:52 +0200: Memory Usage (461008K) : [schematic_netlist] purge: SKIPPED
2026-08-16 08:56:52 +0200: Memory Usage (461008K) : [schematic_netlist] purge_nets: SKIPPED
2026-08-16 08:56:52 +0200: Memory Usage (461008K) : Starting SG13G2 LVS Comparison in strict port mode.
2026-08-16 08:56:52 +0200: Memory Usage (461008K) : flag_missing_ports enabled: missing/mislabeled top-level ports are treated as errors.
2026-08-16 08:56:52 +0200: Memory Usage (461136K) : ==========================================
2026-08-16 08:56:52 +0200: Memory Usage (461136K) : INFO : Congratulations! Netlists match.
2026-08-16 08:56:52 +0200: Memory Usage (461136K) : ==========================================
2026-08-16 08:56:52 +0200: Memory Usage (461136K) : LVS Total Run time 5.323914 seconds
16-Aug-2026 08:56:54 | INFO    | ==============================================================================
16-Aug-2026 08:56:54 | INFO    | Important Summary
16-Aug-2026 08:56:54 | INFO    | +------------------+---------------------------------------------------------------+
16-Aug-2026 08:56:54 | INFO    | | Status           | PASS                                                          |
16-Aug-2026 08:56:54 | INFO    | | Mode             | COMPARE                                                       |
16-Aug-2026 08:56:54 | INFO    | | Outcome          | Comparison mode: PASS (netlists match).                       |
16-Aug-2026 08:56:54 | INFO    | | Layout           | bstrap40.gds                                                  |
16-Aug-2026 08:56:54 | INFO    | | Top Cell         | bstrap40                                                      |
16-Aug-2026 08:56:54 | INFO    | | Results Dir      | /foss/designs/sar-adc/layout/bs/lvs_bs40/bstrap40.klayout.lvs |
16-Aug-2026 08:56:54 | INFO    | | Warnings         | 0                                                             |
16-Aug-2026 08:56:54 | INFO    | | Errors           | 0                                                             |
16-Aug-2026 08:56:54 | INFO    | | Run Time (s)     | 19.156                                                        |
16-Aug-2026 08:56:54 | INFO    | +------------------+---------------------------------------------------------------+
16-Aug-2026 08:56:54 | INFO    | ==============================================================================
