16-Aug-2026 09:02:08 | INFO    | Your Klayout version is: KLayout 0.30.9 (required >= 0.30.5)
16-Aug-2026 09:02:08 | INFO    | Running SG13G2 LVS checks on design /foss/designs/sar-adc/layout/oa_sar8_acore13.gds on cell oa_sar8_acore13
2026-08-16 09:02:17 +0200: Memory Usage (444016K) : Starting running SG13G2 Klayout LVS runset on /foss/designs/sar-adc/layout/oa_sar8_acore13.gds
2026-08-16 09:02:17 +0200: Memory Usage (444016K) : Ruby Version for klayout: 3.2.3
2026-08-16 09:02:18 +0200: Memory Usage (445040K) : Loading database to memory is complete.
2026-08-16 09:02:18 +0200: Memory Usage (445040K) : SG13G2 Klayout LVS runset output at: /foss/designs/sar-adc/layout/lvs_a13/oa_sar8_acore13.klayout.lvs/oa_sar8_acore13.lvsdb
2026-08-16 09:02:18 +0200: Memory Usage (445040K) : Evaluate switches.
2026-08-16 09:02:18 +0200: Memory Usage (445040K) : Extracted netlist with net names: true
2026-08-16 09:02:18 +0200: Memory Usage (445040K) : Extracted netlist with comments in details: false
2026-08-16 09:02:18 +0200: Memory Usage (445040K) : Selected NET_ONLY option: false
2026-08-16 09:02:18 +0200: Memory Usage (445040K) : Selected LAYOUT_NETLIST option: (none)
2026-08-16 09:02:18 +0200: Memory Usage (445040K) : Selected IGNORE_TOP_PORTS_MISMATCH option: 
2026-08-16 09:02:18 +0200: Memory Usage (445040K) : Selected IMPLICIT_NETS option: (none)
2026-08-16 09:02:18 +0200: Memory Usage (445040K) : Selected TOP_LVL_PINS option: false
2026-08-16 09:02:18 +0200: Memory Usage (445040K) : Selected COMBINE DEVICES option: false
2026-08-16 09:02:18 +0200: Memory Usage (445040K) : Selected PURGE option: false
2026-08-16 09:02:18 +0200: Memory Usage (445040K) : Selected PURGE_NETS option: false
2026-08-16 09:02:18 +0200: Memory Usage (445040K) : Selected SIMPLIFY option: true
2026-08-16 09:02:18 +0200: Memory Usage (445040K) : Selected SERIES_RES option: true
2026-08-16 09:02:18 +0200: Memory Usage (445040K) : Selected PARALLEL_RES option: true
2026-08-16 09:02:18 +0200: Memory Usage (445040K) : Selected DISABLE_TAP_EXTRACTION option: true
2026-08-16 09:02:18 +0200: Memory Usage (445040K) : deep  mode is enabled.
2026-08-16 09:02:18 +0200: Memory Usage (446320K) : Netlist file: /foss/designs/sar-adc/layout/acore13.cdl
2026-08-16 09:02:18 +0200: Memory Usage (446320K) : LVS extracted netlist at: /foss/designs/sar-adc/layout/lvs_a13/oa_sar8_acore13.klayout.lvs/oa_sar8_acore13_extracted.cir
2026-08-16 09:02:18 +0200: Memory Usage (446320K) : Applying SRAM integration support.
2026-08-16 09:02:18 +0200: Memory Usage (446320K) : Starting SG13G2 LVS runset
2026-08-16 09:02:18 +0200: Memory Usage (446320K) : Read in polygons from layers.
2026-08-16 09:02:18 +0200: Memory Usage (447472K) : activ_drw has 395 polygons
2026-08-16 09:02:18 +0200: Memory Usage (447472K) : activ_filler has 0 polygons
2026-08-16 09:02:18 +0200: Memory Usage (447600K) : activ has 395 polygons
2026-08-16 09:02:18 +0200: Memory Usage (447600K) : activ_pin has 0 polygons
2026-08-16 09:02:18 +0200: Memory Usage (447600K) : activ_mask has 0 polygons
2026-08-16 09:02:18 +0200: Memory Usage (447600K) : activ_nofill has 0 polygons
2026-08-16 09:02:18 +0200: Memory Usage (447600K) : activ_OPC has 0 polygons
2026-08-16 09:02:18 +0200: Memory Usage (447600K) : activ_iOPC has 0 polygons
2026-08-16 09:02:18 +0200: Memory Usage (447728K) : activ_noqrc has 0 polygons
2026-08-16 09:02:18 +0200: Memory Usage (447728K) : biwind_drw has 0 polygons
2026-08-16 09:02:18 +0200: Memory Usage (447728K) : biwind_OPC has 0 polygons
2026-08-16 09:02:18 +0200: Memory Usage (447728K) : gatpoly_drw has 428 polygons
2026-08-16 09:02:18 +0200: Memory Usage (447728K) : gatpoly_filler has 0 polygons
2026-08-16 09:02:18 +0200: Memory Usage (447728K) : gatpoly has 428 polygons
2026-08-16 09:02:18 +0200: Memory Usage (447728K) : gatpoly_pin has 0 polygons
2026-08-16 09:02:18 +0200: Memory Usage (447728K) : gatpoly_nofill has 0 polygons
2026-08-16 09:02:18 +0200: Memory Usage (447728K) : gatpoly_OPC has 0 polygons
2026-08-16 09:02:18 +0200: Memory Usage (447856K) : gatpoly_iOPC has 0 polygons
2026-08-16 09:02:18 +0200: Memory Usage (447856K) : gatpoly_noqrc has 0 polygons
2026-08-16 09:02:18 +0200: Memory Usage (447984K) : cont_drw has 6042 polygons
2026-08-16 09:02:18 +0200: Memory Usage (447984K) : cont_OPC has 0 polygons
2026-08-16 09:02:18 +0200: Memory Usage (448112K) : nsd_drw has 0 polygons
2026-08-16 09:02:18 +0200: Memory Usage (448112K) : nsd_block has 0 polygons
2026-08-16 09:02:18 +0200: Memory Usage (448240K) : metal1_drw has 1540 polygons
2026-08-16 09:02:18 +0200: Memory Usage (448496K) : metal1_filler has 0 polygons
2026-08-16 09:02:18 +0200: Memory Usage (448624K) : metal1_slit has 0 polygons
2026-08-16 09:02:18 +0200: Memory Usage (448752K) : metal1 has 1540 polygons
2026-08-16 09:02:18 +0200: Memory Usage (448752K) : metal1_pin has 940 polygons
2026-08-16 09:02:18 +0200: Memory Usage (448752K) : metal1_mask has 0 polygons
2026-08-16 09:02:18 +0200: Memory Usage (448752K) : metal1_nofill has 0 polygons
2026-08-16 09:02:18 +0200: Memory Usage (449008K) : metal1_text has 68 polygons
2026-08-16 09:02:18 +0200: Memory Usage (449008K) : metal1_OPC has 0 polygons
2026-08-16 09:02:18 +0200: Memory Usage (449136K) : metal1_noqrc has 0 polygons
2026-08-16 09:02:18 +0200: Memory Usage (449136K) : metal1_res has 0 polygons
2026-08-16 09:02:18 +0200: Memory Usage (449264K) : metal1_iprobe has 0 polygons
2026-08-16 09:02:18 +0200: Memory Usage (449264K) : metal1_diffprb has 0 polygons
2026-08-16 09:02:18 +0200: Memory Usage (449392K) : passiv_drw has 0 polygons
2026-08-16 09:02:18 +0200: Memory Usage (449392K) : passiv_pin has 0 polygons
2026-08-16 09:02:18 +0200: Memory Usage (449520K) : passiv_sbump has 0 polygons
2026-08-16 09:02:18 +0200: Memory Usage (449648K) : passiv_pillar has 0 polygons
2026-08-16 09:02:18 +0200: Memory Usage (449648K) : passiv_pdl has 0 polygons
2026-08-16 09:02:18 +0200: Memory Usage (449776K) : metal2_drw has 2068 polygons
2026-08-16 09:02:18 +0200: Memory Usage (449904K) : metal2_filler has 0 polygons
2026-08-16 09:02:18 +0200: Memory Usage (449904K) : metal2_slit has 0 polygons
2026-08-16 09:02:18 +0200: Memory Usage (450032K) : metal2 has 2068 polygons
2026-08-16 09:02:18 +0200: Memory Usage (450160K) : metal2_pin has 2 polygons
2026-08-16 09:02:18 +0200: Memory Usage (450160K) : metal2_mask has 0 polygons
2026-08-16 09:02:18 +0200: Memory Usage (450288K) : metal2_nofill has 0 polygons
2026-08-16 09:02:18 +0200: Memory Usage (450288K) : metal2_text has 2 polygons
2026-08-16 09:02:18 +0200: Memory Usage (450416K) : metal2_OPC has 0 polygons
2026-08-16 09:02:18 +0200: Memory Usage (450416K) : metal2_noqrc has 0 polygons
2026-08-16 09:02:18 +0200: Memory Usage (450544K) : metal2_res has 0 polygons
2026-08-16 09:02:18 +0200: Memory Usage (450544K) : metal2_iprobe has 0 polygons
2026-08-16 09:02:18 +0200: Memory Usage (450672K) : metal2_diffprb has 0 polygons
2026-08-16 09:02:18 +0200: Memory Usage (450672K) : baspoly_drw has 0 polygons
2026-08-16 09:02:18 +0200: Memory Usage (450800K) : baspoly_pin has 0 polygons
2026-08-16 09:02:18 +0200: Memory Usage (450800K) : psd_drw has 109 polygons
2026-08-16 09:02:18 +0200: Memory Usage (450928K) : nldb_drw has 0 polygons
2026-08-16 09:02:18 +0200: Memory Usage (450928K) : digibnd_drw has 0 polygons
2026-08-16 09:02:18 +0200: Memory Usage (451056K) : via1_drw has 1251 polygons
2026-08-16 09:02:18 +0200: Memory Usage (451056K) : backmetal1_drw has 0 polygons
2026-08-16 09:02:18 +0200: Memory Usage (451184K) : backmetal1_pin has 0 polygons
2026-08-16 09:02:18 +0200: Memory Usage (451184K) : backmetal1_mask has 0 polygons
2026-08-16 09:02:18 +0200: Memory Usage (451312K) : backmetal1_filler has 0 polygons
2026-08-16 09:02:18 +0200: Memory Usage (451440K) : backmetal1_nofill has 0 polygons
2026-08-16 09:02:18 +0200: Memory Usage (451440K) : backmetal1_slit has 0 polygons
2026-08-16 09:02:18 +0200: Memory Usage (451568K) : backmetal1_text has 0 polygons
2026-08-16 09:02:18 +0200: Memory Usage (451696K) : backmetal1_OPC has 0 polygons
2026-08-16 09:02:18 +0200: Memory Usage (451696K) : backmetal1_noqrc has 0 polygons
2026-08-16 09:02:18 +0200: Memory Usage (451824K) : backmetal1_res has 0 polygons
2026-08-16 09:02:18 +0200: Memory Usage (451824K) : backmetal1_iprobe has 0 polygons
2026-08-16 09:02:18 +0200: Memory Usage (451952K) : backmetal1_diffprb has 0 polygons
2026-08-16 09:02:18 +0200: Memory Usage (451952K) : backpassiv_drw has 0 polygons
2026-08-16 09:02:18 +0200: Memory Usage (452080K) : res_drw has 0 polygons
2026-08-16 09:02:18 +0200: Memory Usage (452080K) : sram_drw has 0 polygons
2026-08-16 09:02:18 +0200: Memory Usage (452208K) : trans_drw has 0 polygons
2026-08-16 09:02:18 +0200: Memory Usage (452208K) : ind_drw has 0 polygons
2026-08-16 09:02:18 +0200: Memory Usage (452336K) : ind_pin has 0 polygons
2026-08-16 09:02:18 +0200: Memory Usage (452336K) : ind_text has 0 polygons
2026-08-16 09:02:18 +0200: Memory Usage (452464K) : salblock_drw has 0 polygons
2026-08-16 09:02:18 +0200: Memory Usage (452464K) : via2_drw has 710 polygons
2026-08-16 09:02:18 +0200: Memory Usage (452592K) : metal3_drw has 1073 polygons
2026-08-16 09:02:18 +0200: Memory Usage (452592K) : metal3_filler has 0 polygons
2026-08-16 09:02:18 +0200: Memory Usage (452720K) : metal3_slit has 0 polygons
2026-08-16 09:02:18 +0200: Memory Usage (452720K) : metal3 has 1073 polygons
2026-08-16 09:02:18 +0200: Memory Usage (452848K) : metal3_pin has 156 polygons
2026-08-16 09:02:18 +0200: Memory Usage (452848K) : metal3_mask has 0 polygons
2026-08-16 09:02:18 +0200: Memory Usage (452976K) : metal3_nofill has 0 polygons
2026-08-16 09:02:18 +0200: Memory Usage (452976K) : metal3_text has 156 polygons
2026-08-16 09:02:18 +0200: Memory Usage (453104K) : metal3_OPC has 0 polygons
2026-08-16 09:02:18 +0200: Memory Usage (453104K) : metal3_noqrc has 0 polygons
2026-08-16 09:02:18 +0200: Memory Usage (453232K) : metal3_res has 0 polygons
2026-08-16 09:02:18 +0200: Memory Usage (453232K) : metal3_iprobe has 0 polygons
2026-08-16 09:02:18 +0200: Memory Usage (453360K) : metal3_diffprb has 0 polygons
2026-08-16 09:02:18 +0200: Memory Usage (453360K) : nwell_drw has 50 polygons
2026-08-16 09:02:18 +0200: Memory Usage (453488K) : nwell_pin has 0 polygons
2026-08-16 09:02:18 +0200: Memory Usage (453488K) : nwell_text has 0 polygons
2026-08-16 09:02:18 +0200: Memory Usage (453488K) : nbulay_drw has 0 polygons
2026-08-16 09:02:18 +0200: Memory Usage (453616K) : nbulay_pin has 0 polygons
2026-08-16 09:02:18 +0200: Memory Usage (453616K) : nbulay_block has 0 polygons
2026-08-16 09:02:18 +0200: Memory Usage (453744K) : emwind_drw has 0 polygons
2026-08-16 09:02:18 +0200: Memory Usage (453744K) : emwind_OPC has 0 polygons
2026-08-16 09:02:18 +0200: Memory Usage (453872K) : deepco_drw has 0 polygons
2026-08-16 09:02:18 +0200: Memory Usage (453872K) : mim_drw has 514 polygons
2026-08-16 09:02:18 +0200: Memory Usage (454000K) : edgeseal_drw has 0 polygons
2026-08-16 09:02:18 +0200: Memory Usage (454000K) : substrate_drw has 0 polygons
2026-08-16 09:02:18 +0200: Memory Usage (454128K) : substrate_text has 0 polygons
2026-08-16 09:02:18 +0200: Memory Usage (454128K) : dfpad_drw has 0 polygons
2026-08-16 09:02:18 +0200: Memory Usage (454256K) : dfpad_pillar has 0 polygons
2026-08-16 09:02:18 +0200: Memory Usage (454256K) : dfpad_sbump has 0 polygons
2026-08-16 09:02:18 +0200: Memory Usage (454256K) : thickgateox_drw has 0 polygons
2026-08-16 09:02:18 +0200: Memory Usage (454256K) : pldb_drw has 0 polygons
2026-08-16 09:02:18 +0200: Memory Usage (454256K) : pwell_drw has 0 polygons
2026-08-16 09:02:18 +0200: Memory Usage (454256K) : pwell_pin has 0 polygons
2026-08-16 09:02:18 +0200: Memory Usage (454256K) : pwell_block has 0 polygons
2026-08-16 09:02:18 +0200: Memory Usage (454256K) : ic_drw has 0 polygons
2026-08-16 09:02:18 +0200: Memory Usage (454256K) : via3_drw has 248 polygons
2026-08-16 09:02:18 +0200: Memory Usage (454256K) : metal4_drw has 151 polygons
2026-08-16 09:02:18 +0200: Memory Usage (454256K) : metal4_filler has 0 polygons
2026-08-16 09:02:18 +0200: Memory Usage (454256K) : metal4_slit has 0 polygons
2026-08-16 09:02:18 +0200: Memory Usage (454256K) : metal4 has 151 polygons
2026-08-16 09:02:18 +0200: Memory Usage (454256K) : metal4_pin has 0 polygons
2026-08-16 09:02:18 +0200: Memory Usage (454256K) : metal4_mask has 0 polygons
2026-08-16 09:02:18 +0200: Memory Usage (454256K) : metal4_nofill has 0 polygons
2026-08-16 09:02:18 +0200: Memory Usage (454256K) : metal4_text has 0 polygons
2026-08-16 09:02:18 +0200: Memory Usage (454256K) : metal4_OPC has 0 polygons
2026-08-16 09:02:18 +0200: Memory Usage (454256K) : metal4_noqrc has 0 polygons
2026-08-16 09:02:18 +0200: Memory Usage (454256K) : metal4_res has 0 polygons
2026-08-16 09:02:18 +0200: Memory Usage (454256K) : metal4_iprobe has 0 polygons
2026-08-16 09:02:18 +0200: Memory Usage (454256K) : metal4_diffprb has 0 polygons
2026-08-16 09:02:18 +0200: Memory Usage (454256K) : heattrans_drw has 0 polygons
2026-08-16 09:02:18 +0200: Memory Usage (454256K) : heatres_drw has 0 polygons
2026-08-16 09:02:18 +0200: Memory Usage (454256K) : fbe_drw has 0 polygons
2026-08-16 09:02:18 +0200: Memory Usage (454256K) : empoly_drw has 0 polygons
2026-08-16 09:02:18 +0200: Memory Usage (454256K) : digisub_drw has 0 polygons
2026-08-16 09:02:18 +0200: Memory Usage (454256K) : text_drw has 1573 polygons
2026-08-16 09:02:18 +0200: Memory Usage (454256K) : via4_drw has 226 polygons
2026-08-16 09:02:18 +0200: Memory Usage (454256K) : metal5_drw has 827 polygons
2026-08-16 09:02:18 +0200: Memory Usage (454256K) : metal5_filler has 0 polygons
2026-08-16 09:02:18 +0200: Memory Usage (454256K) : metal5_slit has 0 polygons
2026-08-16 09:02:18 +0200: Memory Usage (454256K) : metal5 has 827 polygons
2026-08-16 09:02:18 +0200: Memory Usage (454256K) : metal5_pin has 0 polygons
2026-08-16 09:02:18 +0200: Memory Usage (454256K) : metal5_mask has 0 polygons
2026-08-16 09:02:18 +0200: Memory Usage (454256K) : metal5_nofill has 0 polygons
2026-08-16 09:02:18 +0200: Memory Usage (454256K) : metal5_text has 0 polygons
2026-08-16 09:02:18 +0200: Memory Usage (454256K) : metal5_OPC has 0 polygons
2026-08-16 09:02:18 +0200: Memory Usage (454256K) : metal5_noqrc has 0 polygons
2026-08-16 09:02:18 +0200: Memory Usage (454256K) : metal5_res has 0 polygons
2026-08-16 09:02:18 +0200: Memory Usage (454256K) : metal5_iprobe has 0 polygons
2026-08-16 09:02:18 +0200: Memory Usage (454256K) : metal5_diffprb has 0 polygons
2026-08-16 09:02:18 +0200: Memory Usage (454256K) : radhard_drw has 0 polygons
2026-08-16 09:02:18 +0200: Memory Usage (454256K) : memcap_drw has 0 polygons
2026-08-16 09:02:18 +0200: Memory Usage (454256K) : varicap_drw has 0 polygons
2026-08-16 09:02:18 +0200: Memory Usage (454256K) : intbondvia_drw has 0 polygons
2026-08-16 09:02:18 +0200: Memory Usage (454256K) : intbondmet_drw has 0 polygons
2026-08-16 09:02:18 +0200: Memory Usage (454256K) : devbondvia_drw has 0 polygons
2026-08-16 09:02:18 +0200: Memory Usage (454256K) : devbondmet_drw has 0 polygons
2026-08-16 09:02:18 +0200: Memory Usage (454256K) : devtrench_drw has 0 polygons
2026-08-16 09:02:18 +0200: Memory Usage (454256K) : redist_drw has 0 polygons
2026-08-16 09:02:18 +0200: Memory Usage (454256K) : graphbot_drw has 0 polygons
2026-08-16 09:02:18 +0200: Memory Usage (454256K) : graphtop_drw has 0 polygons
2026-08-16 09:02:18 +0200: Memory Usage (454256K) : antvia1_drw has 0 polygons
2026-08-16 09:02:18 +0200: Memory Usage (454256K) : antmetal2_drw has 0 polygons
2026-08-16 09:02:18 +0200: Memory Usage (454256K) : graphcont_drw has 0 polygons
2026-08-16 09:02:18 +0200: Memory Usage (454256K) : siwg_drw has 0 polygons
2026-08-16 09:02:18 +0200: Memory Usage (454256K) : siwg_filler has 0 polygons
2026-08-16 09:02:18 +0200: Memory Usage (454256K) : siwg_nofill has 0 polygons
2026-08-16 09:02:18 +0200: Memory Usage (454256K) : sigrating_drw has 0 polygons
2026-08-16 09:02:18 +0200: Memory Usage (454256K) : singrating_drw has 0 polygons
2026-08-16 09:02:18 +0200: Memory Usage (454256K) : graphpas_drw has 0 polygons
2026-08-16 09:02:18 +0200: Memory Usage (454256K) : emwind3_drw has 0 polygons
2026-08-16 09:02:18 +0200: Memory Usage (454256K) : emwihv3_drw has 0 polygons
2026-08-16 09:02:18 +0200: Memory Usage (454256K) : redbulay_drw has 0 polygons
2026-08-16 09:02:18 +0200: Memory Usage (454256K) : smos_drw has 0 polygons
2026-08-16 09:02:18 +0200: Memory Usage (454256K) : graphpad_drw has 0 polygons
2026-08-16 09:02:18 +0200: Memory Usage (454256K) : polimide_drw has 0 polygons
2026-08-16 09:02:18 +0200: Memory Usage (454256K) : polimide_pin has 0 polygons
2026-08-16 09:02:18 +0200: Memory Usage (454256K) : recog_drw has 0 polygons
2026-08-16 09:02:18 +0200: Memory Usage (454256K) : recog_pin has 0 polygons
2026-08-16 09:02:18 +0200: Memory Usage (454256K) : recog_esd has 0 polygons
2026-08-16 09:02:18 +0200: Memory Usage (454256K) : recog_diode has 0 polygons
2026-08-16 09:02:18 +0200: Memory Usage (454256K) : recog_tsv has 0 polygons
2026-08-16 09:02:18 +0200: Memory Usage (454256K) : recog_iprobe has 0 polygons
2026-08-16 09:02:18 +0200: Memory Usage (454256K) : recog_diffprb has 0 polygons
2026-08-16 09:02:18 +0200: Memory Usage (454256K) : recog_pillar has 0 polygons
2026-08-16 09:02:18 +0200: Memory Usage (454256K) : recog_sbump has 0 polygons
2026-08-16 09:02:18 +0200: Memory Usage (454256K) : recog_otp has 0 polygons
2026-08-16 09:02:18 +0200: Memory Usage (454256K) : recog_pdiode has 0 polygons
2026-08-16 09:02:18 +0200: Memory Usage (454256K) : recog_mom has 0 polygons
2026-08-16 09:02:18 +0200: Memory Usage (454256K) : recog_pcm has 0 polygons
2026-08-16 09:02:18 +0200: Memory Usage (454256K) : colopen_drw has 0 polygons
2026-08-16 09:02:18 +0200: Memory Usage (454256K) : graphmetal1_drw has 0 polygons
2026-08-16 09:02:18 +0200: Memory Usage (454256K) : graphmetal1_filler has 0 polygons
2026-08-16 09:02:18 +0200: Memory Usage (454256K) : graphmetal1_nofill has 0 polygons
2026-08-16 09:02:18 +0200: Memory Usage (454256K) : graphmetal1_slit has 0 polygons
2026-08-16 09:02:18 +0200: Memory Usage (454256K) : graphmetal1_OPC has 0 polygons
2026-08-16 09:02:18 +0200: Memory Usage (454256K) : graphmet1l_drw has 0 polygons
2026-08-16 09:02:18 +0200: Memory Usage (454256K) : graphmet1l_filler has 0 polygons
2026-08-16 09:02:18 +0200: Memory Usage (454256K) : graphmet1l_nofill has 0 polygons
2026-08-16 09:02:18 +0200: Memory Usage (454256K) : graphmet1l_slit has 0 polygons
2026-08-16 09:02:18 +0200: Memory Usage (454256K) : graphmet1l_OPC has 0 polygons
2026-08-16 09:02:18 +0200: Memory Usage (454256K) : extblock_drw has 0 polygons
2026-08-16 09:02:18 +0200: Memory Usage (454256K) : nldd_drw has 0 polygons
2026-08-16 09:02:18 +0200: Memory Usage (454256K) : pldd_drw has 0 polygons
2026-08-16 09:02:18 +0200: Memory Usage (454256K) : next_drw has 0 polygons
2026-08-16 09:02:18 +0200: Memory Usage (454256K) : pext_drw has 0 polygons
2026-08-16 09:02:18 +0200: Memory Usage (454256K) : nexthv_drw has 0 polygons
2026-08-16 09:02:18 +0200: Memory Usage (454256K) : pexthv_drw has 0 polygons
2026-08-16 09:02:18 +0200: Memory Usage (454256K) : graphgate_drw has 0 polygons
2026-08-16 09:02:18 +0200: Memory Usage (454256K) : sinwg_drw has 0 polygons
2026-08-16 09:02:18 +0200: Memory Usage (454256K) : sinwg_filler has 0 polygons
2026-08-16 09:02:18 +0200: Memory Usage (454256K) : sinwg_nofill has 0 polygons
2026-08-16 09:02:18 +0200: Memory Usage (454256K) : mempad_drw has 0 polygons
2026-08-16 09:02:18 +0200: Memory Usage (454256K) : topvia1_drw has 6 polygons
2026-08-16 09:02:18 +0200: Memory Usage (454384K) : topmetal1_drw has 566 polygons
2026-08-16 09:02:18 +0200: Memory Usage (454384K) : topmetal1_filler has 0 polygons
2026-08-16 09:02:18 +0200: Memory Usage (454512K) : topmetal1_slit has 0 polygons
2026-08-16 09:02:18 +0200: Memory Usage (454640K) : topmetal1 has 566 polygons
2026-08-16 09:02:18 +0200: Memory Usage (454640K) : topmetal1_pin has 2 polygons
2026-08-16 09:02:18 +0200: Memory Usage (454768K) : topmetal1_mask has 0 polygons
2026-08-16 09:02:18 +0200: Memory Usage (454768K) : topmetal1_nofill has 0 polygons
2026-08-16 09:02:18 +0200: Memory Usage (454768K) : topmetal1_text has 2 polygons
2026-08-16 09:02:18 +0200: Memory Usage (454896K) : topmetal1_noqrc has 0 polygons
2026-08-16 09:02:18 +0200: Memory Usage (454896K) : topmetal1_res has 0 polygons
2026-08-16 09:02:18 +0200: Memory Usage (455024K) : topmetal1_iprobe has 0 polygons
2026-08-16 09:02:18 +0200: Memory Usage (455024K) : topmetal1_diffprb has 0 polygons
2026-08-16 09:02:18 +0200: Memory Usage (455152K) : inldpwl_drw has 0 polygons
2026-08-16 09:02:18 +0200: Memory Usage (455152K) : polyres_drw has 0 polygons
2026-08-16 09:02:18 +0200: Memory Usage (455280K) : polyres_pin has 0 polygons
2026-08-16 09:02:18 +0200: Memory Usage (455280K) : vmim_drw has 946 polygons
2026-08-16 09:02:18 +0200: Memory Usage (455408K) : nbulaycut_drw has 0 polygons
2026-08-16 09:02:18 +0200: Memory Usage (455408K) : antmetal1_drw has 0 polygons
2026-08-16 09:02:18 +0200: Memory Usage (455536K) : topvia2_drw has 0 polygons
2026-08-16 09:02:18 +0200: Memory Usage (455536K) : topmetal2_drw has 0 polygons
2026-08-16 09:02:18 +0200: Memory Usage (455664K) : topmetal2_filler has 0 polygons
2026-08-16 09:02:18 +0200: Memory Usage (455664K) : topmetal2_slit has 0 polygons
2026-08-16 09:02:18 +0200: Memory Usage (455792K) : topmetal2 has 0 polygons
2026-08-16 09:02:18 +0200: Memory Usage (455792K) : topmetal2_pin has 0 polygons
2026-08-16 09:02:18 +0200: Memory Usage (455920K) : topmetal2_mask has 0 polygons
2026-08-16 09:02:18 +0200: Memory Usage (455920K) : topmetal2_nofill has 0 polygons
2026-08-16 09:02:18 +0200: Memory Usage (456048K) : topmetal2_text has 0 polygons
2026-08-16 09:02:18 +0200: Memory Usage (456048K) : topmetal2_noqrc has 0 polygons
2026-08-16 09:02:18 +0200: Memory Usage (456176K) : topmetal2_res has 0 polygons
2026-08-16 09:02:18 +0200: Memory Usage (456176K) : topmetal2_iprobe has 0 polygons
2026-08-16 09:02:18 +0200: Memory Usage (456304K) : topmetal2_diffprb has 0 polygons
2026-08-16 09:02:18 +0200: Memory Usage (456304K) : snsring_drw has 0 polygons
2026-08-16 09:02:18 +0200: Memory Usage (456432K) : sensor_drw has 0 polygons
2026-08-16 09:02:18 +0200: Memory Usage (456432K) : snsarms_drw has 0 polygons
2026-08-16 09:02:18 +0200: Memory Usage (456560K) : snscmosvia_drw has 0 polygons
2026-08-16 09:02:18 +0200: Memory Usage (456560K) : colwind_drw has 0 polygons
2026-08-16 09:02:18 +0200: Memory Usage (456688K) : flm_drw has 0 polygons
2026-08-16 09:02:18 +0200: Memory Usage (456688K) : hafniumox_drw has 0 polygons
2026-08-16 09:02:18 +0200: Memory Usage (456816K) : memvia_drw has 0 polygons
2026-08-16 09:02:18 +0200: Memory Usage (456816K) : thinfilmres_drw has 0 polygons
2026-08-16 09:02:18 +0200: Memory Usage (456944K) : rfmem_drw has 0 polygons
2026-08-16 09:02:18 +0200: Memory Usage (456944K) : norcx_drw has 0 polygons
2026-08-16 09:02:18 +0200: Memory Usage (457072K) : norcx_m2m3 has 0 polygons
2026-08-16 09:02:18 +0200: Memory Usage (457072K) : norcx_m2m4 has 0 polygons
2026-08-16 09:02:18 +0200: Memory Usage (457200K) : norcx_m2m5 has 0 polygons
2026-08-16 09:02:18 +0200: Memory Usage (457200K) : norcx_m2tm1 has 0 polygons
2026-08-16 09:02:18 +0200: Memory Usage (457200K) : norcx_m2tm2 has 0 polygons
2026-08-16 09:02:18 +0200: Memory Usage (457328K) : norcx_m3m4 has 0 polygons
2026-08-16 09:02:18 +0200: Memory Usage (457328K) : norcx_m3m5 has 0 polygons
2026-08-16 09:02:18 +0200: Memory Usage (457456K) : norcx_m3tm1 has 0 polygons
2026-08-16 09:02:18 +0200: Memory Usage (457456K) : norcx_m3tm2 has 0 polygons
2026-08-16 09:02:18 +0200: Memory Usage (457584K) : norcx_m4m5 has 0 polygons
2026-08-16 09:02:18 +0200: Memory Usage (457584K) : norcx_m4tm1 has 0 polygons
2026-08-16 09:02:18 +0200: Memory Usage (457712K) : norcx_m4tm2 has 0 polygons
2026-08-16 09:02:18 +0200: Memory Usage (457712K) : norcx_m5tm1 has 0 polygons
2026-08-16 09:02:18 +0200: Memory Usage (457712K) : norcx_m5tm2 has 0 polygons
2026-08-16 09:02:18 +0200: Memory Usage (457712K) : norcx_tm1tm2 has 0 polygons
2026-08-16 09:02:18 +0200: Memory Usage (457712K) : norcx_m1sub has 0 polygons
2026-08-16 09:02:18 +0200: Memory Usage (457712K) : norcx_m2sub has 0 polygons
2026-08-16 09:02:19 +0200: Memory Usage (457712K) : norcx_m3sub has 0 polygons
2026-08-16 09:02:19 +0200: Memory Usage (457712K) : norcx_m4sub has 0 polygons
2026-08-16 09:02:19 +0200: Memory Usage (457712K) : norcx_m5sub has 0 polygons
2026-08-16 09:02:19 +0200: Memory Usage (457712K) : norcx_tm1sub has 0 polygons
2026-08-16 09:02:19 +0200: Memory Usage (457712K) : norcx_tm2sub has 0 polygons
2026-08-16 09:02:19 +0200: Memory Usage (457712K) : snsbotvia_drw has 0 polygons
2026-08-16 09:02:19 +0200: Memory Usage (457712K) : snstopvia_drw has 0 polygons
2026-08-16 09:02:19 +0200: Memory Usage (457712K) : deepvia_drw has 0 polygons
2026-08-16 09:02:19 +0200: Memory Usage (457712K) : fgetch_drw has 0 polygons
2026-08-16 09:02:19 +0200: Memory Usage (457712K) : ctrgat_drw has 0 polygons
2026-08-16 09:02:19 +0200: Memory Usage (457712K) : fgimp_drw has 0 polygons
2026-08-16 09:02:19 +0200: Memory Usage (457712K) : emwihv_drw has 0 polygons
2026-08-16 09:02:19 +0200: Memory Usage (457712K) : lbe_drw has 0 polygons
2026-08-16 09:02:19 +0200: Memory Usage (457712K) : alcustop_drw has 0 polygons
2026-08-16 09:02:19 +0200: Memory Usage (457712K) : nometfiller_drw has 0 polygons
2026-08-16 09:02:19 +0200: Memory Usage (457712K) : prboundary_drw has 0 polygons
2026-08-16 09:02:19 +0200: Memory Usage (457712K) : exchange0_drw has 0 polygons
2026-08-16 09:02:19 +0200: Memory Usage (457712K) : exchange0_pin has 0 polygons
2026-08-16 09:02:19 +0200: Memory Usage (457712K) : exchange0_text has 0 polygons
2026-08-16 09:02:19 +0200: Memory Usage (457712K) : exchange1_drw has 0 polygons
2026-08-16 09:02:19 +0200: Memory Usage (457712K) : exchange1_pin has 0 polygons
2026-08-16 09:02:19 +0200: Memory Usage (457712K) : exchange1_text has 0 polygons
2026-08-16 09:02:19 +0200: Memory Usage (457712K) : exchange2_drw has 0 polygons
2026-08-16 09:02:19 +0200: Memory Usage (457712K) : exchange2_pin has 0 polygons
2026-08-16 09:02:19 +0200: Memory Usage (457712K) : exchange2_text has 0 polygons
2026-08-16 09:02:19 +0200: Memory Usage (457712K) : exchange3_drw has 0 polygons
2026-08-16 09:02:19 +0200: Memory Usage (457712K) : exchange3_pin has 0 polygons
2026-08-16 09:02:19 +0200: Memory Usage (457712K) : exchange3_text has 0 polygons
2026-08-16 09:02:19 +0200: Memory Usage (457712K) : exchange4_drw has 0 polygons
2026-08-16 09:02:19 +0200: Memory Usage (457712K) : exchange4_pin has 0 polygons
2026-08-16 09:02:19 +0200: Memory Usage (457712K) : exchange4_text has 0 polygons
2026-08-16 09:02:19 +0200: Memory Usage (457712K) : isonwell_drw has 0 polygons
2026-08-16 09:02:19 +0200: Memory Usage (457712K) : Total no. of polygons in the design is 20051
2026-08-16 09:02:19 +0200: Memory Usage (457712K) : Starting base layers derivations
2026-08-16 09:02:19 +0200: Memory Usage (457712K) : Starting general LVS derivations
2026-08-16 09:02:19 +0200: Memory Usage (461168K) : Starting MOSFET DERIVATIONS
2026-08-16 09:02:19 +0200: Memory Usage (461424K) : Starting NMOS DERIVATIONS
2026-08-16 09:02:19 +0200: Memory Usage (461424K) : Starting PMOS DERIVATIONS
2026-08-16 09:02:19 +0200: Memory Usage (461424K) : Starting RF-MOSFET DERIVATIONS
2026-08-16 09:02:19 +0200: Memory Usage (461424K) : Starting RF-NMOS DERIVATIONS
2026-08-16 09:02:19 +0200: Memory Usage (461424K) : Starting RF-PMOS DERIVATIONS
2026-08-16 09:02:19 +0200: Memory Usage (461424K) : Starting BJT DERIVATIONS
2026-08-16 09:02:19 +0200: Memory Usage (461424K) : Starting NPN-BJT DERIVATIONS
2026-08-16 09:02:20 +0200: Memory Usage (461424K) : Starting PNP-BJT DERIVATIONS
2026-08-16 09:02:20 +0200: Memory Usage (461424K) : Starting DIODE DERIVATIONS
2026-08-16 09:02:20 +0200: Memory Usage (461424K) : Starting RESISTOR DERIVATIONS
2026-08-16 09:02:20 +0200: Memory Usage (462064K) : Starting CAP DERIVATIONS
2026-08-16 09:02:20 +0200: Memory Usage (462192K) : Starting ESD DERIVATIONS
2026-08-16 09:02:21 +0200: Memory Usage (462192K) : Starting Inductor DERIVATIONS
2026-08-16 09:02:21 +0200: Memory Usage (462192K) : Starting Taps DERIVATIONS
2026-08-16 09:02:22 +0200: Memory Usage (462192K) : Starting SG13G2 LVS connectivity setup
2026-08-16 09:02:22 +0200: Memory Usage (462192K) : Starting SG13G2 LVS connectivity setup (Inter-layer)
2026-08-16 09:02:22 +0200: Memory Usage (462320K) : Starting SG13G2 LVS connectivity setup (Global)
2026-08-16 09:02:22 +0200: Memory Usage (462320K) : Starting LVS MOSFET CONNECTIONS
2026-08-16 09:02:22 +0200: Memory Usage (462320K) : Starting LVS RF-MOSFET CONNECTIONS
2026-08-16 09:02:22 +0200: Memory Usage (462320K) : Starting LVS BJT CONNECTIONS
2026-08-16 09:02:22 +0200: Memory Usage (462320K) : Starting LVS DIODE CONNECTIONS
2026-08-16 09:02:22 +0200: Memory Usage (462320K) : Starting RESISTOR CONNECTIONS
2026-08-16 09:02:22 +0200: Memory Usage (462320K) : Starting LVS CAP CONNECTIONS
2026-08-16 09:02:22 +0200: Memory Usage (462320K) : Starting ESD CONNECTIONS
2026-08-16 09:02:22 +0200: Memory Usage (462320K) : Starting Inductor CONNECTIONS
2026-08-16 09:02:22 +0200: Memory Usage (462320K) : Starting LVS Taps CONNECTIONS
2026-08-16 09:02:22 +0200: Memory Usage (462320K) : Starting SG13G2 LVS DEVICES EXTRACTION
2026-08-16 09:02:22 +0200: Memory Usage (462320K) : Starting MOSFET EXTRACTION
2026-08-16 09:02:22 +0200: Memory Usage (462320K) : Starting NMOS EXTRACTION
2026-08-16 09:02:22 +0200: Memory Usage (462320K) : Extraction of NMOS-LV transistor
2026-08-16 09:02:22 +0200: Memory Usage (462320K) : Extraction of NMOS-HV transistor
2026-08-16 09:02:22 +0200: Memory Usage (462320K) : Starting PMOS EXTRACTION
2026-08-16 09:02:22 +0200: Memory Usage (462320K) : Extraction of PMOS-LV transistor
2026-08-16 09:02:22 +0200: Memory Usage (462320K) : Extraction of PMOS-HV transistor
2026-08-16 09:02:22 +0200: Memory Usage (462320K) : Starting RF-MOSFET EXTRACTION
2026-08-16 09:02:22 +0200: Memory Usage (462320K) : Extraction of RF-NMOS-LV transistor
2026-08-16 09:02:22 +0200: Memory Usage (462448K) : Extraction of RF-NMOS-HV transistor
2026-08-16 09:02:22 +0200: Memory Usage (462448K) : Extraction of RF-PMOS-LV transistor
2026-08-16 09:02:22 +0200: Memory Usage (462448K) : Extraction of RF-PMOS-HV transistor
2026-08-16 09:02:22 +0200: Memory Usage (462448K) : Starting BJT EXTRACTION
2026-08-16 09:02:22 +0200: Memory Usage (462448K) : Starting NPN-BJT EXTRACTION
2026-08-16 09:02:22 +0200: Memory Usage (462448K) : Extraction of npn13G2 BJT transistor
2026-08-16 09:02:22 +0200: Memory Usage (462448K) : Extraction of npn13G2L BJT transistor
2026-08-16 09:02:22 +0200: Memory Usage (462448K) : Extraction of npn13G2V BJT transistor
2026-08-16 09:02:22 +0200: Memory Usage (462448K) : Starting PNP-BJT EXTRACTION
2026-08-16 09:02:22 +0200: Memory Usage (462448K) : Extracting pnpMPA BJT
2026-08-16 09:02:22 +0200: Memory Usage (462448K) : Starting DIODE EXTRACTION
2026-08-16 09:02:22 +0200: Memory Usage (462448K) : Extracting dantenna diode
2026-08-16 09:02:22 +0200: Memory Usage (462448K) : Extracting dpantenna diode
2026-08-16 09:02:22 +0200: Memory Usage (462448K) : Extracting schottky_nbl1 diode
2026-08-16 09:02:22 +0200: Memory Usage (462448K) : Extracting isolbox diode
2026-08-16 09:02:22 +0200: Memory Usage (462448K) : Starting RESISTOR EXTRACTION
2026-08-16 09:02:22 +0200: Memory Usage (462448K) : Extracting rsil resistor
2026-08-16 09:02:22 +0200: Memory Usage (462448K) : Extracting rppd resistor
2026-08-16 09:02:22 +0200: Memory Usage (462448K) : Extracting rhigh resistor
2026-08-16 09:02:22 +0200: Memory Usage (462448K) : Extracting res_metal1 resistor
2026-08-16 09:02:22 +0200: Memory Usage (462576K) : Extracting res_metal2 resistor
2026-08-16 09:02:22 +0200: Memory Usage (462576K) : Extracting res_metal3 resistor
2026-08-16 09:02:22 +0200: Memory Usage (462576K) : Extracting res_metal4 resistor
2026-08-16 09:02:22 +0200: Memory Usage (462576K) : Extracting res_metal5 resistor
2026-08-16 09:02:22 +0200: Memory Usage (462576K) : Extracting res_topmetal1 resistor
2026-08-16 09:02:22 +0200: Memory Usage (462576K) : Extracting res_topmetal2 resistor
2026-08-16 09:02:22 +0200: Memory Usage (462576K) : Starting CAP EXTRACTION
2026-08-16 09:02:22 +0200: Memory Usage (462576K) : Extracting cap_cmim device
2026-08-16 09:02:22 +0200: Memory Usage (462576K) : Extracting rfcmim device
2026-08-16 09:02:22 +0200: Memory Usage (462576K) : Extracting sg13_hv_svaricap varactor
2026-08-16 09:02:22 +0200: Memory Usage (462576K) : Starting ESD EXTRACTION
2026-08-16 09:02:22 +0200: Memory Usage (462576K) : Extracting diodevdd_2kv ESD device
2026-08-16 09:02:22 +0200: Memory Usage (462576K) : Extracting diodevdd_4kv ESD device
2026-08-16 09:02:22 +0200: Memory Usage (462576K) : Extracting diodevss_2kv ESD device
2026-08-16 09:02:22 +0200: Memory Usage (462576K) : Extracting diodevss_4kv ESD device
2026-08-16 09:02:22 +0200: Memory Usage (462576K) : Extracting idiodevdd_2kv ESD device
2026-08-16 09:02:22 +0200: Memory Usage (462576K) : Extracting idiodevdd_4kv ESD device
2026-08-16 09:02:22 +0200: Memory Usage (462576K) : Extracting idiodevss_2kv ESD device
2026-08-16 09:02:22 +0200: Memory Usage (462576K) : Extracting idiodevss_4kv ESD device
2026-08-16 09:02:22 +0200: Memory Usage (462576K) : Extracting nmoscl_2 ESD device
2026-08-16 09:02:22 +0200: Memory Usage (462576K) : Extracting nmoscl_4 ESD device
2026-08-16 09:02:22 +0200: Memory Usage (462576K) : Starting Inductor EXTRACTION
2026-08-16 09:02:22 +0200: Memory Usage (462576K) : Extracting Inductor2 device
2026-08-16 09:02:22 +0200: Memory Usage (462576K) : Extracting Inductor3 device
2026-08-16 09:02:22 +0200: Memory Usage (462576K) : Starting Taps EXTRACTION
2026-08-16 09:02:22 +0200: Memory Usage (462576K) : DISABLE_TAP_EXTRACTION is enabled: skipping ntap1/ptap1 device extraction.
2026-08-16 09:02:22 +0200: Memory Usage (462576K) : Starting SG13G2 LVS RF MOS Model Mapping
2026-08-16 09:02:22 +0200: Memory Usage (462576K) : [layout_netlist] Apply RF MOS model mapping and rfmode parameter.
2026-08-16 09:02:22 +0200: Memory Usage (462576K) : Starting SG13G2 LVS Options Preparations
2026-08-16 09:02:22 +0200: Memory Usage (462576K) : SG13G2 LVS flow: extraction -> alignment -> option preparation -> comparison.
2026-08-16 09:02:22 +0200: Memory Usage (462576K) : Starting SG13G2 LVS Alignment
2026-08-16 09:02:22 +0200: Memory Usage (462704K) : Starting SG13G2 LVS Simplification
2026-08-16 09:02:22 +0200: Memory Usage (462704K) : [layout_netlist] simplify: ENABLED
2026-08-16 09:02:22 +0200: Memory Usage (462704K) : [layout_netlist] make_top_level_pins: SKIPPED
2026-08-16 09:02:22 +0200: Memory Usage (462704K) : [layout_netlist] combine_devices: SKIPPED
2026-08-16 09:02:22 +0200: Memory Usage (462704K) : [layout_netlist] purge: SKIPPED
2026-08-16 09:02:22 +0200: Memory Usage (462704K) : [layout_netlist] purge_nets: SKIPPED
2026-08-16 09:02:22 +0200: Memory Usage (462704K) : [schematic_netlist] simplify: ENABLED
2026-08-16 09:02:22 +0200: Memory Usage (462704K) : [schematic_netlist] make_top_level_pins: SKIPPED
2026-08-16 09:02:22 +0200: Memory Usage (462704K) : [schematic_netlist] combine_devices: SKIPPED
2026-08-16 09:02:22 +0200: Memory Usage (462704K) : [schematic_netlist] purge: SKIPPED
2026-08-16 09:02:22 +0200: Memory Usage (462704K) : [schematic_netlist] purge_nets: SKIPPED
2026-08-16 09:02:22 +0200: Memory Usage (462704K) : Starting SG13G2 LVS Comparison in strict port mode.
2026-08-16 09:02:22 +0200: Memory Usage (462704K) : flag_missing_ports enabled: missing/mislabeled top-level ports are treated as errors.
2026-08-16 09:02:22 +0200: Memory Usage (462832K) : ==========================================
2026-08-16 09:02:22 +0200: Memory Usage (462832K) : INFO : Congratulations! Netlists match.
2026-08-16 09:02:22 +0200: Memory Usage (462832K) : ==========================================
2026-08-16 09:02:22 +0200: Memory Usage (462832K) : LVS Total Run time 4.978034 seconds
16-Aug-2026 09:02:25 | INFO    | ==============================================================================
16-Aug-2026 09:02:25 | INFO    | Important Summary
16-Aug-2026 09:02:25 | INFO    | +------------------+------------------------------------------------------------------+
16-Aug-2026 09:02:25 | INFO    | | Status           | PASS                                                             |
16-Aug-2026 09:02:25 | INFO    | | Mode             | COMPARE                                                          |
16-Aug-2026 09:02:25 | INFO    | | Outcome          | Comparison mode: PASS (netlists match).                          |
16-Aug-2026 09:02:25 | INFO    | | Layout           | oa_sar8_acore13.gds                                              |
16-Aug-2026 09:02:25 | INFO    | | Top Cell         | oa_sar8_acore13                                                  |
16-Aug-2026 09:02:25 | INFO    | | Results Dir      | /foss/designs/sar-adc/layout/lvs_a13/oa_sar8_acore13.klayout.lvs |
16-Aug-2026 09:02:25 | INFO    | | Warnings         | 0                                                                |
16-Aug-2026 09:02:25 | INFO    | | Errors           | 0                                                                |
16-Aug-2026 09:02:25 | INFO    | | Run Time (s)     | 17.396                                                           |
16-Aug-2026 09:02:25 | INFO    | +------------------+------------------------------------------------------------------+
16-Aug-2026 09:02:25 | INFO    | ==============================================================================
