# Logfile created on 2026-08-16 09:06:49 +0200 by logger.rb/v1.5.3
2026-08-16 09:06:49 +0200: Memory Usage (443912K) : Starting running SG13G2 Klayout LVS runset on /foss/designs/sar-adc/layout/oa_sar8_core16.gds
2026-08-16 09:06:49 +0200: Memory Usage (443912K) : Ruby Version for klayout: 3.2.3
2026-08-16 09:06:49 +0200: Memory Usage (445064K) : Loading database to memory is complete.
2026-08-16 09:06:49 +0200: Memory Usage (445064K) : SG13G2 Klayout LVS runset output at: /foss/designs/sar-adc/layout/lvs_c16/oa_sar8_core16.klayout.lvs/oa_sar8_core16.lvsdb
2026-08-16 09:06:49 +0200: Memory Usage (445064K) : Evaluate switches.
2026-08-16 09:06:49 +0200: Memory Usage (445064K) : Extracted netlist with net names: true
2026-08-16 09:06:49 +0200: Memory Usage (445064K) : Extracted netlist with comments in details: false
2026-08-16 09:06:49 +0200: Memory Usage (445064K) : Selected NET_ONLY option: false
2026-08-16 09:06:49 +0200: Memory Usage (445064K) : Selected LAYOUT_NETLIST option: (none)
2026-08-16 09:06:49 +0200: Memory Usage (445064K) : Selected IGNORE_TOP_PORTS_MISMATCH option: 
2026-08-16 09:06:49 +0200: Memory Usage (445064K) : Selected IMPLICIT_NETS option: (none)
2026-08-16 09:06:49 +0200: Memory Usage (445064K) : Selected TOP_LVL_PINS option: false
2026-08-16 09:06:49 +0200: Memory Usage (445064K) : Selected COMBINE DEVICES option: false
2026-08-16 09:06:49 +0200: Memory Usage (445064K) : Selected PURGE option: false
2026-08-16 09:06:49 +0200: Memory Usage (445064K) : Selected PURGE_NETS option: false
2026-08-16 09:06:49 +0200: Memory Usage (445064K) : Selected SIMPLIFY option: true
2026-08-16 09:06:49 +0200: Memory Usage (445064K) : Selected SERIES_RES option: true
2026-08-16 09:06:49 +0200: Memory Usage (445064K) : Selected PARALLEL_RES option: true
2026-08-16 09:06:49 +0200: Memory Usage (445064K) : Selected DISABLE_TAP_EXTRACTION option: true
2026-08-16 09:06:49 +0200: Memory Usage (445064K) : deep  mode is enabled.
2026-08-16 09:06:49 +0200: Memory Usage (448648K) : Netlist file: /foss/designs/sar-adc/layout/core16_full.cdl
2026-08-16 09:06:49 +0200: Memory Usage (448648K) : LVS extracted netlist at: /foss/designs/sar-adc/layout/lvs_c16/oa_sar8_core16.klayout.lvs/oa_sar8_core16_extracted.cir
2026-08-16 09:06:49 +0200: Memory Usage (448648K) : Applying SRAM integration support.
2026-08-16 09:06:49 +0200: Memory Usage (448648K) : Starting SG13G2 LVS runset
2026-08-16 09:06:49 +0200: Memory Usage (448648K) : Read in polygons from layers.
2026-08-16 09:06:49 +0200: Memory Usage (450056K) : activ_drw has 1859 polygons
2026-08-16 09:06:49 +0200: Memory Usage (450056K) : activ_filler has 0 polygons
2026-08-16 09:06:49 +0200: Memory Usage (450184K) : activ has 1859 polygons
2026-08-16 09:06:49 +0200: Memory Usage (450184K) : activ_pin has 0 polygons
2026-08-16 09:06:49 +0200: Memory Usage (450312K) : activ_mask has 0 polygons
2026-08-16 09:06:50 +0200: Memory Usage (450312K) : activ_nofill has 0 polygons
2026-08-16 09:06:50 +0200: Memory Usage (450312K) : activ_OPC has 0 polygons
2026-08-16 09:06:50 +0200: Memory Usage (450312K) : activ_iOPC has 0 polygons
2026-08-16 09:06:50 +0200: Memory Usage (450312K) : activ_noqrc has 0 polygons
2026-08-16 09:06:50 +0200: Memory Usage (450312K) : biwind_drw has 0 polygons
2026-08-16 09:06:50 +0200: Memory Usage (450440K) : biwind_OPC has 0 polygons
2026-08-16 09:06:50 +0200: Memory Usage (450440K) : gatpoly_drw has 1928 polygons
2026-08-16 09:06:50 +0200: Memory Usage (450440K) : gatpoly_filler has 0 polygons
2026-08-16 09:06:50 +0200: Memory Usage (450568K) : gatpoly has 1928 polygons
2026-08-16 09:06:50 +0200: Memory Usage (450568K) : gatpoly_pin has 0 polygons
2026-08-16 09:06:50 +0200: Memory Usage (450568K) : gatpoly_nofill has 0 polygons
2026-08-16 09:06:50 +0200: Memory Usage (450696K) : gatpoly_OPC has 0 polygons
2026-08-16 09:06:50 +0200: Memory Usage (450696K) : gatpoly_iOPC has 0 polygons
2026-08-16 09:06:50 +0200: Memory Usage (450824K) : gatpoly_noqrc has 0 polygons
2026-08-16 09:06:50 +0200: Memory Usage (450952K) : cont_drw has 16142 polygons
2026-08-16 09:06:50 +0200: Memory Usage (450952K) : cont_OPC has 0 polygons
2026-08-16 09:06:50 +0200: Memory Usage (450952K) : nsd_drw has 0 polygons
2026-08-16 09:06:50 +0200: Memory Usage (451080K) : nsd_block has 0 polygons
2026-08-16 09:06:50 +0200: Memory Usage (451208K) : metal1_drw has 4928 polygons
2026-08-16 09:06:50 +0200: Memory Usage (451336K) : metal1_filler has 0 polygons
2026-08-16 09:06:50 +0200: Memory Usage (451336K) : metal1_slit has 0 polygons
2026-08-16 09:06:50 +0200: Memory Usage (451464K) : metal1 has 4928 polygons
2026-08-16 09:06:50 +0200: Memory Usage (451592K) : metal1_pin has 2229 polygons
2026-08-16 09:06:50 +0200: Memory Usage (451592K) : metal1_mask has 0 polygons
2026-08-16 09:06:50 +0200: Memory Usage (451720K) : metal1_nofill has 0 polygons
2026-08-16 09:06:50 +0200: Memory Usage (451976K) : metal1_text has 1311 polygons
2026-08-16 09:06:50 +0200: Memory Usage (451976K) : metal1_OPC has 0 polygons
2026-08-16 09:06:50 +0200: Memory Usage (452104K) : metal1_noqrc has 0 polygons
2026-08-16 09:06:50 +0200: Memory Usage (452104K) : metal1_res has 0 polygons
2026-08-16 09:06:50 +0200: Memory Usage (452232K) : metal1_iprobe has 0 polygons
2026-08-16 09:06:50 +0200: Memory Usage (452232K) : metal1_diffprb has 0 polygons
2026-08-16 09:06:50 +0200: Memory Usage (452360K) : passiv_drw has 0 polygons
2026-08-16 09:06:50 +0200: Memory Usage (452360K) : passiv_pin has 0 polygons
2026-08-16 09:06:50 +0200: Memory Usage (452488K) : passiv_sbump has 0 polygons
2026-08-16 09:06:50 +0200: Memory Usage (452488K) : passiv_pillar has 0 polygons
2026-08-16 09:06:50 +0200: Memory Usage (452616K) : passiv_pdl has 0 polygons
2026-08-16 09:06:50 +0200: Memory Usage (452616K) : metal2_drw has 4609 polygons
2026-08-16 09:06:50 +0200: Memory Usage (452744K) : metal2_filler has 0 polygons
2026-08-16 09:06:50 +0200: Memory Usage (452744K) : metal2_slit has 0 polygons
2026-08-16 09:06:50 +0200: Memory Usage (453000K) : metal2 has 4609 polygons
2026-08-16 09:06:50 +0200: Memory Usage (453000K) : metal2_pin has 31 polygons
2026-08-16 09:06:50 +0200: Memory Usage (453128K) : metal2_mask has 0 polygons
2026-08-16 09:06:50 +0200: Memory Usage (453128K) : metal2_nofill has 0 polygons
2026-08-16 09:06:50 +0200: Memory Usage (453128K) : metal2_text has 31 polygons
2026-08-16 09:06:50 +0200: Memory Usage (453256K) : metal2_OPC has 0 polygons
2026-08-16 09:06:50 +0200: Memory Usage (453256K) : metal2_noqrc has 0 polygons
2026-08-16 09:06:50 +0200: Memory Usage (453384K) : metal2_res has 0 polygons
2026-08-16 09:06:50 +0200: Memory Usage (453384K) : metal2_iprobe has 0 polygons
2026-08-16 09:06:50 +0200: Memory Usage (453512K) : metal2_diffprb has 0 polygons
2026-08-16 09:06:50 +0200: Memory Usage (453512K) : baspoly_drw has 0 polygons
2026-08-16 09:06:50 +0200: Memory Usage (453640K) : baspoly_pin has 0 polygons
2026-08-16 09:06:50 +0200: Memory Usage (453640K) : psd_drw has 714 polygons
2026-08-16 09:06:50 +0200: Memory Usage (453768K) : nldb_drw has 0 polygons
2026-08-16 09:06:50 +0200: Memory Usage (453768K) : digibnd_drw has 0 polygons
2026-08-16 09:06:50 +0200: Memory Usage (453896K) : via1_drw has 2022 polygons
2026-08-16 09:06:50 +0200: Memory Usage (453896K) : backmetal1_drw has 0 polygons
2026-08-16 09:06:50 +0200: Memory Usage (454024K) : backmetal1_pin has 0 polygons
2026-08-16 09:06:50 +0200: Memory Usage (454024K) : backmetal1_mask has 0 polygons
2026-08-16 09:06:50 +0200: Memory Usage (454152K) : backmetal1_filler has 0 polygons
2026-08-16 09:06:50 +0200: Memory Usage (454152K) : backmetal1_nofill has 0 polygons
2026-08-16 09:06:50 +0200: Memory Usage (454280K) : backmetal1_slit has 0 polygons
2026-08-16 09:06:50 +0200: Memory Usage (454280K) : backmetal1_text has 0 polygons
2026-08-16 09:06:50 +0200: Memory Usage (454280K) : backmetal1_OPC has 0 polygons
2026-08-16 09:06:50 +0200: Memory Usage (454408K) : backmetal1_noqrc has 0 polygons
2026-08-16 09:06:50 +0200: Memory Usage (454408K) : backmetal1_res has 0 polygons
2026-08-16 09:06:50 +0200: Memory Usage (454536K) : backmetal1_iprobe has 0 polygons
2026-08-16 09:06:50 +0200: Memory Usage (454536K) : backmetal1_diffprb has 0 polygons
2026-08-16 09:06:50 +0200: Memory Usage (454664K) : backpassiv_drw has 0 polygons
2026-08-16 09:06:50 +0200: Memory Usage (454664K) : res_drw has 0 polygons
2026-08-16 09:06:50 +0200: Memory Usage (454792K) : sram_drw has 0 polygons
2026-08-16 09:06:50 +0200: Memory Usage (454792K) : trans_drw has 0 polygons
2026-08-16 09:06:50 +0200: Memory Usage (454920K) : ind_drw has 0 polygons
2026-08-16 09:06:50 +0200: Memory Usage (454920K) : ind_pin has 0 polygons
2026-08-16 09:06:50 +0200: Memory Usage (455048K) : ind_text has 0 polygons
2026-08-16 09:06:50 +0200: Memory Usage (455048K) : salblock_drw has 0 polygons
2026-08-16 09:06:50 +0200: Memory Usage (455176K) : via2_drw has 1478 polygons
2026-08-16 09:06:50 +0200: Memory Usage (455176K) : metal3_drw has 2439 polygons
2026-08-16 09:06:50 +0200: Memory Usage (455304K) : metal3_filler has 0 polygons
2026-08-16 09:06:50 +0200: Memory Usage (455432K) : metal3_slit has 0 polygons
2026-08-16 09:06:50 +0200: Memory Usage (455560K) : metal3 has 2439 polygons
2026-08-16 09:06:50 +0200: Memory Usage (455560K) : metal3_pin has 163 polygons
2026-08-16 09:06:50 +0200: Memory Usage (455688K) : metal3_mask has 0 polygons
2026-08-16 09:06:50 +0200: Memory Usage (455688K) : metal3_nofill has 0 polygons
2026-08-16 09:06:50 +0200: Memory Usage (455688K) : metal3_text has 163 polygons
2026-08-16 09:06:50 +0200: Memory Usage (455816K) : metal3_OPC has 0 polygons
2026-08-16 09:06:50 +0200: Memory Usage (455816K) : metal3_noqrc has 0 polygons
2026-08-16 09:06:50 +0200: Memory Usage (455944K) : metal3_res has 0 polygons
2026-08-16 09:06:50 +0200: Memory Usage (455944K) : metal3_iprobe has 0 polygons
2026-08-16 09:06:50 +0200: Memory Usage (455944K) : metal3_diffprb has 0 polygons
2026-08-16 09:06:50 +0200: Memory Usage (455944K) : nwell_drw has 351 polygons
2026-08-16 09:06:50 +0200: Memory Usage (455944K) : nwell_pin has 0 polygons
2026-08-16 09:06:50 +0200: Memory Usage (455944K) : nwell_text has 0 polygons
2026-08-16 09:06:50 +0200: Memory Usage (455944K) : nbulay_drw has 0 polygons
2026-08-16 09:06:50 +0200: Memory Usage (455944K) : nbulay_pin has 0 polygons
2026-08-16 09:06:50 +0200: Memory Usage (455944K) : nbulay_block has 0 polygons
2026-08-16 09:06:50 +0200: Memory Usage (455944K) : emwind_drw has 0 polygons
2026-08-16 09:06:50 +0200: Memory Usage (455944K) : emwind_OPC has 0 polygons
2026-08-16 09:06:50 +0200: Memory Usage (455944K) : deepco_drw has 0 polygons
2026-08-16 09:06:50 +0200: Memory Usage (455944K) : mim_drw has 514 polygons
2026-08-16 09:06:50 +0200: Memory Usage (455944K) : edgeseal_drw has 0 polygons
2026-08-16 09:06:50 +0200: Memory Usage (455944K) : substrate_drw has 0 polygons
2026-08-16 09:06:50 +0200: Memory Usage (455944K) : substrate_text has 0 polygons
2026-08-16 09:06:50 +0200: Memory Usage (455944K) : dfpad_drw has 0 polygons
2026-08-16 09:06:50 +0200: Memory Usage (455944K) : dfpad_pillar has 0 polygons
2026-08-16 09:06:50 +0200: Memory Usage (455944K) : dfpad_sbump has 0 polygons
2026-08-16 09:06:50 +0200: Memory Usage (455944K) : thickgateox_drw has 0 polygons
2026-08-16 09:06:50 +0200: Memory Usage (455944K) : pldb_drw has 0 polygons
2026-08-16 09:06:50 +0200: Memory Usage (455944K) : pwell_drw has 0 polygons
2026-08-16 09:06:50 +0200: Memory Usage (455944K) : pwell_pin has 0 polygons
2026-08-16 09:06:50 +0200: Memory Usage (455944K) : pwell_block has 0 polygons
2026-08-16 09:06:50 +0200: Memory Usage (455944K) : ic_drw has 0 polygons
2026-08-16 09:06:50 +0200: Memory Usage (455944K) : via3_drw has 567 polygons
2026-08-16 09:06:50 +0200: Memory Usage (455944K) : metal4_drw has 503 polygons
2026-08-16 09:06:50 +0200: Memory Usage (455944K) : metal4_filler has 0 polygons
2026-08-16 09:06:50 +0200: Memory Usage (455944K) : metal4_slit has 0 polygons
2026-08-16 09:06:50 +0200: Memory Usage (455944K) : metal4 has 503 polygons
2026-08-16 09:06:50 +0200: Memory Usage (455944K) : metal4_pin has 14 polygons
2026-08-16 09:06:50 +0200: Memory Usage (455944K) : metal4_mask has 0 polygons
2026-08-16 09:06:50 +0200: Memory Usage (455944K) : metal4_nofill has 0 polygons
2026-08-16 09:06:50 +0200: Memory Usage (455944K) : metal4_text has 14 polygons
2026-08-16 09:06:50 +0200: Memory Usage (455944K) : metal4_OPC has 0 polygons
2026-08-16 09:06:50 +0200: Memory Usage (455944K) : metal4_noqrc has 0 polygons
2026-08-16 09:06:50 +0200: Memory Usage (455944K) : metal4_res has 0 polygons
2026-08-16 09:06:50 +0200: Memory Usage (455944K) : metal4_iprobe has 0 polygons
2026-08-16 09:06:50 +0200: Memory Usage (455944K) : metal4_diffprb has 0 polygons
2026-08-16 09:06:50 +0200: Memory Usage (455944K) : heattrans_drw has 0 polygons
2026-08-16 09:06:50 +0200: Memory Usage (455944K) : heatres_drw has 0 polygons
2026-08-16 09:06:50 +0200: Memory Usage (455944K) : fbe_drw has 0 polygons
2026-08-16 09:06:50 +0200: Memory Usage (455944K) : empoly_drw has 0 polygons
2026-08-16 09:06:50 +0200: Memory Usage (455944K) : digisub_drw has 0 polygons
2026-08-16 09:06:50 +0200: Memory Usage (455944K) : text_drw has 1573 polygons
2026-08-16 09:06:50 +0200: Memory Usage (455944K) : via4_drw has 354 polygons
2026-08-16 09:06:50 +0200: Memory Usage (455944K) : metal5_drw has 901 polygons
2026-08-16 09:06:50 +0200: Memory Usage (455944K) : metal5_filler has 0 polygons
2026-08-16 09:06:50 +0200: Memory Usage (455944K) : metal5_slit has 0 polygons
2026-08-16 09:06:50 +0200: Memory Usage (455944K) : metal5 has 901 polygons
2026-08-16 09:06:50 +0200: Memory Usage (455944K) : metal5_pin has 0 polygons
2026-08-16 09:06:50 +0200: Memory Usage (455944K) : metal5_mask has 0 polygons
2026-08-16 09:06:50 +0200: Memory Usage (455944K) : metal5_nofill has 0 polygons
2026-08-16 09:06:50 +0200: Memory Usage (455944K) : metal5_text has 0 polygons
2026-08-16 09:06:50 +0200: Memory Usage (455944K) : metal5_OPC has 0 polygons
2026-08-16 09:06:50 +0200: Memory Usage (455944K) : metal5_noqrc has 0 polygons
2026-08-16 09:06:50 +0200: Memory Usage (455944K) : metal5_res has 0 polygons
2026-08-16 09:06:50 +0200: Memory Usage (455944K) : metal5_iprobe has 0 polygons
2026-08-16 09:06:50 +0200: Memory Usage (455944K) : metal5_diffprb has 0 polygons
2026-08-16 09:06:50 +0200: Memory Usage (455944K) : radhard_drw has 0 polygons
2026-08-16 09:06:50 +0200: Memory Usage (455944K) : memcap_drw has 0 polygons
2026-08-16 09:06:50 +0200: Memory Usage (455944K) : varicap_drw has 0 polygons
2026-08-16 09:06:50 +0200: Memory Usage (455944K) : intbondvia_drw has 0 polygons
2026-08-16 09:06:50 +0200: Memory Usage (455944K) : intbondmet_drw has 0 polygons
2026-08-16 09:06:50 +0200: Memory Usage (455944K) : devbondvia_drw has 0 polygons
2026-08-16 09:06:50 +0200: Memory Usage (455944K) : devbondmet_drw has 0 polygons
2026-08-16 09:06:50 +0200: Memory Usage (455944K) : devtrench_drw has 0 polygons
2026-08-16 09:06:50 +0200: Memory Usage (455944K) : redist_drw has 0 polygons
2026-08-16 09:06:50 +0200: Memory Usage (455944K) : graphbot_drw has 0 polygons
2026-08-16 09:06:50 +0200: Memory Usage (455944K) : graphtop_drw has 0 polygons
2026-08-16 09:06:50 +0200: Memory Usage (455944K) : antvia1_drw has 0 polygons
2026-08-16 09:06:50 +0200: Memory Usage (455944K) : antmetal2_drw has 0 polygons
2026-08-16 09:06:50 +0200: Memory Usage (455944K) : graphcont_drw has 0 polygons
2026-08-16 09:06:50 +0200: Memory Usage (455944K) : siwg_drw has 0 polygons
2026-08-16 09:06:50 +0200: Memory Usage (455944K) : siwg_filler has 0 polygons
2026-08-16 09:06:50 +0200: Memory Usage (455944K) : siwg_nofill has 0 polygons
2026-08-16 09:06:50 +0200: Memory Usage (455944K) : sigrating_drw has 0 polygons
2026-08-16 09:06:50 +0200: Memory Usage (455944K) : singrating_drw has 0 polygons
2026-08-16 09:06:50 +0200: Memory Usage (455944K) : graphpas_drw has 0 polygons
2026-08-16 09:06:50 +0200: Memory Usage (455944K) : emwind3_drw has 0 polygons
2026-08-16 09:06:50 +0200: Memory Usage (455944K) : emwihv3_drw has 0 polygons
2026-08-16 09:06:50 +0200: Memory Usage (455944K) : redbulay_drw has 0 polygons
2026-08-16 09:06:50 +0200: Memory Usage (455944K) : smos_drw has 0 polygons
2026-08-16 09:06:50 +0200: Memory Usage (455944K) : graphpad_drw has 0 polygons
2026-08-16 09:06:50 +0200: Memory Usage (455944K) : polimide_drw has 0 polygons
2026-08-16 09:06:50 +0200: Memory Usage (455944K) : polimide_pin has 0 polygons
2026-08-16 09:06:50 +0200: Memory Usage (455944K) : recog_drw has 0 polygons
2026-08-16 09:06:50 +0200: Memory Usage (455944K) : recog_pin has 0 polygons
2026-08-16 09:06:50 +0200: Memory Usage (456072K) : recog_esd has 0 polygons
2026-08-16 09:06:50 +0200: Memory Usage (456072K) : recog_diode has 0 polygons
2026-08-16 09:06:50 +0200: Memory Usage (456200K) : recog_tsv has 0 polygons
2026-08-16 09:06:51 +0200: Memory Usage (456200K) : recog_iprobe has 0 polygons
2026-08-16 09:06:51 +0200: Memory Usage (456200K) : recog_diffprb has 0 polygons
2026-08-16 09:06:51 +0200: Memory Usage (456328K) : recog_pillar has 0 polygons
2026-08-16 09:06:51 +0200: Memory Usage (456328K) : recog_sbump has 0 polygons
2026-08-16 09:06:51 +0200: Memory Usage (456456K) : recog_otp has 0 polygons
2026-08-16 09:06:51 +0200: Memory Usage (456456K) : recog_pdiode has 0 polygons
2026-08-16 09:06:51 +0200: Memory Usage (456584K) : recog_mom has 0 polygons
2026-08-16 09:06:51 +0200: Memory Usage (456584K) : recog_pcm has 0 polygons
2026-08-16 09:06:51 +0200: Memory Usage (456712K) : colopen_drw has 0 polygons
2026-08-16 09:06:51 +0200: Memory Usage (456712K) : graphmetal1_drw has 0 polygons
2026-08-16 09:06:51 +0200: Memory Usage (456840K) : graphmetal1_filler has 0 polygons
2026-08-16 09:06:51 +0200: Memory Usage (456840K) : graphmetal1_nofill has 0 polygons
2026-08-16 09:06:51 +0200: Memory Usage (456968K) : graphmetal1_slit has 0 polygons
2026-08-16 09:06:51 +0200: Memory Usage (456968K) : graphmetal1_OPC has 0 polygons
2026-08-16 09:06:51 +0200: Memory Usage (457096K) : graphmet1l_drw has 0 polygons
2026-08-16 09:06:51 +0200: Memory Usage (457096K) : graphmet1l_filler has 0 polygons
2026-08-16 09:06:51 +0200: Memory Usage (457224K) : graphmet1l_nofill has 0 polygons
2026-08-16 09:06:51 +0200: Memory Usage (457224K) : graphmet1l_slit has 0 polygons
2026-08-16 09:06:51 +0200: Memory Usage (457352K) : graphmet1l_OPC has 0 polygons
2026-08-16 09:06:51 +0200: Memory Usage (457352K) : extblock_drw has 0 polygons
2026-08-16 09:06:51 +0200: Memory Usage (457480K) : nldd_drw has 0 polygons
2026-08-16 09:06:51 +0200: Memory Usage (457480K) : pldd_drw has 0 polygons
2026-08-16 09:06:51 +0200: Memory Usage (457480K) : next_drw has 0 polygons
2026-08-16 09:06:51 +0200: Memory Usage (457608K) : pext_drw has 0 polygons
2026-08-16 09:06:51 +0200: Memory Usage (457608K) : nexthv_drw has 0 polygons
2026-08-16 09:06:51 +0200: Memory Usage (457736K) : pexthv_drw has 0 polygons
2026-08-16 09:06:51 +0200: Memory Usage (457736K) : graphgate_drw has 0 polygons
2026-08-16 09:06:51 +0200: Memory Usage (457864K) : sinwg_drw has 0 polygons
2026-08-16 09:06:51 +0200: Memory Usage (457864K) : sinwg_filler has 0 polygons
2026-08-16 09:06:51 +0200: Memory Usage (457864K) : sinwg_nofill has 0 polygons
2026-08-16 09:06:51 +0200: Memory Usage (457864K) : mempad_drw has 0 polygons
2026-08-16 09:06:51 +0200: Memory Usage (457864K) : topvia1_drw has 56 polygons
2026-08-16 09:06:51 +0200: Memory Usage (457864K) : topmetal1_drw has 609 polygons
2026-08-16 09:06:51 +0200: Memory Usage (457864K) : topmetal1_filler has 0 polygons
2026-08-16 09:06:51 +0200: Memory Usage (457864K) : topmetal1_slit has 0 polygons
2026-08-16 09:06:51 +0200: Memory Usage (457864K) : topmetal1 has 609 polygons
2026-08-16 09:06:51 +0200: Memory Usage (457864K) : topmetal1_pin has 4 polygons
2026-08-16 09:06:51 +0200: Memory Usage (457864K) : topmetal1_mask has 0 polygons
2026-08-16 09:06:51 +0200: Memory Usage (457864K) : topmetal1_nofill has 0 polygons
2026-08-16 09:06:51 +0200: Memory Usage (457864K) : topmetal1_text has 4 polygons
2026-08-16 09:06:51 +0200: Memory Usage (457864K) : topmetal1_noqrc has 0 polygons
2026-08-16 09:06:51 +0200: Memory Usage (457864K) : topmetal1_res has 0 polygons
2026-08-16 09:06:51 +0200: Memory Usage (457864K) : topmetal1_iprobe has 0 polygons
2026-08-16 09:06:51 +0200: Memory Usage (457864K) : topmetal1_diffprb has 0 polygons
2026-08-16 09:06:51 +0200: Memory Usage (457864K) : inldpwl_drw has 0 polygons
2026-08-16 09:06:51 +0200: Memory Usage (457864K) : polyres_drw has 0 polygons
2026-08-16 09:06:51 +0200: Memory Usage (457864K) : polyres_pin has 0 polygons
2026-08-16 09:06:51 +0200: Memory Usage (457864K) : vmim_drw has 946 polygons
2026-08-16 09:06:51 +0200: Memory Usage (457864K) : nbulaycut_drw has 0 polygons
2026-08-16 09:06:51 +0200: Memory Usage (457864K) : antmetal1_drw has 0 polygons
2026-08-16 09:06:51 +0200: Memory Usage (457864K) : topvia2_drw has 4 polygons
2026-08-16 09:06:51 +0200: Memory Usage (457864K) : topmetal2_drw has 8 polygons
2026-08-16 09:06:51 +0200: Memory Usage (457864K) : topmetal2_filler has 0 polygons
2026-08-16 09:06:51 +0200: Memory Usage (457864K) : topmetal2_slit has 0 polygons
2026-08-16 09:06:51 +0200: Memory Usage (457864K) : topmetal2 has 8 polygons
2026-08-16 09:06:51 +0200: Memory Usage (457864K) : topmetal2_pin has 2 polygons
2026-08-16 09:06:51 +0200: Memory Usage (457864K) : topmetal2_mask has 0 polygons
2026-08-16 09:06:51 +0200: Memory Usage (457864K) : topmetal2_nofill has 0 polygons
2026-08-16 09:06:51 +0200: Memory Usage (457864K) : topmetal2_text has 2 polygons
2026-08-16 09:06:51 +0200: Memory Usage (457864K) : topmetal2_noqrc has 0 polygons
2026-08-16 09:06:51 +0200: Memory Usage (457864K) : topmetal2_res has 0 polygons
2026-08-16 09:06:51 +0200: Memory Usage (457864K) : topmetal2_iprobe has 0 polygons
2026-08-16 09:06:51 +0200: Memory Usage (457864K) : topmetal2_diffprb has 0 polygons
2026-08-16 09:06:51 +0200: Memory Usage (457864K) : snsring_drw has 0 polygons
2026-08-16 09:06:51 +0200: Memory Usage (457864K) : sensor_drw has 0 polygons
2026-08-16 09:06:51 +0200: Memory Usage (457864K) : snsarms_drw has 0 polygons
2026-08-16 09:06:51 +0200: Memory Usage (457864K) : snscmosvia_drw has 0 polygons
2026-08-16 09:06:51 +0200: Memory Usage (457864K) : colwind_drw has 0 polygons
2026-08-16 09:06:51 +0200: Memory Usage (457864K) : flm_drw has 0 polygons
2026-08-16 09:06:51 +0200: Memory Usage (457864K) : hafniumox_drw has 0 polygons
2026-08-16 09:06:51 +0200: Memory Usage (457864K) : memvia_drw has 0 polygons
2026-08-16 09:06:51 +0200: Memory Usage (457864K) : thinfilmres_drw has 0 polygons
2026-08-16 09:06:51 +0200: Memory Usage (457864K) : rfmem_drw has 0 polygons
2026-08-16 09:06:51 +0200: Memory Usage (457864K) : norcx_drw has 0 polygons
2026-08-16 09:06:51 +0200: Memory Usage (457864K) : norcx_m2m3 has 0 polygons
2026-08-16 09:06:51 +0200: Memory Usage (457864K) : norcx_m2m4 has 0 polygons
2026-08-16 09:06:51 +0200: Memory Usage (457864K) : norcx_m2m5 has 0 polygons
2026-08-16 09:06:51 +0200: Memory Usage (457864K) : norcx_m2tm1 has 0 polygons
2026-08-16 09:06:51 +0200: Memory Usage (457864K) : norcx_m2tm2 has 0 polygons
2026-08-16 09:06:51 +0200: Memory Usage (457864K) : norcx_m3m4 has 0 polygons
2026-08-16 09:06:51 +0200: Memory Usage (457864K) : norcx_m3m5 has 0 polygons
2026-08-16 09:06:51 +0200: Memory Usage (457864K) : norcx_m3tm1 has 0 polygons
2026-08-16 09:06:51 +0200: Memory Usage (457864K) : norcx_m3tm2 has 0 polygons
2026-08-16 09:06:51 +0200: Memory Usage (457864K) : norcx_m4m5 has 0 polygons
2026-08-16 09:06:51 +0200: Memory Usage (457864K) : norcx_m4tm1 has 0 polygons
2026-08-16 09:06:51 +0200: Memory Usage (457864K) : norcx_m4tm2 has 0 polygons
2026-08-16 09:06:51 +0200: Memory Usage (457864K) : norcx_m5tm1 has 0 polygons
2026-08-16 09:06:51 +0200: Memory Usage (457864K) : norcx_m5tm2 has 0 polygons
2026-08-16 09:06:51 +0200: Memory Usage (457864K) : norcx_tm1tm2 has 0 polygons
2026-08-16 09:06:51 +0200: Memory Usage (457864K) : norcx_m1sub has 0 polygons
2026-08-16 09:06:51 +0200: Memory Usage (457864K) : norcx_m2sub has 0 polygons
2026-08-16 09:06:51 +0200: Memory Usage (457864K) : norcx_m3sub has 0 polygons
2026-08-16 09:06:51 +0200: Memory Usage (457864K) : norcx_m4sub has 0 polygons
2026-08-16 09:06:51 +0200: Memory Usage (457864K) : norcx_m5sub has 0 polygons
2026-08-16 09:06:51 +0200: Memory Usage (457864K) : norcx_tm1sub has 0 polygons
2026-08-16 09:06:51 +0200: Memory Usage (457864K) : norcx_tm2sub has 0 polygons
2026-08-16 09:06:51 +0200: Memory Usage (457864K) : snsbotvia_drw has 0 polygons
2026-08-16 09:06:51 +0200: Memory Usage (457864K) : snstopvia_drw has 0 polygons
2026-08-16 09:06:51 +0200: Memory Usage (457864K) : deepvia_drw has 0 polygons
2026-08-16 09:06:51 +0200: Memory Usage (457864K) : fgetch_drw has 0 polygons
2026-08-16 09:06:51 +0200: Memory Usage (457864K) : ctrgat_drw has 0 polygons
2026-08-16 09:06:51 +0200: Memory Usage (457864K) : fgimp_drw has 0 polygons
2026-08-16 09:06:51 +0200: Memory Usage (457864K) : emwihv_drw has 0 polygons
2026-08-16 09:06:51 +0200: Memory Usage (457864K) : lbe_drw has 0 polygons
2026-08-16 09:06:51 +0200: Memory Usage (457864K) : alcustop_drw has 0 polygons
2026-08-16 09:06:51 +0200: Memory Usage (457864K) : nometfiller_drw has 0 polygons
2026-08-16 09:06:51 +0200: Memory Usage (457864K) : prboundary_drw has 0 polygons
2026-08-16 09:06:51 +0200: Memory Usage (457864K) : exchange0_drw has 0 polygons
2026-08-16 09:06:51 +0200: Memory Usage (457864K) : exchange0_pin has 0 polygons
2026-08-16 09:06:51 +0200: Memory Usage (457864K) : exchange0_text has 0 polygons
2026-08-16 09:06:51 +0200: Memory Usage (457864K) : exchange1_drw has 0 polygons
2026-08-16 09:06:51 +0200: Memory Usage (457864K) : exchange1_pin has 0 polygons
2026-08-16 09:06:51 +0200: Memory Usage (457864K) : exchange1_text has 0 polygons
2026-08-16 09:06:51 +0200: Memory Usage (457864K) : exchange2_drw has 0 polygons
2026-08-16 09:06:51 +0200: Memory Usage (457864K) : exchange2_pin has 0 polygons
2026-08-16 09:06:51 +0200: Memory Usage (457864K) : exchange2_text has 0 polygons
2026-08-16 09:06:51 +0200: Memory Usage (457864K) : exchange3_drw has 0 polygons
2026-08-16 09:06:51 +0200: Memory Usage (457864K) : exchange3_pin has 0 polygons
2026-08-16 09:06:51 +0200: Memory Usage (457864K) : exchange3_text has 0 polygons
2026-08-16 09:06:51 +0200: Memory Usage (457864K) : exchange4_drw has 0 polygons
2026-08-16 09:06:51 +0200: Memory Usage (457864K) : exchange4_pin has 0 polygons
2026-08-16 09:06:51 +0200: Memory Usage (457864K) : exchange4_text has 0 polygons
2026-08-16 09:06:51 +0200: Memory Usage (457864K) : isonwell_drw has 0 polygons
2026-08-16 09:06:51 +0200: Memory Usage (457864K) : Total no. of polygons in the design is 46473
2026-08-16 09:06:51 +0200: Memory Usage (457864K) : Starting base layers derivations
2026-08-16 09:06:51 +0200: Memory Usage (457864K) : Starting general LVS derivations
2026-08-16 09:06:54 +0200: Memory Usage (462984K) : Starting MOSFET DERIVATIONS
2026-08-16 09:06:56 +0200: Memory Usage (463240K) : Starting NMOS DERIVATIONS
2026-08-16 09:06:56 +0200: Memory Usage (463240K) : Starting PMOS DERIVATIONS
2026-08-16 09:06:56 +0200: Memory Usage (463240K) : Starting RF-MOSFET DERIVATIONS
2026-08-16 09:06:56 +0200: Memory Usage (463240K) : Starting RF-NMOS DERIVATIONS
2026-08-16 09:06:56 +0200: Memory Usage (463240K) : Starting RF-PMOS DERIVATIONS
2026-08-16 09:06:56 +0200: Memory Usage (463240K) : Starting BJT DERIVATIONS
2026-08-16 09:06:56 +0200: Memory Usage (463240K) : Starting NPN-BJT DERIVATIONS
2026-08-16 09:06:57 +0200: Memory Usage (463240K) : Starting PNP-BJT DERIVATIONS
2026-08-16 09:06:57 +0200: Memory Usage (463240K) : Starting DIODE DERIVATIONS
2026-08-16 09:06:59 +0200: Memory Usage (463368K) : Starting RESISTOR DERIVATIONS
2026-08-16 09:06:59 +0200: Memory Usage (463368K) : Starting CAP DERIVATIONS
2026-08-16 09:07:00 +0200: Memory Usage (463368K) : Starting ESD DERIVATIONS
2026-08-16 09:07:03 +0200: Memory Usage (463496K) : Starting Inductor DERIVATIONS
2026-08-16 09:07:04 +0200: Memory Usage (463496K) : Starting Taps DERIVATIONS
2026-08-16 09:07:05 +0200: Memory Usage (463496K) : Starting SG13G2 LVS connectivity setup
2026-08-16 09:07:05 +0200: Memory Usage (463496K) : Starting SG13G2 LVS connectivity setup (Inter-layer)
2026-08-16 09:07:05 +0200: Memory Usage (463624K) : Starting SG13G2 LVS connectivity setup (Global)
2026-08-16 09:07:05 +0200: Memory Usage (463624K) : Starting LVS MOSFET CONNECTIONS
2026-08-16 09:07:05 +0200: Memory Usage (463624K) : Starting LVS RF-MOSFET CONNECTIONS
2026-08-16 09:07:05 +0200: Memory Usage (463624K) : Starting LVS BJT CONNECTIONS
2026-08-16 09:07:05 +0200: Memory Usage (463624K) : Starting LVS DIODE CONNECTIONS
2026-08-16 09:07:05 +0200: Memory Usage (463624K) : Starting RESISTOR CONNECTIONS
2026-08-16 09:07:05 +0200: Memory Usage (463624K) : Starting LVS CAP CONNECTIONS
2026-08-16 09:07:05 +0200: Memory Usage (463624K) : Starting ESD CONNECTIONS
2026-08-16 09:07:05 +0200: Memory Usage (463624K) : Starting Inductor CONNECTIONS
2026-08-16 09:07:05 +0200: Memory Usage (463624K) : Starting LVS Taps CONNECTIONS
2026-08-16 09:07:05 +0200: Memory Usage (463624K) : Starting SG13G2 LVS DEVICES EXTRACTION
2026-08-16 09:07:05 +0200: Memory Usage (463624K) : Starting MOSFET EXTRACTION
2026-08-16 09:07:05 +0200: Memory Usage (463624K) : Starting NMOS EXTRACTION
2026-08-16 09:07:05 +0200: Memory Usage (463624K) : Extraction of NMOS-LV transistor
2026-08-16 09:07:06 +0200: Memory Usage (463752K) : Extraction of NMOS-HV transistor
2026-08-16 09:07:06 +0200: Memory Usage (463752K) : Starting PMOS EXTRACTION
2026-08-16 09:07:06 +0200: Memory Usage (463752K) : Extraction of PMOS-LV transistor
2026-08-16 09:07:06 +0200: Memory Usage (463752K) : Extraction of PMOS-HV transistor
2026-08-16 09:07:06 +0200: Memory Usage (463752K) : Starting RF-MOSFET EXTRACTION
2026-08-16 09:07:06 +0200: Memory Usage (463752K) : Extraction of RF-NMOS-LV transistor
2026-08-16 09:07:06 +0200: Memory Usage (463752K) : Extraction of RF-NMOS-HV transistor
2026-08-16 09:07:06 +0200: Memory Usage (463752K) : Extraction of RF-PMOS-LV transistor
2026-08-16 09:07:06 +0200: Memory Usage (463752K) : Extraction of RF-PMOS-HV transistor
2026-08-16 09:07:07 +0200: Memory Usage (463752K) : Starting BJT EXTRACTION
2026-08-16 09:07:07 +0200: Memory Usage (463752K) : Starting NPN-BJT EXTRACTION
2026-08-16 09:07:07 +0200: Memory Usage (463752K) : Extraction of npn13G2 BJT transistor
2026-08-16 09:07:07 +0200: Memory Usage (463752K) : Extraction of npn13G2L BJT transistor
2026-08-16 09:07:07 +0200: Memory Usage (463752K) : Extraction of npn13G2V BJT transistor
2026-08-16 09:07:07 +0200: Memory Usage (463752K) : Starting PNP-BJT EXTRACTION
2026-08-16 09:07:07 +0200: Memory Usage (463752K) : Extracting pnpMPA BJT
2026-08-16 09:07:07 +0200: Memory Usage (463752K) : Starting DIODE EXTRACTION
2026-08-16 09:07:07 +0200: Memory Usage (463752K) : Extracting dantenna diode
2026-08-16 09:07:07 +0200: Memory Usage (463752K) : Extracting dpantenna diode
2026-08-16 09:07:07 +0200: Memory Usage (463752K) : Extracting schottky_nbl1 diode
2026-08-16 09:07:07 +0200: Memory Usage (463752K) : Extracting isolbox diode
2026-08-16 09:07:07 +0200: Memory Usage (463752K) : Starting RESISTOR EXTRACTION
2026-08-16 09:07:07 +0200: Memory Usage (463752K) : Extracting rsil resistor
2026-08-16 09:07:07 +0200: Memory Usage (463752K) : Extracting rppd resistor
2026-08-16 09:07:07 +0200: Memory Usage (463752K) : Extracting rhigh resistor
2026-08-16 09:07:07 +0200: Memory Usage (463752K) : Extracting res_metal1 resistor
2026-08-16 09:07:07 +0200: Memory Usage (463752K) : Extracting res_metal2 resistor
2026-08-16 09:07:07 +0200: Memory Usage (463752K) : Extracting res_metal3 resistor
2026-08-16 09:07:07 +0200: Memory Usage (463752K) : Extracting res_metal4 resistor
2026-08-16 09:07:07 +0200: Memory Usage (463752K) : Extracting res_metal5 resistor
2026-08-16 09:07:07 +0200: Memory Usage (463752K) : Extracting res_topmetal1 resistor
2026-08-16 09:07:07 +0200: Memory Usage (463752K) : Extracting res_topmetal2 resistor
2026-08-16 09:07:07 +0200: Memory Usage (463752K) : Starting CAP EXTRACTION
2026-08-16 09:07:07 +0200: Memory Usage (463752K) : Extracting cap_cmim device
2026-08-16 09:07:07 +0200: Memory Usage (463752K) : Extracting rfcmim device
2026-08-16 09:07:07 +0200: Memory Usage (463752K) : Extracting sg13_hv_svaricap varactor
2026-08-16 09:07:07 +0200: Memory Usage (463752K) : Starting ESD EXTRACTION
2026-08-16 09:07:07 +0200: Memory Usage (463752K) : Extracting diodevdd_2kv ESD device
2026-08-16 09:07:07 +0200: Memory Usage (463752K) : Extracting diodevdd_4kv ESD device
2026-08-16 09:07:07 +0200: Memory Usage (463752K) : Extracting diodevss_2kv ESD device
2026-08-16 09:07:07 +0200: Memory Usage (463752K) : Extracting diodevss_4kv ESD device
2026-08-16 09:07:07 +0200: Memory Usage (463752K) : Extracting idiodevdd_2kv ESD device
2026-08-16 09:07:07 +0200: Memory Usage (463752K) : Extracting idiodevdd_4kv ESD device
2026-08-16 09:07:07 +0200: Memory Usage (463752K) : Extracting idiodevss_2kv ESD device
2026-08-16 09:07:08 +0200: Memory Usage (463752K) : Extracting idiodevss_4kv ESD device
2026-08-16 09:07:08 +0200: Memory Usage (463752K) : Extracting nmoscl_2 ESD device
2026-08-16 09:07:08 +0200: Memory Usage (463752K) : Extracting nmoscl_4 ESD device
2026-08-16 09:07:08 +0200: Memory Usage (463752K) : Starting Inductor EXTRACTION
2026-08-16 09:07:08 +0200: Memory Usage (463752K) : Extracting Inductor2 device
2026-08-16 09:07:08 +0200: Memory Usage (463752K) : Extracting Inductor3 device
2026-08-16 09:07:08 +0200: Memory Usage (463752K) : Starting Taps EXTRACTION
2026-08-16 09:07:08 +0200: Memory Usage (463752K) : DISABLE_TAP_EXTRACTION is enabled: skipping ntap1/ptap1 device extraction.
2026-08-16 09:07:08 +0200: Memory Usage (463752K) : Starting SG13G2 LVS RF MOS Model Mapping
2026-08-16 09:07:09 +0200: Memory Usage (466440K) : [layout_netlist] Apply RF MOS model mapping and rfmode parameter.
2026-08-16 09:07:09 +0200: Memory Usage (466440K) : Starting SG13G2 LVS Options Preparations
2026-08-16 09:07:09 +0200: Memory Usage (466440K) : SG13G2 LVS flow: extraction -> alignment -> option preparation -> comparison.
2026-08-16 09:07:09 +0200: Memory Usage (466440K) : Starting SG13G2 LVS Alignment
2026-08-16 09:07:09 +0200: Memory Usage (467336K) : Starting SG13G2 LVS Simplification
2026-08-16 09:07:09 +0200: Memory Usage (467336K) : [layout_netlist] simplify: ENABLED
2026-08-16 09:07:09 +0200: Memory Usage (467336K) : [layout_netlist] make_top_level_pins: SKIPPED
2026-08-16 09:07:09 +0200: Memory Usage (467336K) : [layout_netlist] combine_devices: SKIPPED
2026-08-16 09:07:09 +0200: Memory Usage (467336K) : [layout_netlist] purge: SKIPPED
2026-08-16 09:07:09 +0200: Memory Usage (467336K) : [layout_netlist] purge_nets: SKIPPED
2026-08-16 09:07:09 +0200: Memory Usage (467336K) : [schematic_netlist] simplify: ENABLED
2026-08-16 09:07:09 +0200: Memory Usage (467336K) : [schematic_netlist] make_top_level_pins: SKIPPED
2026-08-16 09:07:09 +0200: Memory Usage (467336K) : [schematic_netlist] combine_devices: SKIPPED
2026-08-16 09:07:09 +0200: Memory Usage (467336K) : [schematic_netlist] purge: SKIPPED
2026-08-16 09:07:09 +0200: Memory Usage (467336K) : [schematic_netlist] purge_nets: SKIPPED
2026-08-16 09:07:09 +0200: Memory Usage (467336K) : Starting SG13G2 LVS Comparison in strict port mode.
2026-08-16 09:07:09 +0200: Memory Usage (467336K) : flag_missing_ports enabled: missing/mislabeled top-level ports are treated as errors.
2026-08-16 09:07:09 +0200: Memory Usage (467464K) : ==========================================
2026-08-16 09:07:09 +0200: Memory Usage (467464K) : INFO : Congratulations! Netlists match.
2026-08-16 09:07:09 +0200: Memory Usage (467464K) : ==========================================
2026-08-16 09:07:09 +0200: Memory Usage (467464K) : LVS Total Run time 20.008570 seconds
