# Logfile created on 2026-08-30 06:59:54 +0200 by logger.rb/v1.5.3
2026-08-30 06:59:54 +0200: Memory Usage (292676K) : Starting running IHP-SG13G2 Klayout DRC Density runset on /foss/designs/core18_7p9643_candidate_pdnfix_20260830/layout/oa_sar8_core18_final.gds
2026-08-30 06:59:54 +0200: Memory Usage (292420K) : Ruby Version for klayout: 3.2.3
2026-08-30 06:59:55 +0200: Memory Usage (294448K) : Loading database to memory is complete.
2026-08-30 06:59:55 +0200: Memory Usage (294448K) : IHP-SG13G2 Klayout DRC Density runset output at: /foss/designs/core18_7p9643_candidate_pdnfix_20260830/layout/drc_candidate_pdnfix_final/oa_sar8_core18_final.klayout.drc/oa_sar8_core18_final_oa_sar8_core18_final_density.lyrdb
2026-08-30 06:59:55 +0200: Memory Usage (294448K) : Evaluate switches.
2026-08-30 06:59:55 +0200: Memory Usage (294448K) : Configured KLayout worker thread(s): 27.
2026-08-30 06:59:55 +0200: Memory Usage (294448K) : Deep mode enabled: reading layers and preparing general derivations.
2026-08-30 06:59:55 +0200: Memory Usage (294448K) : PreCheck DRC enabled: false
2026-08-30 06:59:55 +0200: Memory Usage (294448K) : Density sanity checks enabled: false
2026-08-30 06:59:55 +0200: Memory Usage (294448K) : Read in polygons from layers.
2026-08-30 06:59:56 +0200: Memory Usage (296376K) : activ_drw has 2372 polygons
2026-08-30 06:59:56 +0200: Memory Usage (296376K) : activ_mask has 0 polygons
2026-08-30 06:59:56 +0200: Memory Usage (296120K) : activ_filler has 0 polygons
2026-08-30 06:59:56 +0200: Memory Usage (296120K) : gatpoly_drw has 2184 polygons
2026-08-30 06:59:56 +0200: Memory Usage (296120K) : gatpoly_filler has 0 polygons
2026-08-30 06:59:56 +0200: Memory Usage (296120K) : metal1_drw has 5013 polygons
2026-08-30 06:59:56 +0200: Memory Usage (296120K) : metal1_filler has 0 polygons
2026-08-30 06:59:56 +0200: Memory Usage (296120K) : metal1_slit has 0 polygons
2026-08-30 06:59:56 +0200: Memory Usage (296120K) : metal2_drw has 4005 polygons
2026-08-30 06:59:56 +0200: Memory Usage (296120K) : metal2_filler has 0 polygons
2026-08-30 06:59:56 +0200: Memory Usage (296120K) : metal2_slit has 0 polygons
2026-08-30 06:59:56 +0200: Memory Usage (296120K) : metal3_drw has 2276 polygons
2026-08-30 06:59:56 +0200: Memory Usage (296120K) : metal3_filler has 0 polygons
2026-08-30 06:59:56 +0200: Memory Usage (295864K) : metal3_slit has 0 polygons
2026-08-30 06:59:56 +0200: Memory Usage (295608K) : metal4_drw has 495 polygons
2026-08-30 06:59:56 +0200: Memory Usage (295608K) : metal4_filler has 0 polygons
2026-08-30 06:59:56 +0200: Memory Usage (295352K) : metal4_slit has 0 polygons
2026-08-30 06:59:56 +0200: Memory Usage (295352K) : metal5_drw has 979 polygons
2026-08-30 06:59:56 +0200: Memory Usage (295352K) : metal5_filler has 0 polygons
2026-08-30 06:59:56 +0200: Memory Usage (295352K) : metal5_slit has 0 polygons
2026-08-30 06:59:56 +0200: Memory Usage (295352K) : topmetal1_drw has 633 polygons
2026-08-30 06:59:56 +0200: Memory Usage (295352K) : topmetal1_filler has 0 polygons
2026-08-30 06:59:56 +0200: Memory Usage (295352K) : topmetal1_slit has 0 polygons
2026-08-30 06:59:56 +0200: Memory Usage (295352K) : topmetal2_drw has 6 polygons
2026-08-30 06:59:56 +0200: Memory Usage (295352K) : topmetal2_filler has 0 polygons
2026-08-30 06:59:56 +0200: Memory Usage (295352K) : topmetal2_slit has 0 polygons
2026-08-30 06:59:56 +0200: Memory Usage (295352K) : lbe_drw has 0 polygons
2026-08-30 06:59:56 +0200: Memory Usage (295352K) : prboundary_drw has 0 polygons
2026-08-30 06:59:56 +0200: Memory Usage (295352K) : edgeseal_bound has 0 polygons
2026-08-30 06:59:56 +0200: Memory Usage (295352K) : Loaded TECH DRC rules values from /foss/pdks/ihp-sg13g2/libs.tech/klayout/python/sg13g2_pycell_lib/sg13g2_tech_mod.json
2026-08-30 06:59:56 +0200: Memory Usage (295352K) : Loaded default DRC rules values from /foss/pdks/ihp-sg13g2/libs.tech/klayout/tech/drc/rule_decks/sg13g2_tech_default.json
2026-08-30 06:59:56 +0200: Memory Usage (295352K) : The following rules values were missing in tech json and default values were used:
2026-08-30 06:59:56 +0200: Memory Usage (295352K) :   - NW_f1_digibnd
2026-08-30 06:59:56 +0200: Memory Usage (295352K) :   - Cnt_c_digibnd
2026-08-30 06:59:56 +0200: Memory Usage (295352K) :   - Cnt_c_sram
2026-08-30 06:59:56 +0200: Memory Usage (295352K) :   - Sdiod_b
2026-08-30 06:59:57 +0200: Memory Usage (295352K) :   - Sdiod_c
2026-08-30 06:59:57 +0200: Memory Usage (297236K) : Density sanity markers are disabled (set -rd density_sanity=true to enable).
2026-08-30 06:59:57 +0200: Memory Usage (297236K) : No prBoundary found. Using layout extent for chip area: 123585.0 um^2.
2026-08-30 06:59:57 +0200: Memory Usage (297236K) : Using bbox (-45,-76;340,245) for density window origin.
2026-08-30 06:59:57 +0200: Memory Usage (297236K) : Total area of the design is 123585.0 um^2.
2026-08-30 06:59:57 +0200: Memory Usage (297236K) : Starting density IHP-SG13G2 derivations.
2026-08-30 06:59:57 +0200: Memory Usage (296212K) : Starting IHP-SG13G2 DENSITY DRC rules.
2026-08-30 06:59:57 +0200: Memory Usage (296212K) : Computing activ area and density...
2026-08-30 06:59:57 +0200: Memory Usage (296212K) : Executing rule AFil.g
2026-08-30 06:59:57 +0200: Memory Usage (296500K) : Executing rule AFil.g1
2026-08-30 06:59:57 +0200: Memory Usage (295988K) : Executing rule AFil.g2
2026-08-30 06:59:59 +0200: Memory Usage (275600K) : Executing rule AFil.g3
2026-08-30 06:59:59 +0200: Memory Usage (275344K) : Computing poly area and density...
2026-08-30 06:59:59 +0200: Memory Usage (275344K) : Executing rule GFil.g
2026-08-30 06:59:59 +0200: Memory Usage (275088K) : Computing metal1 area and density...
2026-08-30 06:59:59 +0200: Memory Usage (274064K) : Executing rule M1.j
2026-08-30 06:59:59 +0200: Memory Usage (274064K) : Executing rule M1.k
2026-08-30 06:59:59 +0200: Memory Usage (273808K) : Computing metal2 area and density...
2026-08-30 06:59:59 +0200: Memory Usage (271504K) : Computing metal3 area and density...
2026-08-30 06:59:59 +0200: Memory Usage (270736K) : Computing metal4 area and density...
2026-08-30 06:59:59 +0200: Memory Usage (270736K) : Computing metal5 area and density...
2026-08-30 07:00:00 +0200: Memory Usage (270480K) : Executing rule M2.j
2026-08-30 07:00:00 +0200: Memory Usage (270224K) : Executing rule M2.k
2026-08-30 07:00:00 +0200: Memory Usage (270224K) : Executing rule M3.j
2026-08-30 07:00:00 +0200: Memory Usage (270224K) : Executing rule M3.k
2026-08-30 07:00:00 +0200: Memory Usage (270224K) : Executing rule M4.j
2026-08-30 07:00:00 +0200: Memory Usage (269968K) : Executing rule M4.k
2026-08-30 07:00:00 +0200: Memory Usage (269968K) : Executing rule M5.j
2026-08-30 07:00:00 +0200: Memory Usage (269968K) : Executing rule M5.k
2026-08-30 07:00:00 +0200: Memory Usage (269968K) : Executing rule M1Fil.h
2026-08-30 07:00:00 +0200: Memory Usage (269456K) : Executing rule M1Fil.k
2026-08-30 07:00:00 +0200: Memory Usage (269200K) : Executing rule M2Fil.h
2026-08-30 07:00:00 +0200: Memory Usage (267664K) : Executing rule M2Fil.k
2026-08-30 07:00:01 +0200: Memory Usage (266128K) : Executing rule M3Fil.h
2026-08-30 07:00:01 +0200: Memory Usage (265872K) : Executing rule M3Fil.k
2026-08-30 07:00:01 +0200: Memory Usage (265104K) : Executing rule M4Fil.h
2026-08-30 07:00:01 +0200: Memory Usage (264592K) : Executing rule M4Fil.k
2026-08-30 07:00:01 +0200: Memory Usage (260492K) : Executing rule M5Fil.h
2026-08-30 07:00:01 +0200: Memory Usage (259468K) : Executing rule M5Fil.k
2026-08-30 07:00:01 +0200: Memory Usage (256140K) : Computing TopMetal1 area and density...
2026-08-30 07:00:01 +0200: Memory Usage (254092K) : Executing rule TM1.c
2026-08-30 07:00:02 +0200: Memory Usage (254092K) : Executing rule TM1.d
2026-08-30 07:00:02 +0200: Memory Usage (253836K) : Computing TopMetal2 area and density...
2026-08-30 07:00:02 +0200: Memory Usage (252812K) : Executing rule TM2.c
2026-08-30 07:00:02 +0200: Memory Usage (252812K) : Executing rule TM2.d
2026-08-30 07:00:02 +0200: Memory Usage (252812K) : Computing LBE area and density...
2026-08-30 07:00:02 +0200: Memory Usage (252812K) : Executing rule LBE.i
2026-08-30 07:00:02 +0200: Memory Usage (252556K) : Executing rule Slt.i_M1
2026-08-30 07:00:02 +0200: Memory Usage (251828K) : Executing rule Slt.i_M2
2026-08-30 07:00:02 +0200: Memory Usage (244404K) : Executing rule Slt.i_M3
2026-08-30 07:00:02 +0200: Memory Usage (243380K) : Executing rule Slt.i_M4
2026-08-30 07:00:03 +0200: Memory Usage (243124K) : Executing rule Slt.i_M5
2026-08-30 07:00:03 +0200: Memory Usage (241844K) : Executing rule Slt.i_TM1
2026-08-30 07:00:03 +0200: Memory Usage (242100K) : Executing rule Slt.i_TM2
2026-08-30 07:00:03 +0200: Memory Usage (239284K) : ##################################################
2026-08-30 07:00:03 +0200: Memory Usage (239284K) :                  Density Report                 #
2026-08-30 07:00:03 +0200: Memory Usage (239028K) : ##################################################
2026-08-30 07:00:03 +0200: Memory Usage (238772K) : 
2026-08-30 07:00:03 +0200: Memory Usage (238772K) : Layer areas and percentages (units: um^2)
2026-08-30 07:00:03 +0200: Memory Usage (238772K) : --------------------------------------------------
2026-08-30 07:00:03 +0200: Memory Usage (238772K) : 
2026-08-30 07:00:03 +0200: Memory Usage (238772K) : Total Area     = 123585.00 um^2
2026-08-30 07:00:03 +0200: Memory Usage (238772K) : 
2026-08-30 07:00:03 +0200: Memory Usage (238772K) : Activ      Area      = 2735.87 µm²
2026-08-30 07:00:03 +0200: Memory Usage (238772K) : Activ      Density % =  2.21%  [Min = 35.00%,  Max = 55.00%]
2026-08-30 07:00:03 +0200: Memory Usage (238772K) : 
2026-08-30 07:00:03 +0200: Memory Usage (238772K) : GatPoly    Area      = 1355.13 µm²
2026-08-30 07:00:03 +0200: Memory Usage (238772K) : GatPoly    Density % =  1.10%  [Min = 15.00%]
2026-08-30 07:00:03 +0200: Memory Usage (238772K) : 
2026-08-30 07:00:03 +0200: Memory Usage (238260K) : Metal1     Area      = 4161.04 µm²
2026-08-30 07:00:03 +0200: Memory Usage (238260K) : Metal1     Density % =  3.37%  [Min = 35.00%,  Max = 60.00%]
2026-08-30 07:00:03 +0200: Memory Usage (238260K) : 
2026-08-30 07:00:03 +0200: Memory Usage (238260K) : Metal2     Area      = 2677.18 µm²
2026-08-30 07:00:03 +0200: Memory Usage (238260K) : Metal2     Density % =  2.17%  [Min = 35.00%,  Max = 60.00%]
2026-08-30 07:00:03 +0200: Memory Usage (238260K) : 
2026-08-30 07:00:03 +0200: Memory Usage (238260K) : Metal3     Area      = 5741.02 µm²
2026-08-30 07:00:03 +0200: Memory Usage (238260K) : Metal3     Density % =  4.65%  [Min = 35.00%,  Max = 60.00%]
2026-08-30 07:00:03 +0200: Memory Usage (238260K) : 
2026-08-30 07:00:03 +0200: Memory Usage (238260K) : Metal4     Area      = 2673.27 µm²
2026-08-30 07:00:03 +0200: Memory Usage (238260K) : Metal4     Density % =  2.16%  [Min = 35.00%,  Max = 60.00%]
2026-08-30 07:00:03 +0200: Memory Usage (238260K) : 
2026-08-30 07:00:03 +0200: Memory Usage (238260K) : Metal5     Area      = 10005.19 µm²
2026-08-30 07:00:03 +0200: Memory Usage (238260K) : Metal5     Density % =  8.10%  [Min = 35.00%,  Max = 60.00%]
2026-08-30 07:00:03 +0200: Memory Usage (238260K) : 
2026-08-30 07:00:03 +0200: Memory Usage (238260K) : TopMetal1  Area      = 9676.70 µm²
2026-08-30 07:00:03 +0200: Memory Usage (238260K) : TopMetal1  Density % =  7.83%  [Min = 25.00%,  Max = 70.00%]
2026-08-30 07:00:03 +0200: Memory Usage (238260K) : 
2026-08-30 07:00:03 +0200: Memory Usage (238260K) : TopMetal2  Area      = 2310.00 µm²
2026-08-30 07:00:03 +0200: Memory Usage (238260K) : TopMetal2  Density % =  1.87%  [Min = 25.00%,  Max = 70.00%]
2026-08-30 07:00:03 +0200: Memory Usage (238260K) : 
2026-08-30 07:00:03 +0200: Memory Usage (238260K) : LBE        Area      =  0.00 µm²
2026-08-30 07:00:04 +0200: Memory Usage (238260K) : LBE        Density % =  0.00%  [Max = 20.00%]
2026-08-30 07:00:04 +0200: Memory Usage (238260K) : 
2026-08-30 07:00:04 +0200: Memory Usage (238004K) : KLayout DRC run for density table completed in 9.14 seconds
