[2026-08-15 08:24:38,406] [INFO]    GDS input file passed, running in LVS mode
[2026-08-15 08:24:38,422] [INFO]    Found cell sa_comp in GDS sa_comp.gds (only top cell)
[2026-08-15 08:24:38,439] [INFO]    Cache miss: extracted LVSDB does not exist
[2026-08-15 08:24:38,441] [SUBPROCESS]    kpex_out/.kpex_cache/ihp-sg13g2/foss/designs/sar-adc/layout/cmp/sa_comp.gds/sa_comp.lvsdb.gz
[2026-08-15 08:24:38,442] [SUBPROCESS]    klayout -b -r /usr/local/lib/python3.12/dist-packages/klayout_pex/pdk/ihp-sg13g2/libs.tech/kpex/sg13g2.lvs -rd input=/foss/designs/sar-adc/layout/cmp/sa_comp.gds -rd report=/foss/designs/sar-adc/layout/cmp/kpex_out/sa_comp__sa_comp/sa_comp.lvsdb.gz -rd schematic=/foss/designs/sar-adc/layout/cmp/sa_comp.cdl -rd thr=22 -rd run_mode=deep -rd spice_net_names=true -rd spice_comments=false -rd scale=false -rd verbose=false -rd schematic_simplify=false -rd net_only=false -rd top_lvl_pins=true -rd combine=false -rd combine_devices=false -rd purge=false -rd purge_nets=false -rd no_simplify=true
[2026-08-15 08:24:38,444] [SUBPROCESS]    kpex_out/sa_comp__sa_comp/sa_comp_lvs.log
[2026-08-15 08:24:42,814] [SUBPROCESS]    2026-08-15 08:24:42 +0200: Memory Usage (444728K) : Starting running SG13G2 Klayout LVS runset on /foss/designs/sar-adc/layout/cmp/sa_comp.gds
[2026-08-15 08:24:42,821] [SUBPROCESS]    2026-08-15 08:24:42 +0200: Memory Usage (444728K) : Ruby Version for klayout: 3.2.3
[2026-08-15 08:24:42,822] [SUBPROCESS]    2026-08-15 08:24:42 +0200: Memory Usage (445752K) : Loading database to memory is complete.
[2026-08-15 08:24:42,824] [SUBPROCESS]    2026-08-15 08:24:42 +0200: Memory Usage (445752K) : SG13G2 Klayout LVS runset output at: /foss/designs/sar-adc/layout/cmp/kpex_out/sa_comp__sa_comp/sa_comp.lvsdb.gz
[2026-08-15 08:24:42,826] [SUBPROCESS]    2026-08-15 08:24:42 +0200: Memory Usage (445752K) : Evaluate switches.
[2026-08-15 08:24:42,828] [SUBPROCESS]    2026-08-15 08:24:42 +0200: Memory Usage (445752K) : Extracted netlist with net names: true
[2026-08-15 08:24:42,830] [SUBPROCESS]    2026-08-15 08:24:42 +0200: Memory Usage (445752K) : Extracted netlist with comments in details: false
[2026-08-15 08:24:42,831] [SUBPROCESS]    2026-08-15 08:24:42 +0200: Memory Usage (445752K) : Selected NET_ONLY option: false
[2026-08-15 08:24:42,831] [SUBPROCESS]    2026-08-15 08:24:42 +0200: Memory Usage (445752K) : Selected LAYOUT_NETLIST option: (none)
[2026-08-15 08:24:42,832] [SUBPROCESS]    2026-08-15 08:24:42 +0200: Memory Usage (445752K) : Selected IGNORE_TOP_PORTS_MISMATCH option: 
[2026-08-15 08:24:42,833] [SUBPROCESS]    2026-08-15 08:24:42 +0200: Memory Usage (445752K) : Selected IMPLICIT_NETS option: (none)
[2026-08-15 08:24:42,834] [SUBPROCESS]    2026-08-15 08:24:42 +0200: Memory Usage (445752K) : Selected TOP_LVL_PINS option: true
[2026-08-15 08:24:42,835] [SUBPROCESS]    2026-08-15 08:24:42 +0200: Memory Usage (445752K) : Selected COMBINE DEVICES option: false
[2026-08-15 08:24:42,836] [SUBPROCESS]    2026-08-15 08:24:42 +0200: Memory Usage (445752K) : Selected PURGE option: false
[2026-08-15 08:24:42,836] [SUBPROCESS]    2026-08-15 08:24:42 +0200: Memory Usage (445752K) : Selected PURGE_NETS option: false
[2026-08-15 08:24:42,837] [SUBPROCESS]    2026-08-15 08:24:42 +0200: Memory Usage (445752K) : Selected SIMPLIFY option: false
[2026-08-15 08:24:42,837] [SUBPROCESS]    2026-08-15 08:24:42 +0200: Memory Usage (445752K) : Selected SERIES_RES option: true
[2026-08-15 08:24:42,838] [SUBPROCESS]    2026-08-15 08:24:42 +0200: Memory Usage (445752K) : Selected PARALLEL_RES option: true
[2026-08-15 08:24:42,839] [SUBPROCESS]    2026-08-15 08:24:42 +0200: Memory Usage (445752K) : deep  mode is enabled.
[2026-08-15 08:24:42,839] [SUBPROCESS]    2026-08-15 08:24:42 +0200: Memory Usage (445880K) : Netlist file: /foss/designs/sar-adc/layout/cmp/sa_comp.cdl
[2026-08-15 08:24:42,840] [SUBPROCESS]    2026-08-15 08:24:42 +0200: Memory Usage (445880K) : SG13G2 Klayout LVS extracted netlist file at: sa_comp_extracted.cir
[2026-08-15 08:24:42,841] [SUBPROCESS]    2026-08-15 08:24:42 +0200: Memory Usage (445880K) : Applying SRAM integration support.
[2026-08-15 08:24:42,842] [SUBPROCESS]    2026-08-15 08:24:42 +0200: Memory Usage (446008K) : Starting SG13G2 LVS runset
[2026-08-15 08:24:42,843] [SUBPROCESS]    2026-08-15 08:24:42 +0200: Memory Usage (446008K) : Read in polygons from layers.
[2026-08-15 08:24:42,844] [SUBPROCESS]    2026-08-15 08:24:42 +0200: Memory Usage (447160K) : activ_drw has 49 polygons
[2026-08-15 08:24:42,844] [SUBPROCESS]    2026-08-15 08:24:42 +0200: Memory Usage (447160K) : activ_filler has 0 polygons
[2026-08-15 08:24:42,845] [SUBPROCESS]    2026-08-15 08:24:42 +0200: Memory Usage (447160K) : activ has 49 polygons
[2026-08-15 08:24:42,846] [SUBPROCESS]    2026-08-15 08:24:42 +0200: Memory Usage (447160K) : activ_pin has 0 polygons
[2026-08-15 08:24:42,846] [SUBPROCESS]    2026-08-15 08:24:42 +0200: Memory Usage (447160K) : activ_mask has 0 polygons
[2026-08-15 08:24:42,847] [SUBPROCESS]    2026-08-15 08:24:42 +0200: Memory Usage (447160K) : activ_nofill has 0 polygons
[2026-08-15 08:24:42,848] [SUBPROCESS]    2026-08-15 08:24:42 +0200: Memory Usage (447160K) : activ_OPC has 0 polygons
[2026-08-15 08:24:42,848] [SUBPROCESS]    2026-08-15 08:24:42 +0200: Memory Usage (447160K) : activ_iOPC has 0 polygons
[2026-08-15 08:24:42,849] [SUBPROCESS]    2026-08-15 08:24:42 +0200: Memory Usage (447160K) : activ_noqrc has 0 polygons
[2026-08-15 08:24:42,849] [SUBPROCESS]    2026-08-15 08:24:42 +0200: Memory Usage (447160K) : biwind_drw has 0 polygons
[2026-08-15 08:24:42,850] [SUBPROCESS]    2026-08-15 08:24:42 +0200: Memory Usage (447160K) : biwind_OPC has 0 polygons
[2026-08-15 08:24:42,850] [SUBPROCESS]    2026-08-15 08:24:42 +0200: Memory Usage (447160K) : gatpoly_drw has 40 polygons
[2026-08-15 08:24:42,851] [SUBPROCESS]    2026-08-15 08:24:42 +0200: Memory Usage (447160K) : gatpoly_filler has 0 polygons
[2026-08-15 08:24:42,852] [SUBPROCESS]    2026-08-15 08:24:42 +0200: Memory Usage (447160K) : gatpoly has 40 polygons
[2026-08-15 08:24:42,852] [SUBPROCESS]    2026-08-15 08:24:42 +0200: Memory Usage (447160K) : gatpoly_pin has 0 polygons
[2026-08-15 08:24:42,853] [SUBPROCESS]    2026-08-15 08:24:42 +0200: Memory Usage (447160K) : gatpoly_nofill has 0 polygons
[2026-08-15 08:24:42,853] [SUBPROCESS]    2026-08-15 08:24:42 +0200: Memory Usage (447160K) : gatpoly_OPC has 0 polygons
[2026-08-15 08:24:42,854] [SUBPROCESS]    2026-08-15 08:24:42 +0200: Memory Usage (447160K) : gatpoly_iOPC has 0 polygons
[2026-08-15 08:24:42,854] [SUBPROCESS]    2026-08-15 08:24:42 +0200: Memory Usage (447160K) : gatpoly_noqrc has 0 polygons
[2026-08-15 08:24:42,854] [SUBPROCESS]    2026-08-15 08:24:42 +0200: Memory Usage (447160K) : cont_drw has 640 polygons
[2026-08-15 08:24:42,855] [SUBPROCESS]    2026-08-15 08:24:42 +0200: Memory Usage (447160K) : cont_OPC has 0 polygons
[2026-08-15 08:24:42,856] [SUBPROCESS]    2026-08-15 08:24:42 +0200: Memory Usage (447160K) : nsd_drw has 0 polygons
[2026-08-15 08:24:42,856] [SUBPROCESS]    2026-08-15 08:24:42 +0200: Memory Usage (447288K) : nsd_block has 0 polygons
[2026-08-15 08:24:42,857] [SUBPROCESS]    2026-08-15 08:24:42 +0200: Memory Usage (447288K) : metal1_drw has 137 polygons
[2026-08-15 08:24:42,858] [SUBPROCESS]    2026-08-15 08:24:42 +0200: Memory Usage (447416K) : metal1_filler has 0 polygons
[2026-08-15 08:24:42,859] [SUBPROCESS]    2026-08-15 08:24:42 +0200: Memory Usage (447416K) : metal1_slit has 0 polygons
[2026-08-15 08:24:42,860] [SUBPROCESS]    2026-08-15 08:24:42 +0200: Memory Usage (447800K) : metal1 has 137 polygons
[2026-08-15 08:24:42,860] [SUBPROCESS]    2026-08-15 08:24:42 +0200: Memory Usage (447800K) : metal1_pin has 90 polygons
[2026-08-15 08:24:42,861] [SUBPROCESS]    2026-08-15 08:24:42 +0200: Memory Usage (448312K) : metal1_mask has 0 polygons
[2026-08-15 08:24:42,861] [SUBPROCESS]    2026-08-15 08:24:42 +0200: Memory Usage (448440K) : metal1_nofill has 0 polygons
[2026-08-15 08:24:42,862] [SUBPROCESS]    2026-08-15 08:24:42 +0200: Memory Usage (448696K) : metal1_text has 2 polygons
[2026-08-15 08:24:42,862] [SUBPROCESS]    2026-08-15 08:24:42 +0200: Memory Usage (448696K) : metal1_OPC has 0 polygons
[2026-08-15 08:24:42,863] [SUBPROCESS]    2026-08-15 08:24:42 +0200: Memory Usage (448696K) : metal1_noqrc has 0 polygons
[2026-08-15 08:24:42,863] [SUBPROCESS]    2026-08-15 08:24:42 +0200: Memory Usage (448696K) : metal1_res has 0 polygons
[2026-08-15 08:24:42,864] [SUBPROCESS]    2026-08-15 08:24:42 +0200: Memory Usage (448696K) : metal1_iprobe has 0 polygons
[2026-08-15 08:24:42,865] [SUBPROCESS]    2026-08-15 08:24:42 +0200: Memory Usage (448696K) : metal1_diffprb has 0 polygons
[2026-08-15 08:24:42,865] [SUBPROCESS]    2026-08-15 08:24:42 +0200: Memory Usage (448824K) : passiv_drw has 0 polygons
[2026-08-15 08:24:42,866] [SUBPROCESS]    2026-08-15 08:24:42 +0200: Memory Usage (448824K) : passiv_pin has 0 polygons
[2026-08-15 08:24:42,866] [SUBPROCESS]    2026-08-15 08:24:42 +0200: Memory Usage (448952K) : passiv_sbump has 0 polygons
[2026-08-15 08:24:42,867] [SUBPROCESS]    2026-08-15 08:24:42 +0200: Memory Usage (449080K) : passiv_pillar has 0 polygons
[2026-08-15 08:24:42,867] [SUBPROCESS]    2026-08-15 08:24:42 +0200: Memory Usage (449080K) : passiv_pdl has 0 polygons
[2026-08-15 08:24:42,868] [SUBPROCESS]    2026-08-15 08:24:42 +0200: Memory Usage (449208K) : metal2_drw has 133 polygons
[2026-08-15 08:24:42,868] [SUBPROCESS]    2026-08-15 08:24:42 +0200: Memory Usage (449208K) : metal2_filler has 0 polygons
[2026-08-15 08:24:42,869] [SUBPROCESS]    2026-08-15 08:24:42 +0200: Memory Usage (449336K) : metal2_slit has 0 polygons
[2026-08-15 08:24:42,870] [SUBPROCESS]    2026-08-15 08:24:42 +0200: Memory Usage (449464K) : metal2 has 133 polygons
[2026-08-15 08:24:42,870] [SUBPROCESS]    2026-08-15 08:24:42 +0200: Memory Usage (449464K) : metal2_pin has 2 polygons
[2026-08-15 08:24:42,871] [SUBPROCESS]    2026-08-15 08:24:42 +0200: Memory Usage (449592K) : metal2_mask has 0 polygons
[2026-08-15 08:24:42,871] [SUBPROCESS]    2026-08-15 08:24:42 +0200: Memory Usage (449592K) : metal2_nofill has 0 polygons
[2026-08-15 08:24:42,872] [SUBPROCESS]    2026-08-15 08:24:42 +0200: Memory Usage (449720K) : metal2_text has 2 polygons
[2026-08-15 08:24:42,872] [SUBPROCESS]    2026-08-15 08:24:42 +0200: Memory Usage (449848K) : metal2_OPC has 0 polygons
[2026-08-15 08:24:42,873] [SUBPROCESS]    2026-08-15 08:24:42 +0200: Memory Usage (449848K) : metal2_noqrc has 0 polygons
[2026-08-15 08:24:42,873] [SUBPROCESS]    2026-08-15 08:24:42 +0200: Memory Usage (449976K) : metal2_res has 0 polygons
[2026-08-15 08:24:42,874] [SUBPROCESS]    2026-08-15 08:24:42 +0200: Memory Usage (449976K) : metal2_iprobe has 0 polygons
[2026-08-15 08:24:42,875] [SUBPROCESS]    2026-08-15 08:24:42 +0200: Memory Usage (450104K) : metal2_diffprb has 0 polygons
[2026-08-15 08:24:42,875] [SUBPROCESS]    2026-08-15 08:24:42 +0200: Memory Usage (450232K) : baspoly_drw has 0 polygons
[2026-08-15 08:24:42,876] [SUBPROCESS]    2026-08-15 08:24:42 +0200: Memory Usage (450232K) : baspoly_pin has 0 polygons
[2026-08-15 08:24:42,876] [SUBPROCESS]    2026-08-15 08:24:42 +0200: Memory Usage (450360K) : psd_drw has 11 polygons
[2026-08-15 08:24:42,877] [SUBPROCESS]    2026-08-15 08:24:42 +0200: Memory Usage (450488K) : nldb_drw has 0 polygons
[2026-08-15 08:24:42,878] [SUBPROCESS]    2026-08-15 08:24:42 +0200: Memory Usage (450488K) : digibnd_drw has 0 polygons
[2026-08-15 08:24:42,878] [SUBPROCESS]    2026-08-15 08:24:42 +0200: Memory Usage (450616K) : via1_drw has 131 polygons
[2026-08-15 08:24:42,879] [SUBPROCESS]    2026-08-15 08:24:42 +0200: Memory Usage (450616K) : backmetal1_drw has 0 polygons
[2026-08-15 08:24:42,880] [SUBPROCESS]    2026-08-15 08:24:42 +0200: Memory Usage (450744K) : backmetal1_pin has 0 polygons
[2026-08-15 08:24:42,880] [SUBPROCESS]    2026-08-15 08:24:42 +0200: Memory Usage (450744K) : backmetal1_mask has 0 polygons
[2026-08-15 08:24:42,881] [SUBPROCESS]    2026-08-15 08:24:42 +0200: Memory Usage (450872K) : backmetal1_filler has 0 polygons
[2026-08-15 08:24:42,881] [SUBPROCESS]    2026-08-15 08:24:42 +0200: Memory Usage (451000K) : backmetal1_nofill has 0 polygons
[2026-08-15 08:24:42,882] [SUBPROCESS]    2026-08-15 08:24:42 +0200: Memory Usage (451000K) : backmetal1_slit has 0 polygons
[2026-08-15 08:24:42,883] [SUBPROCESS]    2026-08-15 08:24:42 +0200: Memory Usage (451128K) : backmetal1_text has 0 polygons
[2026-08-15 08:24:42,883] [SUBPROCESS]    2026-08-15 08:24:42 +0200: Memory Usage (451128K) : backmetal1_OPC has 0 polygons
[2026-08-15 08:24:42,884] [SUBPROCESS]    2026-08-15 08:24:42 +0200: Memory Usage (451256K) : backmetal1_noqrc has 0 polygons
[2026-08-15 08:24:42,884] [SUBPROCESS]    2026-08-15 08:24:42 +0200: Memory Usage (451256K) : backmetal1_res has 0 polygons
[2026-08-15 08:24:42,885] [SUBPROCESS]    2026-08-15 08:24:42 +0200: Memory Usage (451384K) : backmetal1_iprobe has 0 polygons
[2026-08-15 08:24:42,886] [SUBPROCESS]    2026-08-15 08:24:42 +0200: Memory Usage (451384K) : backmetal1_diffprb has 0 polygons
[2026-08-15 08:24:42,886] [SUBPROCESS]    2026-08-15 08:24:42 +0200: Memory Usage (451512K) : backpassiv_drw has 0 polygons
[2026-08-15 08:24:42,887] [SUBPROCESS]    2026-08-15 08:24:42 +0200: Memory Usage (451640K) : res_drw has 0 polygons
[2026-08-15 08:24:42,887] [SUBPROCESS]    2026-08-15 08:24:42 +0200: Memory Usage (451640K) : sram_drw has 0 polygons
[2026-08-15 08:24:42,928] [SUBPROCESS]    2026-08-15 08:24:42 +0200: Memory Usage (451768K) : trans_drw has 0 polygons
[2026-08-15 08:24:42,929] [SUBPROCESS]    2026-08-15 08:24:42 +0200: Memory Usage (451896K) : ind_drw has 0 polygons
[2026-08-15 08:24:42,929] [SUBPROCESS]    2026-08-15 08:24:42 +0200: Memory Usage (451896K) : ind_pin has 0 polygons
[2026-08-15 08:24:42,930] [SUBPROCESS]    2026-08-15 08:24:42 +0200: Memory Usage (452024K) : ind_text has 0 polygons
[2026-08-15 08:24:42,930] [SUBPROCESS]    2026-08-15 08:24:42 +0200: Memory Usage (452024K) : salblock_drw has 0 polygons
[2026-08-15 08:24:42,931] [SUBPROCESS]    2026-08-15 08:24:42 +0200: Memory Usage (452152K) : via2_drw has 32 polygons
[2026-08-15 08:24:42,932] [SUBPROCESS]    2026-08-15 08:24:42 +0200: Memory Usage (452280K) : metal3_drw has 46 polygons
[2026-08-15 08:24:42,933] [SUBPROCESS]    2026-08-15 08:24:42 +0200: Memory Usage (452408K) : metal3_filler has 0 polygons
[2026-08-15 08:24:42,933] [SUBPROCESS]    2026-08-15 08:24:42 +0200: Memory Usage (452408K) : metal3_slit has 0 polygons
[2026-08-15 08:24:42,934] [SUBPROCESS]    2026-08-15 08:24:42 +0200: Memory Usage (452536K) : metal3 has 46 polygons
[2026-08-15 08:24:42,934] [SUBPROCESS]    2026-08-15 08:24:42 +0200: Memory Usage (452664K) : metal3_pin has 3 polygons
[2026-08-15 08:24:42,935] [SUBPROCESS]    2026-08-15 08:24:42 +0200: Memory Usage (452664K) : metal3_mask has 0 polygons
[2026-08-15 08:24:42,935] [SUBPROCESS]    2026-08-15 08:24:42 +0200: Memory Usage (452792K) : metal3_nofill has 0 polygons
[2026-08-15 08:24:42,936] [SUBPROCESS]    2026-08-15 08:24:42 +0200: Memory Usage (452792K) : metal3_text has 3 polygons
[2026-08-15 08:24:42,936] [SUBPROCESS]    2026-08-15 08:24:42 +0200: Memory Usage (452920K) : metal3_OPC has 0 polygons
[2026-08-15 08:24:42,937] [SUBPROCESS]    2026-08-15 08:24:42 +0200: Memory Usage (453048K) : metal3_noqrc has 0 polygons
[2026-08-15 08:24:42,938] [SUBPROCESS]    2026-08-15 08:24:42 +0200: Memory Usage (453048K) : metal3_res has 0 polygons
[2026-08-15 08:24:42,938] [SUBPROCESS]    2026-08-15 08:24:42 +0200: Memory Usage (453176K) : metal3_iprobe has 0 polygons
[2026-08-15 08:24:42,939] [SUBPROCESS]    2026-08-15 08:24:42 +0200: Memory Usage (453176K) : metal3_diffprb has 0 polygons
[2026-08-15 08:24:42,939] [SUBPROCESS]    2026-08-15 08:24:42 +0200: Memory Usage (453304K) : nwell_drw has 6 polygons
[2026-08-15 08:24:42,940] [SUBPROCESS]    2026-08-15 08:24:42 +0200: Memory Usage (453432K) : nwell_pin has 0 polygons
[2026-08-15 08:24:42,940] [SUBPROCESS]    2026-08-15 08:24:42 +0200: Memory Usage (453432K) : nwell_text has 0 polygons
[2026-08-15 08:24:42,941] [SUBPROCESS]    2026-08-15 08:24:42 +0200: Memory Usage (453560K) : nbulay_drw has 0 polygons
[2026-08-15 08:24:42,942] [SUBPROCESS]    2026-08-15 08:24:42 +0200: Memory Usage (453688K) : nbulay_pin has 0 polygons
[2026-08-15 08:24:42,943] [SUBPROCESS]    2026-08-15 08:24:42 +0200: Memory Usage (453688K) : nbulay_block has 0 polygons
[2026-08-15 08:24:42,943] [SUBPROCESS]    2026-08-15 08:24:42 +0200: Memory Usage (453816K) : emwind_drw has 0 polygons
[2026-08-15 08:24:42,944] [SUBPROCESS]    2026-08-15 08:24:42 +0200: Memory Usage (453816K) : emwind_OPC has 0 polygons
[2026-08-15 08:24:42,944] [SUBPROCESS]    2026-08-15 08:24:42 +0200: Memory Usage (453944K) : deepco_drw has 0 polygons
[2026-08-15 08:24:42,945] [SUBPROCESS]    2026-08-15 08:24:42 +0200: Memory Usage (453944K) : mim_drw has 0 polygons
[2026-08-15 08:24:42,945] [SUBPROCESS]    2026-08-15 08:24:42 +0200: Memory Usage (454072K) : edgeseal_drw has 0 polygons
[2026-08-15 08:24:42,946] [SUBPROCESS]    2026-08-15 08:24:42 +0200: Memory Usage (454200K) : substrate_drw has 0 polygons
[2026-08-15 08:24:42,946] [SUBPROCESS]    2026-08-15 08:24:42 +0200: Memory Usage (454200K) : substrate_text has 0 polygons
[2026-08-15 08:24:42,947] [SUBPROCESS]    2026-08-15 08:24:42 +0200: Memory Usage (454200K) : dfpad_drw has 0 polygons
[2026-08-15 08:24:42,947] [SUBPROCESS]    2026-08-15 08:24:42 +0200: Memory Usage (454328K) : dfpad_pillar has 0 polygons
[2026-08-15 08:24:42,948] [SUBPROCESS]    2026-08-15 08:24:42 +0200: Memory Usage (454328K) : dfpad_sbump has 0 polygons
[2026-08-15 08:24:42,949] [SUBPROCESS]    2026-08-15 08:24:42 +0200: Memory Usage (454328K) : thickgateox_drw has 0 polygons
[2026-08-15 08:24:42,949] [SUBPROCESS]    2026-08-15 08:24:42 +0200: Memory Usage (454456K) : pldb_drw has 0 polygons
[2026-08-15 08:24:42,950] [SUBPROCESS]    2026-08-15 08:24:42 +0200: Memory Usage (454456K) : pwell_drw has 0 polygons
[2026-08-15 08:24:42,950] [SUBPROCESS]    2026-08-15 08:24:42 +0200: Memory Usage (454584K) : pwell_pin has 0 polygons
[2026-08-15 08:24:42,951] [SUBPROCESS]    2026-08-15 08:24:42 +0200: Memory Usage (454584K) : pwell_block has 0 polygons
[2026-08-15 08:24:42,951] [SUBPROCESS]    2026-08-15 08:24:42 +0200: Memory Usage (454712K) : ic_drw has 0 polygons
[2026-08-15 08:24:42,952] [SUBPROCESS]    2026-08-15 08:24:42 +0200: Memory Usage (454712K) : via3_drw has 0 polygons
[2026-08-15 08:24:42,953] [SUBPROCESS]    2026-08-15 08:24:42 +0200: Memory Usage (454840K) : metal4_drw has 0 polygons
[2026-08-15 08:24:42,953] [SUBPROCESS]    2026-08-15 08:24:42 +0200: Memory Usage (454840K) : metal4_filler has 0 polygons
[2026-08-15 08:24:42,954] [SUBPROCESS]    2026-08-15 08:24:42 +0200: Memory Usage (454840K) : metal4_slit has 0 polygons
[2026-08-15 08:24:42,954] [SUBPROCESS]    2026-08-15 08:24:42 +0200: Memory Usage (454968K) : metal4 has 0 polygons
[2026-08-15 08:24:42,955] [SUBPROCESS]    2026-08-15 08:24:42 +0200: Memory Usage (455096K) : metal4_pin has 0 polygons
[2026-08-15 08:24:42,955] [SUBPROCESS]    2026-08-15 08:24:42 +0200: Memory Usage (455096K) : metal4_mask has 0 polygons
[2026-08-15 08:24:42,956] [SUBPROCESS]    2026-08-15 08:24:42 +0200: Memory Usage (455224K) : metal4_nofill has 0 polygons
[2026-08-15 08:24:42,956] [SUBPROCESS]    2026-08-15 08:24:42 +0200: Memory Usage (455224K) : metal4_text has 0 polygons
[2026-08-15 08:24:42,957] [SUBPROCESS]    2026-08-15 08:24:42 +0200: Memory Usage (455224K) : metal4_OPC has 0 polygons
[2026-08-15 08:24:42,958] [SUBPROCESS]    2026-08-15 08:24:42 +0200: Memory Usage (455352K) : metal4_noqrc has 0 polygons
[2026-08-15 08:24:42,959] [SUBPROCESS]    2026-08-15 08:24:42 +0200: Memory Usage (455352K) : metal4_res has 0 polygons
[2026-08-15 08:24:42,959] [SUBPROCESS]    2026-08-15 08:24:42 +0200: Memory Usage (455480K) : metal4_iprobe has 0 polygons
[2026-08-15 08:24:42,960] [SUBPROCESS]    2026-08-15 08:24:42 +0200: Memory Usage (455480K) : metal4_diffprb has 0 polygons
[2026-08-15 08:24:42,960] [SUBPROCESS]    2026-08-15 08:24:42 +0200: Memory Usage (455608K) : heattrans_drw has 0 polygons
[2026-08-15 08:24:42,961] [SUBPROCESS]    2026-08-15 08:24:42 +0200: Memory Usage (455608K) : heatres_drw has 0 polygons
[2026-08-15 08:24:42,962] [SUBPROCESS]    2026-08-15 08:24:42 +0200: Memory Usage (455736K) : fbe_drw has 0 polygons
[2026-08-15 08:24:42,962] [SUBPROCESS]    2026-08-15 08:24:42 +0200: Memory Usage (455736K) : empoly_drw has 0 polygons
[2026-08-15 08:24:42,963] [SUBPROCESS]    2026-08-15 08:24:42 +0200: Memory Usage (455864K) : digisub_drw has 0 polygons
[2026-08-15 08:24:42,963] [SUBPROCESS]    2026-08-15 08:24:42 +0200: Memory Usage (455864K) : text_drw has 55 polygons
[2026-08-15 08:24:42,964] [SUBPROCESS]    2026-08-15 08:24:42 +0200: Memory Usage (455864K) : via4_drw has 0 polygons
[2026-08-15 08:24:42,964] [SUBPROCESS]    2026-08-15 08:24:42 +0200: Memory Usage (455992K) : metal5_drw has 0 polygons
[2026-08-15 08:24:42,965] [SUBPROCESS]    2026-08-15 08:24:42 +0200: Memory Usage (455992K) : metal5_filler has 0 polygons
[2026-08-15 08:24:42,965] [SUBPROCESS]    2026-08-15 08:24:42 +0200: Memory Usage (456120K) : metal5_slit has 0 polygons
[2026-08-15 08:24:42,966] [SUBPROCESS]    2026-08-15 08:24:42 +0200: Memory Usage (456120K) : metal5 has 0 polygons
[2026-08-15 08:24:42,966] [SUBPROCESS]    2026-08-15 08:24:42 +0200: Memory Usage (456248K) : metal5_pin has 0 polygons
[2026-08-15 08:24:42,967] [SUBPROCESS]    2026-08-15 08:24:42 +0200: Memory Usage (456248K) : metal5_mask has 0 polygons
[2026-08-15 08:24:42,967] [SUBPROCESS]    2026-08-15 08:24:42 +0200: Memory Usage (456376K) : metal5_nofill has 0 polygons
[2026-08-15 08:24:42,968] [SUBPROCESS]    2026-08-15 08:24:42 +0200: Memory Usage (456376K) : metal5_text has 0 polygons
[2026-08-15 08:24:42,968] [SUBPROCESS]    2026-08-15 08:24:42 +0200: Memory Usage (456504K) : metal5_OPC has 0 polygons
[2026-08-15 08:24:42,969] [SUBPROCESS]    2026-08-15 08:24:42 +0200: Memory Usage (456504K) : metal5_noqrc has 0 polygons
[2026-08-15 08:24:42,970] [SUBPROCESS]    2026-08-15 08:24:42 +0200: Memory Usage (456632K) : metal5_res has 0 polygons
[2026-08-15 08:24:42,970] [SUBPROCESS]    2026-08-15 08:24:42 +0200: Memory Usage (456632K) : metal5_iprobe has 0 polygons
[2026-08-15 08:24:42,971] [SUBPROCESS]    2026-08-15 08:24:42 +0200: Memory Usage (456632K) : metal5_diffprb has 0 polygons
[2026-08-15 08:24:42,971] [SUBPROCESS]    2026-08-15 08:24:42 +0200: Memory Usage (456760K) : radhard_drw has 0 polygons
[2026-08-15 08:24:42,972] [SUBPROCESS]    2026-08-15 08:24:42 +0200: Memory Usage (456760K) : memcap_drw has 0 polygons
[2026-08-15 08:24:42,972] [SUBPROCESS]    2026-08-15 08:24:42 +0200: Memory Usage (456888K) : varicap_drw has 0 polygons
[2026-08-15 08:24:42,973] [SUBPROCESS]    2026-08-15 08:24:42 +0200: Memory Usage (456888K) : intbondvia_drw has 0 polygons
[2026-08-15 08:24:42,976] [SUBPROCESS]    2026-08-15 08:24:42 +0200: Memory Usage (457016K) : intbondmet_drw has 0 polygons
[2026-08-15 08:24:42,977] [SUBPROCESS]    2026-08-15 08:24:42 +0200: Memory Usage (457016K) : devbondvia_drw has 0 polygons
[2026-08-15 08:24:42,978] [SUBPROCESS]    2026-08-15 08:24:42 +0200: Memory Usage (457144K) : devbondmet_drw has 0 polygons
[2026-08-15 08:24:42,982] [SUBPROCESS]    2026-08-15 08:24:42 +0200: Memory Usage (457144K) : devtrench_drw has 0 polygons
[2026-08-15 08:24:42,983] [SUBPROCESS]    2026-08-15 08:24:42 +0200: Memory Usage (457272K) : redist_drw has 0 polygons
[2026-08-15 08:24:42,985] [SUBPROCESS]    2026-08-15 08:24:42 +0200: Memory Usage (457272K) : graphbot_drw has 0 polygons
[2026-08-15 08:24:42,986] [SUBPROCESS]    2026-08-15 08:24:42 +0200: Memory Usage (457272K) : graphtop_drw has 0 polygons
[2026-08-15 08:24:42,986] [SUBPROCESS]    2026-08-15 08:24:42 +0200: Memory Usage (457400K) : antvia1_drw has 0 polygons
[2026-08-15 08:24:42,987] [SUBPROCESS]    2026-08-15 08:24:42 +0200: Memory Usage (457400K) : antmetal2_drw has 0 polygons
[2026-08-15 08:24:42,987] [SUBPROCESS]    2026-08-15 08:24:42 +0200: Memory Usage (457528K) : graphcont_drw has 0 polygons
[2026-08-15 08:24:42,988] [SUBPROCESS]    2026-08-15 08:24:42 +0200: Memory Usage (457528K) : siwg_drw has 0 polygons
[2026-08-15 08:24:42,989] [SUBPROCESS]    2026-08-15 08:24:42 +0200: Memory Usage (457656K) : siwg_filler has 0 polygons
[2026-08-15 08:24:42,989] [SUBPROCESS]    2026-08-15 08:24:42 +0200: Memory Usage (457656K) : siwg_nofill has 0 polygons
[2026-08-15 08:24:42,990] [SUBPROCESS]    2026-08-15 08:24:42 +0200: Memory Usage (457784K) : sigrating_drw has 0 polygons
[2026-08-15 08:24:42,991] [SUBPROCESS]    2026-08-15 08:24:42 +0200: Memory Usage (457784K) : singrating_drw has 0 polygons
[2026-08-15 08:24:42,991] [SUBPROCESS]    2026-08-15 08:24:42 +0200: Memory Usage (457912K) : graphpas_drw has 0 polygons
[2026-08-15 08:24:42,992] [SUBPROCESS]    2026-08-15 08:24:42 +0200: Memory Usage (458040K) : emwind3_drw has 0 polygons
[2026-08-15 08:24:42,993] [SUBPROCESS]    2026-08-15 08:24:42 +0200: Memory Usage (458040K) : emwihv3_drw has 0 polygons
[2026-08-15 08:24:42,994] [SUBPROCESS]    2026-08-15 08:24:42 +0200: Memory Usage (458168K) : redbulay_drw has 0 polygons
[2026-08-15 08:24:42,994] [SUBPROCESS]    2026-08-15 08:24:42 +0200: Memory Usage (458168K) : smos_drw has 0 polygons
[2026-08-15 08:24:42,995] [SUBPROCESS]    2026-08-15 08:24:42 +0200: Memory Usage (458296K) : graphpad_drw has 0 polygons
[2026-08-15 08:24:42,996] [SUBPROCESS]    2026-08-15 08:24:42 +0200: Memory Usage (458296K) : polimide_drw has 0 polygons
[2026-08-15 08:24:42,996] [SUBPROCESS]    2026-08-15 08:24:42 +0200: Memory Usage (458424K) : polimide_pin has 0 polygons
[2026-08-15 08:24:42,997] [SUBPROCESS]    2026-08-15 08:24:42 +0200: Memory Usage (458424K) : recog_drw has 0 polygons
[2026-08-15 08:24:42,997] [SUBPROCESS]    2026-08-15 08:24:42 +0200: Memory Usage (458552K) : recog_pin has 0 polygons
[2026-08-15 08:24:43,046] [SUBPROCESS]    2026-08-15 08:24:42 +0200: Memory Usage (458680K) : recog_esd has 0 polygons
[2026-08-15 08:24:43,047] [SUBPROCESS]    2026-08-15 08:24:42 +0200: Memory Usage (458680K) : recog_diode has 0 polygons
[2026-08-15 08:24:43,048] [SUBPROCESS]    2026-08-15 08:24:42 +0200: Memory Usage (458808K) : recog_tsv has 0 polygons
[2026-08-15 08:24:43,049] [SUBPROCESS]    2026-08-15 08:24:42 +0200: Memory Usage (458808K) : recog_iprobe has 0 polygons
[2026-08-15 08:24:43,049] [SUBPROCESS]    2026-08-15 08:24:42 +0200: Memory Usage (458936K) : recog_diffprb has 0 polygons
[2026-08-15 08:24:43,050] [SUBPROCESS]    2026-08-15 08:24:42 +0200: Memory Usage (458936K) : recog_pillar has 0 polygons
[2026-08-15 08:24:43,050] [SUBPROCESS]    2026-08-15 08:24:42 +0200: Memory Usage (459064K) : recog_sbump has 0 polygons
[2026-08-15 08:24:43,051] [SUBPROCESS]    2026-08-15 08:24:42 +0200: Memory Usage (459064K) : recog_otp has 0 polygons
[2026-08-15 08:24:43,052] [SUBPROCESS]    2026-08-15 08:24:42 +0200: Memory Usage (459192K) : recog_pdiode has 0 polygons
[2026-08-15 08:24:43,052] [SUBPROCESS]    2026-08-15 08:24:42 +0200: Memory Usage (459192K) : recog_mom has 0 polygons
[2026-08-15 08:24:43,053] [SUBPROCESS]    2026-08-15 08:24:42 +0200: Memory Usage (459192K) : recog_pcm has 0 polygons
[2026-08-15 08:24:43,054] [SUBPROCESS]    2026-08-15 08:24:42 +0200: Memory Usage (459320K) : colopen_drw has 0 polygons
[2026-08-15 08:24:43,054] [SUBPROCESS]    2026-08-15 08:24:42 +0200: Memory Usage (459320K) : graphmetal1_drw has 0 polygons
[2026-08-15 08:24:43,055] [SUBPROCESS]    2026-08-15 08:24:42 +0200: Memory Usage (459448K) : graphmetal1_filler has 0 polygons
[2026-08-15 08:24:43,056] [SUBPROCESS]    2026-08-15 08:24:42 +0200: Memory Usage (459448K) : graphmetal1_nofill has 0 polygons
[2026-08-15 08:24:43,056] [SUBPROCESS]    2026-08-15 08:24:42 +0200: Memory Usage (459576K) : graphmetal1_slit has 0 polygons
[2026-08-15 08:24:43,057] [SUBPROCESS]    2026-08-15 08:24:42 +0200: Memory Usage (459576K) : graphmetal1_OPC has 0 polygons
[2026-08-15 08:24:43,058] [SUBPROCESS]    2026-08-15 08:24:42 +0200: Memory Usage (459704K) : graphmet1l_drw has 0 polygons
[2026-08-15 08:24:43,058] [SUBPROCESS]    2026-08-15 08:24:42 +0200: Memory Usage (459704K) : graphmet1l_filler has 0 polygons
[2026-08-15 08:24:43,059] [SUBPROCESS]    2026-08-15 08:24:42 +0200: Memory Usage (459704K) : graphmet1l_nofill has 0 polygons
[2026-08-15 08:24:43,060] [SUBPROCESS]    2026-08-15 08:24:42 +0200: Memory Usage (459832K) : graphmet1l_slit has 0 polygons
[2026-08-15 08:24:43,061] [SUBPROCESS]    2026-08-15 08:24:42 +0200: Memory Usage (459832K) : graphmet1l_OPC has 0 polygons
[2026-08-15 08:24:43,061] [SUBPROCESS]    2026-08-15 08:24:42 +0200: Memory Usage (459960K) : extblock_drw has 0 polygons
[2026-08-15 08:24:43,062] [SUBPROCESS]    2026-08-15 08:24:42 +0200: Memory Usage (459960K) : nldd_drw has 0 polygons
[2026-08-15 08:24:43,063] [SUBPROCESS]    2026-08-15 08:24:42 +0200: Memory Usage (460088K) : pldd_drw has 0 polygons
[2026-08-15 08:24:43,063] [SUBPROCESS]    2026-08-15 08:24:42 +0200: Memory Usage (460088K) : next_drw has 0 polygons
[2026-08-15 08:24:43,064] [SUBPROCESS]    2026-08-15 08:24:42 +0200: Memory Usage (460216K) : pext_drw has 0 polygons
[2026-08-15 08:24:43,065] [SUBPROCESS]    2026-08-15 08:24:42 +0200: Memory Usage (460216K) : nexthv_drw has 0 polygons
[2026-08-15 08:24:43,065] [SUBPROCESS]    2026-08-15 08:24:42 +0200: Memory Usage (460344K) : pexthv_drw has 0 polygons
[2026-08-15 08:24:43,066] [SUBPROCESS]    2026-08-15 08:24:42 +0200: Memory Usage (460344K) : graphgate_drw has 0 polygons
[2026-08-15 08:24:43,067] [SUBPROCESS]    2026-08-15 08:24:42 +0200: Memory Usage (460472K) : sinwg_drw has 0 polygons
[2026-08-15 08:24:43,067] [SUBPROCESS]    2026-08-15 08:24:42 +0200: Memory Usage (460472K) : sinwg_filler has 0 polygons
[2026-08-15 08:24:43,068] [SUBPROCESS]    2026-08-15 08:24:42 +0200: Memory Usage (460600K) : sinwg_nofill has 0 polygons
[2026-08-15 08:24:43,068] [SUBPROCESS]    2026-08-15 08:24:42 +0200: Memory Usage (460600K) : mempad_drw has 0 polygons
[2026-08-15 08:24:43,069] [SUBPROCESS]    2026-08-15 08:24:42 +0200: Memory Usage (460728K) : topvia1_drw has 0 polygons
[2026-08-15 08:24:43,070] [SUBPROCESS]    2026-08-15 08:24:42 +0200: Memory Usage (460728K) : topmetal1_drw has 0 polygons
[2026-08-15 08:24:43,070] [SUBPROCESS]    2026-08-15 08:24:42 +0200: Memory Usage (460856K) : topmetal1_filler has 0 polygons
[2026-08-15 08:24:43,071] [SUBPROCESS]    2026-08-15 08:24:42 +0200: Memory Usage (460856K) : topmetal1_slit has 0 polygons
[2026-08-15 08:24:43,071] [SUBPROCESS]    2026-08-15 08:24:42 +0200: Memory Usage (460984K) : topmetal1 has 0 polygons
[2026-08-15 08:24:43,072] [SUBPROCESS]    2026-08-15 08:24:42 +0200: Memory Usage (461112K) : topmetal1_pin has 0 polygons
[2026-08-15 08:24:43,073] [SUBPROCESS]    2026-08-15 08:24:42 +0200: Memory Usage (461240K) : topmetal1_mask has 0 polygons
[2026-08-15 08:24:43,073] [SUBPROCESS]    2026-08-15 08:24:42 +0200: Memory Usage (461240K) : topmetal1_nofill has 0 polygons
[2026-08-15 08:24:43,074] [SUBPROCESS]    2026-08-15 08:24:42 +0200: Memory Usage (461368K) : topmetal1_text has 0 polygons
[2026-08-15 08:24:43,075] [SUBPROCESS]    2026-08-15 08:24:42 +0200: Memory Usage (461368K) : topmetal1_noqrc has 0 polygons
[2026-08-15 08:24:43,076] [SUBPROCESS]    2026-08-15 08:24:42 +0200: Memory Usage (461368K) : topmetal1_res has 0 polygons
[2026-08-15 08:24:43,077] [SUBPROCESS]    2026-08-15 08:24:42 +0200: Memory Usage (461368K) : topmetal1_iprobe has 0 polygons
[2026-08-15 08:24:43,078] [SUBPROCESS]    2026-08-15 08:24:42 +0200: Memory Usage (461368K) : topmetal1_diffprb has 0 polygons
[2026-08-15 08:24:43,078] [SUBPROCESS]    2026-08-15 08:24:42 +0200: Memory Usage (461368K) : inldpwl_drw has 0 polygons
[2026-08-15 08:24:43,079] [SUBPROCESS]    2026-08-15 08:24:42 +0200: Memory Usage (461368K) : polyres_drw has 0 polygons
[2026-08-15 08:24:43,080] [SUBPROCESS]    2026-08-15 08:24:42 +0200: Memory Usage (461496K) : polyres_pin has 0 polygons
[2026-08-15 08:24:43,081] [SUBPROCESS]    2026-08-15 08:24:42 +0200: Memory Usage (461624K) : vmim_drw has 0 polygons
[2026-08-15 08:24:43,082] [SUBPROCESS]    2026-08-15 08:24:42 +0200: Memory Usage (461624K) : nbulaycut_drw has 0 polygons
[2026-08-15 08:24:43,082] [SUBPROCESS]    2026-08-15 08:24:42 +0200: Memory Usage (461752K) : antmetal1_drw has 0 polygons
[2026-08-15 08:24:43,083] [SUBPROCESS]    2026-08-15 08:24:42 +0200: Memory Usage (461752K) : topvia2_drw has 0 polygons
[2026-08-15 08:24:43,084] [SUBPROCESS]    2026-08-15 08:24:42 +0200: Memory Usage (461880K) : topmetal2_drw has 0 polygons
[2026-08-15 08:24:43,084] [SUBPROCESS]    2026-08-15 08:24:42 +0200: Memory Usage (462008K) : topmetal2_filler has 0 polygons
[2026-08-15 08:24:43,085] [SUBPROCESS]    2026-08-15 08:24:42 +0200: Memory Usage (462008K) : topmetal2_slit has 0 polygons
[2026-08-15 08:24:43,086] [SUBPROCESS]    2026-08-15 08:24:42 +0200: Memory Usage (462136K) : topmetal2 has 0 polygons
[2026-08-15 08:24:43,086] [SUBPROCESS]    2026-08-15 08:24:42 +0200: Memory Usage (462264K) : topmetal2_pin has 0 polygons
[2026-08-15 08:24:43,087] [SUBPROCESS]    2026-08-15 08:24:42 +0200: Memory Usage (462264K) : topmetal2_mask has 0 polygons
[2026-08-15 08:24:43,088] [SUBPROCESS]    2026-08-15 08:24:42 +0200: Memory Usage (462392K) : topmetal2_nofill has 0 polygons
[2026-08-15 08:24:43,088] [SUBPROCESS]    2026-08-15 08:24:42 +0200: Memory Usage (462392K) : topmetal2_text has 0 polygons
[2026-08-15 08:24:43,089] [SUBPROCESS]    2026-08-15 08:24:42 +0200: Memory Usage (462520K) : topmetal2_noqrc has 0 polygons
[2026-08-15 08:24:43,090] [SUBPROCESS]    2026-08-15 08:24:42 +0200: Memory Usage (462520K) : topmetal2_res has 0 polygons
[2026-08-15 08:24:43,090] [SUBPROCESS]    2026-08-15 08:24:42 +0200: Memory Usage (462648K) : topmetal2_iprobe has 0 polygons
[2026-08-15 08:24:43,091] [SUBPROCESS]    2026-08-15 08:24:42 +0200: Memory Usage (462776K) : topmetal2_diffprb has 0 polygons
[2026-08-15 08:24:43,092] [SUBPROCESS]    2026-08-15 08:24:42 +0200: Memory Usage (462776K) : snsring_drw has 0 polygons
[2026-08-15 08:24:43,095] [SUBPROCESS]    2026-08-15 08:24:43 +0200: Memory Usage (462904K) : sensor_drw has 0 polygons
[2026-08-15 08:24:43,097] [SUBPROCESS]    2026-08-15 08:24:43 +0200: Memory Usage (462904K) : snsarms_drw has 0 polygons
[2026-08-15 08:24:43,098] [SUBPROCESS]    2026-08-15 08:24:43 +0200: Memory Usage (463032K) : snscmosvia_drw has 0 polygons
[2026-08-15 08:24:43,099] [SUBPROCESS]    2026-08-15 08:24:43 +0200: Memory Usage (463032K) : colwind_drw has 0 polygons
[2026-08-15 08:24:43,100] [SUBPROCESS]    2026-08-15 08:24:43 +0200: Memory Usage (463160K) : flm_drw has 0 polygons
[2026-08-15 08:24:43,101] [SUBPROCESS]    2026-08-15 08:24:43 +0200: Memory Usage (463288K) : hafniumox_drw has 0 polygons
[2026-08-15 08:24:43,102] [SUBPROCESS]    2026-08-15 08:24:43 +0200: Memory Usage (463288K) : memvia_drw has 0 polygons
[2026-08-15 08:24:43,102] [SUBPROCESS]    2026-08-15 08:24:43 +0200: Memory Usage (463416K) : thinfilmres_drw has 0 polygons
[2026-08-15 08:24:43,103] [SUBPROCESS]    2026-08-15 08:24:43 +0200: Memory Usage (463416K) : rfmem_drw has 0 polygons
[2026-08-15 08:24:43,104] [SUBPROCESS]    2026-08-15 08:24:43 +0200: Memory Usage (463544K) : norcx_drw has 0 polygons
[2026-08-15 08:24:43,105] [SUBPROCESS]    2026-08-15 08:24:43 +0200: Memory Usage (463672K) : norcx_m2m3 has 0 polygons
[2026-08-15 08:24:43,105] [SUBPROCESS]    2026-08-15 08:24:43 +0200: Memory Usage (463672K) : norcx_m2m4 has 0 polygons
[2026-08-15 08:24:43,106] [SUBPROCESS]    2026-08-15 08:24:43 +0200: Memory Usage (463800K) : norcx_m2m5 has 0 polygons
[2026-08-15 08:24:43,107] [SUBPROCESS]    2026-08-15 08:24:43 +0200: Memory Usage (463800K) : norcx_m2tm1 has 0 polygons
[2026-08-15 08:24:43,107] [SUBPROCESS]    2026-08-15 08:24:43 +0200: Memory Usage (463928K) : norcx_m2tm2 has 0 polygons
[2026-08-15 08:24:43,108] [SUBPROCESS]    2026-08-15 08:24:43 +0200: Memory Usage (463928K) : norcx_m3m4 has 0 polygons
[2026-08-15 08:24:43,108] [SUBPROCESS]    2026-08-15 08:24:43 +0200: Memory Usage (464056K) : norcx_m3m5 has 0 polygons
[2026-08-15 08:24:43,109] [SUBPROCESS]    2026-08-15 08:24:43 +0200: Memory Usage (464184K) : norcx_m3tm1 has 0 polygons
[2026-08-15 08:24:43,111] [SUBPROCESS]    2026-08-15 08:24:43 +0200: Memory Usage (464184K) : norcx_m3tm2 has 0 polygons
[2026-08-15 08:24:43,112] [SUBPROCESS]    2026-08-15 08:24:43 +0200: Memory Usage (464312K) : norcx_m4m5 has 0 polygons
[2026-08-15 08:24:43,112] [SUBPROCESS]    2026-08-15 08:24:43 +0200: Memory Usage (464312K) : norcx_m4tm1 has 0 polygons
[2026-08-15 08:24:43,113] [SUBPROCESS]    2026-08-15 08:24:43 +0200: Memory Usage (464440K) : norcx_m4tm2 has 0 polygons
[2026-08-15 08:24:43,114] [SUBPROCESS]    2026-08-15 08:24:43 +0200: Memory Usage (464440K) : norcx_m5tm1 has 0 polygons
[2026-08-15 08:24:43,114] [SUBPROCESS]    2026-08-15 08:24:43 +0200: Memory Usage (464568K) : norcx_m5tm2 has 0 polygons
[2026-08-15 08:24:43,115] [SUBPROCESS]    2026-08-15 08:24:43 +0200: Memory Usage (464696K) : norcx_tm1tm2 has 0 polygons
[2026-08-15 08:24:43,116] [SUBPROCESS]    2026-08-15 08:24:43 +0200: Memory Usage (464696K) : norcx_m1sub has 0 polygons
[2026-08-15 08:24:43,117] [SUBPROCESS]    2026-08-15 08:24:43 +0200: Memory Usage (464824K) : norcx_m2sub has 0 polygons
[2026-08-15 08:24:43,117] [SUBPROCESS]    2026-08-15 08:24:43 +0200: Memory Usage (464824K) : norcx_m3sub has 0 polygons
[2026-08-15 08:24:43,118] [SUBPROCESS]    2026-08-15 08:24:43 +0200: Memory Usage (464952K) : norcx_m4sub has 0 polygons
[2026-08-15 08:24:43,119] [SUBPROCESS]    2026-08-15 08:24:43 +0200: Memory Usage (464952K) : norcx_m5sub has 0 polygons
[2026-08-15 08:24:43,119] [SUBPROCESS]    2026-08-15 08:24:43 +0200: Memory Usage (465080K) : norcx_tm1sub has 0 polygons
[2026-08-15 08:24:43,120] [SUBPROCESS]    2026-08-15 08:24:43 +0200: Memory Usage (465208K) : norcx_tm2sub has 0 polygons
[2026-08-15 08:24:43,121] [SUBPROCESS]    2026-08-15 08:24:43 +0200: Memory Usage (465208K) : snsbotvia_drw has 0 polygons
[2026-08-15 08:24:43,121] [SUBPROCESS]    2026-08-15 08:24:43 +0200: Memory Usage (465336K) : snstopvia_drw has 0 polygons
[2026-08-15 08:24:43,122] [SUBPROCESS]    2026-08-15 08:24:43 +0200: Memory Usage (465336K) : deepvia_drw has 0 polygons
[2026-08-15 08:24:43,122] [SUBPROCESS]    2026-08-15 08:24:43 +0200: Memory Usage (465464K) : fgetch_drw has 0 polygons
[2026-08-15 08:24:44,083] [SUBPROCESS]    2026-08-15 08:24:43 +0200: Memory Usage (465464K) : ctrgat_drw has 0 polygons
[2026-08-15 08:24:44,085] [SUBPROCESS]    2026-08-15 08:24:43 +0200: Memory Usage (465592K) : fgimp_drw has 0 polygons
[2026-08-15 08:24:44,087] [SUBPROCESS]    2026-08-15 08:24:43 +0200: Memory Usage (465720K) : emwihv_drw has 0 polygons
[2026-08-15 08:24:44,089] [SUBPROCESS]    2026-08-15 08:24:43 +0200: Memory Usage (465720K) : lbe_drw has 0 polygons
[2026-08-15 08:24:44,090] [SUBPROCESS]    2026-08-15 08:24:43 +0200: Memory Usage (465848K) : alcustop_drw has 0 polygons
[2026-08-15 08:24:44,091] [SUBPROCESS]    2026-08-15 08:24:43 +0200: Memory Usage (465848K) : nometfiller_drw has 0 polygons
[2026-08-15 08:24:44,092] [SUBPROCESS]    2026-08-15 08:24:43 +0200: Memory Usage (465976K) : prboundary_drw has 0 polygons
[2026-08-15 08:24:44,094] [SUBPROCESS]    2026-08-15 08:24:43 +0200: Memory Usage (465976K) : exchange0_drw has 0 polygons
[2026-08-15 08:24:44,096] [SUBPROCESS]    2026-08-15 08:24:43 +0200: Memory Usage (466104K) : exchange0_pin has 0 polygons
[2026-08-15 08:24:44,097] [SUBPROCESS]    2026-08-15 08:24:43 +0200: Memory Usage (466232K) : exchange0_text has 0 polygons
[2026-08-15 08:24:44,098] [SUBPROCESS]    2026-08-15 08:24:43 +0200: Memory Usage (466232K) : exchange1_drw has 0 polygons
[2026-08-15 08:24:44,099] [SUBPROCESS]    2026-08-15 08:24:43 +0200: Memory Usage (466360K) : exchange1_pin has 0 polygons
[2026-08-15 08:24:44,100] [SUBPROCESS]    2026-08-15 08:24:43 +0200: Memory Usage (466360K) : exchange1_text has 0 polygons
[2026-08-15 08:24:44,102] [SUBPROCESS]    2026-08-15 08:24:43 +0200: Memory Usage (466488K) : exchange2_drw has 0 polygons
[2026-08-15 08:24:44,103] [SUBPROCESS]    2026-08-15 08:24:43 +0200: Memory Usage (466488K) : exchange2_pin has 0 polygons
[2026-08-15 08:24:44,105] [SUBPROCESS]    2026-08-15 08:24:43 +0200: Memory Usage (466616K) : exchange2_text has 0 polygons
[2026-08-15 08:24:44,106] [SUBPROCESS]    2026-08-15 08:24:43 +0200: Memory Usage (466616K) : exchange3_drw has 0 polygons
[2026-08-15 08:24:44,108] [SUBPROCESS]    2026-08-15 08:24:43 +0200: Memory Usage (466744K) : exchange3_pin has 0 polygons
[2026-08-15 08:24:44,109] [SUBPROCESS]    2026-08-15 08:24:43 +0200: Memory Usage (466744K) : exchange3_text has 0 polygons
[2026-08-15 08:24:44,110] [SUBPROCESS]    2026-08-15 08:24:43 +0200: Memory Usage (466872K) : exchange4_drw has 0 polygons
[2026-08-15 08:24:44,112] [SUBPROCESS]    2026-08-15 08:24:43 +0200: Memory Usage (467000K) : exchange4_pin has 0 polygons
[2026-08-15 08:24:44,113] [SUBPROCESS]    2026-08-15 08:24:43 +0200: Memory Usage (467000K) : exchange4_text has 0 polygons
[2026-08-15 08:24:44,114] [SUBPROCESS]    2026-08-15 08:24:43 +0200: Memory Usage (467128K) : isonwell_drw has 0 polygons
[2026-08-15 08:24:44,116] [SUBPROCESS]    2026-08-15 08:24:43 +0200: Memory Usage (467128K) : Total no. of polygons in the design is 1382
[2026-08-15 08:24:44,117] [SUBPROCESS]    2026-08-15 08:24:43 +0200: Memory Usage (467128K) : Starting base layers derivations
[2026-08-15 08:24:44,118] [SUBPROCESS]    2026-08-15 08:24:43 +0200: Memory Usage (467128K) : Starting general LVS derivations
[2026-08-15 08:24:44,119] [SUBPROCESS]    2026-08-15 08:24:43 +0200: Memory Usage (473528K) : Starting MOSFET DERIVATIONS
[2026-08-15 08:24:44,121] [SUBPROCESS]    2026-08-15 08:24:43 +0200: Memory Usage (473784K) : Starting NMOS DERIVATIONS
[2026-08-15 08:24:44,123] [SUBPROCESS]    2026-08-15 08:24:43 +0200: Memory Usage (473784K) : Starting PMOS DERIVATIONS
[2026-08-15 08:24:44,124] [SUBPROCESS]    2026-08-15 08:24:43 +0200: Memory Usage (473784K) : Starting RF-MOSFET DERIVATIONS
[2026-08-15 08:24:44,126] [SUBPROCESS]    2026-08-15 08:24:43 +0200: Memory Usage (473784K) : Starting RF-NMOS DERIVATIONS
[2026-08-15 08:24:44,127] [SUBPROCESS]    2026-08-15 08:24:43 +0200: Memory Usage (473784K) : Starting RF-PMOS DERIVATIONS
[2026-08-15 08:24:44,128] [SUBPROCESS]    2026-08-15 08:24:43 +0200: Memory Usage (473784K) : Starting BJT DERIVATIONS
[2026-08-15 08:24:44,129] [SUBPROCESS]    2026-08-15 08:24:43 +0200: Memory Usage (473784K) : Starting NPN-BJT DERIVATIONS
[2026-08-15 08:24:44,130] [SUBPROCESS]    2026-08-15 08:24:43 +0200: Memory Usage (473784K) : Starting PNP-BJT DERIVATIONS
[2026-08-15 08:24:44,132] [SUBPROCESS]    2026-08-15 08:24:43 +0200: Memory Usage (473784K) : Starting DIODE DERIVATIONS
[2026-08-15 08:24:44,137] [SUBPROCESS]    2026-08-15 08:24:43 +0200: Memory Usage (473784K) : Starting RESISTOR DERIVATIONS
[2026-08-15 08:24:44,142] [SUBPROCESS]    2026-08-15 08:24:43 +0200: Memory Usage (473784K) : Starting CAP DERIVATIONS
[2026-08-15 08:24:44,143] [SUBPROCESS]    2026-08-15 08:24:43 +0200: Memory Usage (473784K) : Starting ESD DERIVATIONS
[2026-08-15 08:24:44,144] [SUBPROCESS]    2026-08-15 08:24:43 +0200: Memory Usage (477496K) : Starting Inductor DERIVATIONS
[2026-08-15 08:24:44,146] [SUBPROCESS]    2026-08-15 08:24:43 +0200: Memory Usage (477496K) : Starting Taps DERIVATIONS
[2026-08-15 08:24:44,147] [SUBPROCESS]    2026-08-15 08:24:43 +0200: Memory Usage (477624K) : Starting SG13G2 LVS connectivity setup
[2026-08-15 08:24:44,148] [SUBPROCESS]    2026-08-15 08:24:43 +0200: Memory Usage (477624K) : Starting SG13G2 LVS connectivity setup (Inter-layer)
[2026-08-15 08:24:44,151] [SUBPROCESS]    2026-08-15 08:24:43 +0200: Memory Usage (477624K) : Starting SG13G2 LVS connectivity setup (Global)
[2026-08-15 08:24:44,153] [SUBPROCESS]    2026-08-15 08:24:43 +0200: Memory Usage (477624K) : Starting LVS MOSFET CONNECTIONS
[2026-08-15 08:24:44,154] [SUBPROCESS]    2026-08-15 08:24:43 +0200: Memory Usage (477624K) : Starting LVS RF-MOSFET CONNECTIONS
[2026-08-15 08:24:44,156] [SUBPROCESS]    2026-08-15 08:24:43 +0200: Memory Usage (477624K) : Starting LVS BJT CONNECTIONS
[2026-08-15 08:24:44,157] [SUBPROCESS]    2026-08-15 08:24:43 +0200: Memory Usage (477624K) : Starting LVS DIODE CONNECTIONS
[2026-08-15 08:24:44,158] [SUBPROCESS]    2026-08-15 08:24:43 +0200: Memory Usage (477624K) : Starting RESISTOR CONNECTIONS
[2026-08-15 08:24:44,159] [SUBPROCESS]    2026-08-15 08:24:43 +0200: Memory Usage (477624K) : Starting LVS CAP CONNECTIONS
[2026-08-15 08:24:44,160] [SUBPROCESS]    2026-08-15 08:24:43 +0200: Memory Usage (477624K) : Starting ESD CONNECTIONS
[2026-08-15 08:24:44,162] [SUBPROCESS]    2026-08-15 08:24:43 +0200: Memory Usage (477624K) : Starting Inductor CONNECTIONS
[2026-08-15 08:24:44,163] [SUBPROCESS]    2026-08-15 08:24:43 +0200: Memory Usage (477624K) : Starting LVS Taps CONNECTIONS
[2026-08-15 08:24:44,164] [SUBPROCESS]    2026-08-15 08:24:43 +0200: Memory Usage (477624K) : Starting SG13G2 LVS DEVICES EXTRACTION
[2026-08-15 08:24:44,165] [SUBPROCESS]    2026-08-15 08:24:43 +0200: Memory Usage (477624K) : Starting MOSFET EXTRACTION
[2026-08-15 08:24:44,166] [SUBPROCESS]    2026-08-15 08:24:43 +0200: Memory Usage (477624K) : Starting NMOS EXTRACTION
[2026-08-15 08:24:44,168] [SUBPROCESS]    2026-08-15 08:24:43 +0200: Memory Usage (477624K) : Extraction of NMOS-LV transistor
[2026-08-15 08:24:44,170] [SUBPROCESS]    2026-08-15 08:24:44 +0200: Memory Usage (477624K) : Extraction of NMOS-HV transistor
[2026-08-15 08:24:44,172] [SUBPROCESS]    2026-08-15 08:24:44 +0200: Memory Usage (477624K) : Starting PMOS EXTRACTION
[2026-08-15 08:24:44,173] [SUBPROCESS]    2026-08-15 08:24:44 +0200: Memory Usage (477624K) : Extraction of PMOS-LV transistor
[2026-08-15 08:24:44,174] [SUBPROCESS]    2026-08-15 08:24:44 +0200: Memory Usage (477624K) : Extraction of PMOS-HV transistor
[2026-08-15 08:24:44,175] [SUBPROCESS]    2026-08-15 08:24:44 +0200: Memory Usage (477624K) : Starting RF-MOSFET EXTRACTION
[2026-08-15 08:24:44,175] [SUBPROCESS]    2026-08-15 08:24:44 +0200: Memory Usage (477624K) : Extraction of RF-NMOS-LV transistor
[2026-08-15 08:24:44,176] [SUBPROCESS]    2026-08-15 08:24:44 +0200: Memory Usage (477880K) : Extraction of RF-NMOS-HV transistor
[2026-08-15 08:24:44,177] [SUBPROCESS]    2026-08-15 08:24:44 +0200: Memory Usage (477880K) : Extraction of RF-PMOS-LV transistor
[2026-08-15 08:24:44,178] [SUBPROCESS]    2026-08-15 08:24:44 +0200: Memory Usage (477880K) : Extraction of RF-PMOS-HV transistor
[2026-08-15 08:24:44,179] [SUBPROCESS]    2026-08-15 08:24:44 +0200: Memory Usage (477880K) : Starting BJT EXTRACTION
[2026-08-15 08:24:44,180] [SUBPROCESS]    2026-08-15 08:24:44 +0200: Memory Usage (477880K) : Starting NPN-BJT EXTRACTION
[2026-08-15 08:24:44,181] [SUBPROCESS]    2026-08-15 08:24:44 +0200: Memory Usage (477880K) : Extraction of npn13G2 BJT transistor
[2026-08-15 08:24:44,182] [SUBPROCESS]    2026-08-15 08:24:44 +0200: Memory Usage (477880K) : Extraction of npn13G2L BJT transistor
[2026-08-15 08:24:44,184] [SUBPROCESS]    2026-08-15 08:24:44 +0200: Memory Usage (477880K) : Extraction of npn13G2V BJT transistor
[2026-08-15 08:24:44,185] [SUBPROCESS]    2026-08-15 08:24:44 +0200: Memory Usage (477880K) : Starting PNP-BJT EXTRACTION
[2026-08-15 08:24:44,186] [SUBPROCESS]    2026-08-15 08:24:44 +0200: Memory Usage (477880K) : Extracting pnpMPA BJT
[2026-08-15 08:24:44,187] [SUBPROCESS]    2026-08-15 08:24:44 +0200: Memory Usage (477880K) : Starting DIODE EXTRACTION
[2026-08-15 08:24:44,188] [SUBPROCESS]    2026-08-15 08:24:44 +0200: Memory Usage (477880K) : Extracting dantenna diode
[2026-08-15 08:24:44,189] [SUBPROCESS]    2026-08-15 08:24:44 +0200: Memory Usage (477880K) : Extracting dpantenna diode
[2026-08-15 08:24:44,191] [SUBPROCESS]    2026-08-15 08:24:44 +0200: Memory Usage (477880K) : Extracting schottky_nbl1 diode
[2026-08-15 08:24:44,192] [SUBPROCESS]    2026-08-15 08:24:44 +0200: Memory Usage (477880K) : Extracting isolbox diode
[2026-08-15 08:24:44,193] [SUBPROCESS]    2026-08-15 08:24:44 +0200: Memory Usage (477880K) : Starting RESISTOR EXTRACTION
[2026-08-15 08:24:44,194] [SUBPROCESS]    2026-08-15 08:24:44 +0200: Memory Usage (477880K) : Extracting rsil resistor
[2026-08-15 08:24:44,195] [SUBPROCESS]    2026-08-15 08:24:44 +0200: Memory Usage (477880K) : Extracting rppd resistor
[2026-08-15 08:24:44,196] [SUBPROCESS]    2026-08-15 08:24:44 +0200: Memory Usage (477880K) : Extracting rhigh resistor
[2026-08-15 08:24:44,197] [SUBPROCESS]    2026-08-15 08:24:44 +0200: Memory Usage (477880K) : Extracting res_metal1 resistor
[2026-08-15 08:24:44,199] [SUBPROCESS]    2026-08-15 08:24:44 +0200: Memory Usage (478008K) : Extracting res_metal2 resistor
[2026-08-15 08:24:44,200] [SUBPROCESS]    2026-08-15 08:24:44 +0200: Memory Usage (478008K) : Extracting res_metal3 resistor
[2026-08-15 08:24:44,201] [SUBPROCESS]    2026-08-15 08:24:44 +0200: Memory Usage (478008K) : Extracting res_metal4 resistor
[2026-08-15 08:24:44,203] [SUBPROCESS]    2026-08-15 08:24:44 +0200: Memory Usage (478008K) : Extracting res_metal5 resistor
[2026-08-15 08:24:44,204] [SUBPROCESS]    2026-08-15 08:24:44 +0200: Memory Usage (478008K) : Extracting res_topmetal1 resistor
[2026-08-15 08:24:44,206] [SUBPROCESS]    2026-08-15 08:24:44 +0200: Memory Usage (478008K) : Extracting res_topmetal2 resistor
[2026-08-15 08:24:44,207] [SUBPROCESS]    2026-08-15 08:24:44 +0200: Memory Usage (478008K) : Starting CAP EXTRACTION
[2026-08-15 08:24:44,208] [SUBPROCESS]    2026-08-15 08:24:44 +0200: Memory Usage (478008K) : Extracting cap_cmim device
[2026-08-15 08:24:44,209] [SUBPROCESS]    2026-08-15 08:24:44 +0200: Memory Usage (478008K) : Extracting rfcmim device
[2026-08-15 08:24:44,210] [SUBPROCESS]    2026-08-15 08:24:44 +0200: Memory Usage (478008K) : Extracting sg13_hv_svaricap varactor
[2026-08-15 08:24:44,212] [SUBPROCESS]    2026-08-15 08:24:44 +0200: Memory Usage (478008K) : Starting ESD EXTRACTION
[2026-08-15 08:24:44,213] [SUBPROCESS]    2026-08-15 08:24:44 +0200: Memory Usage (478008K) : Extracting diodevdd_2kv ESD device
[2026-08-15 08:24:44,214] [SUBPROCESS]    2026-08-15 08:24:44 +0200: Memory Usage (478008K) : Extracting diodevdd_4kv ESD device
[2026-08-15 08:24:44,215] [SUBPROCESS]    2026-08-15 08:24:44 +0200: Memory Usage (478008K) : Extracting diodevss_2kv ESD device
[2026-08-15 08:24:44,216] [SUBPROCESS]    2026-08-15 08:24:44 +0200: Memory Usage (478008K) : Extracting diodevss_4kv ESD device
[2026-08-15 08:24:44,218] [SUBPROCESS]    2026-08-15 08:24:44 +0200: Memory Usage (478008K) : Extracting idiodevdd_2kv ESD device
[2026-08-15 08:24:44,219] [SUBPROCESS]    2026-08-15 08:24:44 +0200: Memory Usage (478008K) : Extracting idiodevdd_4kv ESD device
[2026-08-15 08:24:44,262] [SUBPROCESS]    2026-08-15 08:24:44 +0200: Memory Usage (478008K) : Extracting idiodevss_2kv ESD device
[2026-08-15 08:24:44,264] [SUBPROCESS]    2026-08-15 08:24:44 +0200: Memory Usage (478008K) : Extracting idiodevss_4kv ESD device
[2026-08-15 08:24:44,265] [SUBPROCESS]    2026-08-15 08:24:44 +0200: Memory Usage (478008K) : Extracting nmoscl_2 ESD device
[2026-08-15 08:24:44,266] [SUBPROCESS]    2026-08-15 08:24:44 +0200: Memory Usage (478008K) : Extracting nmoscl_4 ESD device
[2026-08-15 08:24:44,267] [SUBPROCESS]    2026-08-15 08:24:44 +0200: Memory Usage (478008K) : Starting Inductor EXTRACTION
[2026-08-15 08:24:44,268] [SUBPROCESS]    2026-08-15 08:24:44 +0200: Memory Usage (478008K) : Extracting Inductor2 device
[2026-08-15 08:24:44,270] [SUBPROCESS]    2026-08-15 08:24:44 +0200: Memory Usage (478008K) : Extracting Inductor3 device
[2026-08-15 08:24:44,271] [SUBPROCESS]    2026-08-15 08:24:44 +0200: Memory Usage (478008K) : Starting Taps EXTRACTION
[2026-08-15 08:24:44,273] [SUBPROCESS]    2026-08-15 08:24:44 +0200: Memory Usage (478008K) : Extracting ntap1 device
[2026-08-15 08:24:44,274] [SUBPROCESS]    2026-08-15 08:24:44 +0200: Memory Usage (478008K) : Extracting ptap1 device
[2026-08-15 08:24:44,275] [SUBPROCESS]    2026-08-15 08:24:44 +0200: Memory Usage (478008K) : Starting SG13G2 LVS RF MOS Model Mapping
[2026-08-15 08:24:44,276] [SUBPROCESS]    2026-08-15 08:24:44 +0200: Memory Usage (478008K) : [layout_netlist] Apply RF MOS model mapping and rfmode parameter.
[2026-08-15 08:24:44,278] [SUBPROCESS]    2026-08-15 08:24:44 +0200: Memory Usage (478008K) : Starting SG13G2 LVS Options Preparations
[2026-08-15 08:24:44,279] [SUBPROCESS]    2026-08-15 08:24:44 +0200: Memory Usage (478008K) : SG13G2 LVS flow: extraction -> alignment -> option preparation -> comparison.
[2026-08-15 08:24:44,281] [SUBPROCESS]    2026-08-15 08:24:44 +0200: Memory Usage (478008K) : Starting SG13G2 LVS Alignment
[2026-08-15 08:24:44,282] [SUBPROCESS]    2026-08-15 08:24:44 +0200: Memory Usage (478136K) : Starting SG13G2 LVS Simplification
[2026-08-15 08:24:44,283] [SUBPROCESS]    2026-08-15 08:24:44 +0200: Memory Usage (478136K) : [layout_netlist] simplify: SKIPPED
[2026-08-15 08:24:44,286] [SUBPROCESS]    2026-08-15 08:24:44 +0200: Memory Usage (478136K) : [layout_netlist] make_top_level_pins: ENABLED
[2026-08-15 08:24:44,287] [SUBPROCESS]    2026-08-15 08:24:44 +0200: Memory Usage (478136K) : [layout_netlist] combine_devices: SKIPPED
[2026-08-15 08:24:44,290] [SUBPROCESS]    2026-08-15 08:24:44 +0200: Memory Usage (478136K) : [layout_netlist] purge: SKIPPED
[2026-08-15 08:24:44,292] [SUBPROCESS]    2026-08-15 08:24:44 +0200: Memory Usage (478136K) : [layout_netlist] purge_nets: SKIPPED
[2026-08-15 08:24:44,293] [SUBPROCESS]    2026-08-15 08:24:44 +0200: Memory Usage (478136K) : [schematic_netlist] simplify: SKIPPED
[2026-08-15 08:24:44,294] [SUBPROCESS]    2026-08-15 08:24:44 +0200: Memory Usage (478136K) : [schematic_netlist] make_top_level_pins: ENABLED
[2026-08-15 08:24:44,296] [SUBPROCESS]    2026-08-15 08:24:44 +0200: Memory Usage (478136K) : [schematic_netlist] combine_devices: SKIPPED
[2026-08-15 08:24:44,297] [SUBPROCESS]    2026-08-15 08:24:44 +0200: Memory Usage (478136K) : [schematic_netlist] purge: SKIPPED
[2026-08-15 08:24:44,298] [SUBPROCESS]    2026-08-15 08:24:44 +0200: Memory Usage (478136K) : [schematic_netlist] purge_nets: SKIPPED
[2026-08-15 08:24:44,302] [SUBPROCESS]    2026-08-15 08:24:44 +0200: Memory Usage (478136K) : Starting SG13G2 LVS Comparison in strict port mode.
[2026-08-15 08:24:44,305] [SUBPROCESS]    2026-08-15 08:24:44 +0200: Memory Usage (478136K) : flag_missing_ports enabled: missing/mislabeled top-level ports are treated as errors.
[2026-08-15 08:24:44,308] [SUBPROCESS]    2026-08-15 08:24:44 +0200: Memory Usage (478264K) : xxxxxxxxxxxxxxxxxxxxxxxxxxxxxxxxxxxxxxxxxx
[2026-08-15 08:24:44,310] [SUBPROCESS]    2026-08-15 08:24:44 +0200: Memory Usage (478264K) : ERROR : Netlists don't match
[2026-08-15 08:24:44,312] [SUBPROCESS]    2026-08-15 08:24:44 +0200: Memory Usage (478264K) : xxxxxxxxxxxxxxxxxxxxxxxxxxxxxxxxxxxxxxxxxx
[2026-08-15 08:24:44,313] [SUBPROCESS]    2026-08-15 08:24:44 +0200: Memory Usage (478264K) : LVS Total Run time 1.408839 seconds
[2026-08-15 08:24:44,607] [INFO]    klayout LVS succeeded after 6.162s
[2026-08-15 08:24:44,681] [WARNING]    Unable to find info about extracted LVS layer 'cont_drw'
[2026-08-15 08:24:44,685] [INFO]    (19, 0) -> (via1_drw)
[2026-08-15 08:24:44,687] [INFO]    (29, 0) -> (via2_drw)
[2026-08-15 08:24:44,688] [INFO]    (31, 0) -> (nwell_drw)
[2026-08-15 08:24:44,690] [INFO]    (65, 144) -> (ntap)
[2026-08-15 08:24:44,692] [INFO]    (46, 0) -> (pwell pwell_sub)
[2026-08-15 08:24:44,694] [INFO]    (5, 0) -> (poly_con)
[2026-08-15 08:24:44,695] [INFO]    (8, 0) -> (metal1_con)
[2026-08-15 08:24:44,696] [INFO]    (10, 0) -> (metal2_con)
[2026-08-15 08:24:44,697] [INFO]    (30, 0) -> (metal3_con)
[2026-08-15 08:24:44,698] [INFO]    (7, 0) -> (nsd_fet)
[2026-08-15 08:24:44,699] [INFO]    (14, 0) -> (psd_fet)
[2026-08-15 08:24:44,700] [INFO]    (65, 244) -> (ptap)
[2026-08-15 08:24:44,702] [INFO]    (6, 4403) -> (cont_poly_con)
[2026-08-15 08:24:44,703] [INFO]    (6, 4402) -> (cont_psd_con)
[2026-08-15 08:24:44,704] [INFO]    (6, 4401) -> (cont_nsd_con)
[2026-08-15 08:24:44,705] [INFO]    (10, 2) -> (metal2_pin_con)
[2026-08-15 08:24:44,706] [INFO]    (8, 2) -> (metal1_pin_con)
[2026-08-15 08:24:44,707] [INFO]    (30, 2) -> (metal3_pin_con)
