GDS input file passed, running in LVS mode
Found cell sa_comp in GDS sa_comp.gds (only top cell)
Cache miss: extracted LVSDB does not exist
kpex_out/.kpex_cache/ihp-sg13g2/foss/designs/sar-adc/layout/cmp/sa_comp.gds/sa_comp.lvsdb.gz
klayout -b -r /usr/local/lib/python3.12/dist-packages/klayout_pex/pdk/ihp-sg13g2/libs.tech/kpex/sg13g2.lvs -rd input=/foss/designs/sar-adc/layout/cmp/sa_comp.gds -rd report=/foss/designs/sar-adc/layout/cmp/kpex_out/sa_comp__sa_comp/sa_comp.lvsdb.gz -rd schematic=/foss/designs/sar-adc/layout/cmp/sa_comp.cdl -rd thr=22 -rd run_mode=deep -rd spice_net_names=true -rd spice_comments=false -rd scale=false -rd verbose=false -rd schematic_simplify=false -rd net_only=false -rd top_lvl_pins=true -rd combine=false -rd combine_devices=false -rd purge=false -rd purge_nets=false -rd no_simplify=true
kpex_out/sa_comp__sa_comp/sa_comp_lvs.log
2026-08-15 08:24:42 +0200: Memory Usage (444728K) : Starting running SG13G2 Klayout LVS runset on /foss/designs/sar-adc/layout/cmp/sa_comp.gds
2026-08-15 08:24:42 +0200: Memory Usage (444728K) : Ruby Version for klayout: 3.2.3
2026-08-15 08:24:42 +0200: Memory Usage (445752K) : Loading database to memory is complete.
2026-08-15 08:24:42 +0200: Memory Usage (445752K) : SG13G2 Klayout LVS runset output at: /foss/designs/sar-adc/layout/cmp/kpex_out/sa_comp__sa_comp/sa_comp.lvsdb.gz
2026-08-15 08:24:42 +0200: Memory Usage (445752K) : Evaluate switches.
2026-08-15 08:24:42 +0200: Memory Usage (445752K) : Extracted netlist with net names: true
2026-08-15 08:24:42 +0200: Memory Usage (445752K) : Extracted netlist with comments in details: false
2026-08-15 08:24:42 +0200: Memory Usage (445752K) : Selected NET_ONLY option: false
2026-08-15 08:24:42 +0200: Memory Usage (445752K) : Selected LAYOUT_NETLIST option: (none)
2026-08-15 08:24:42 +0200: Memory Usage (445752K) : Selected IGNORE_TOP_PORTS_MISMATCH option: 
2026-08-15 08:24:42 +0200: Memory Usage (445752K) : Selected IMPLICIT_NETS option: (none)
2026-08-15 08:24:42 +0200: Memory Usage (445752K) : Selected TOP_LVL_PINS option: true
2026-08-15 08:24:42 +0200: Memory Usage (445752K) : Selected COMBINE DEVICES option: false
2026-08-15 08:24:42 +0200: Memory Usage (445752K) : Selected PURGE option: false
2026-08-15 08:24:42 +0200: Memory Usage (445752K) : Selected PURGE_NETS option: false
2026-08-15 08:24:42 +0200: Memory Usage (445752K) : Selected SIMPLIFY option: false
2026-08-15 08:24:42 +0200: Memory Usage (445752K) : Selected SERIES_RES option: true
2026-08-15 08:24:42 +0200: Memory Usage (445752K) : Selected PARALLEL_RES option: true
2026-08-15 08:24:42 +0200: Memory Usage (445752K) : deep  mode is enabled.
2026-08-15 08:24:42 +0200: Memory Usage (445880K) : Netlist file: /foss/designs/sar-adc/layout/cmp/sa_comp.cdl
2026-08-15 08:24:42 +0200: Memory Usage (445880K) : SG13G2 Klayout LVS extracted netlist file at: sa_comp_extracted.cir
2026-08-15 08:24:42 +0200: Memory Usage (445880K) : Applying SRAM integration support.
2026-08-15 08:24:42 +0200: Memory Usage (446008K) : Starting SG13G2 LVS runset
2026-08-15 08:24:42 +0200: Memory Usage (446008K) : Read in polygons from layers.
2026-08-15 08:24:42 +0200: Memory Usage (447160K) : activ_drw has 49 polygons
2026-08-15 08:24:42 +0200: Memory Usage (447160K) : activ_filler has 0 polygons
2026-08-15 08:24:42 +0200: Memory Usage (447160K) : activ has 49 polygons
2026-08-15 08:24:42 +0200: Memory Usage (447160K) : activ_pin has 0 polygons
2026-08-15 08:24:42 +0200: Memory Usage (447160K) : activ_mask has 0 polygons
2026-08-15 08:24:42 +0200: Memory Usage (447160K) : activ_nofill has 0 polygons
2026-08-15 08:24:42 +0200: Memory Usage (447160K) : activ_OPC has 0 polygons
2026-08-15 08:24:42 +0200: Memory Usage (447160K) : activ_iOPC has 0 polygons
2026-08-15 08:24:42 +0200: Memory Usage (447160K) : activ_noqrc has 0 polygons
2026-08-15 08:24:42 +0200: Memory Usage (447160K) : biwind_drw has 0 polygons
2026-08-15 08:24:42 +0200: Memory Usage (447160K) : biwind_OPC has 0 polygons
2026-08-15 08:24:42 +0200: Memory Usage (447160K) : gatpoly_drw has 40 polygons
2026-08-15 08:24:42 +0200: Memory Usage (447160K) : gatpoly_filler has 0 polygons
2026-08-15 08:24:42 +0200: Memory Usage (447160K) : gatpoly has 40 polygons
2026-08-15 08:24:42 +0200: Memory Usage (447160K) : gatpoly_pin has 0 polygons
2026-08-15 08:24:42 +0200: Memory Usage (447160K) : gatpoly_nofill has 0 polygons
2026-08-15 08:24:42 +0200: Memory Usage (447160K) : gatpoly_OPC has 0 polygons
2026-08-15 08:24:42 +0200: Memory Usage (447160K) : gatpoly_iOPC has 0 polygons
2026-08-15 08:24:42 +0200: Memory Usage (447160K) : gatpoly_noqrc has 0 polygons
2026-08-15 08:24:42 +0200: Memory Usage (447160K) : cont_drw has 640 polygons
2026-08-15 08:24:42 +0200: Memory Usage (447160K) : cont_OPC has 0 polygons
2026-08-15 08:24:42 +0200: Memory Usage (447160K) : nsd_drw has 0 polygons
2026-08-15 08:24:42 +0200: Memory Usage (447288K) : nsd_block has 0 polygons
2026-08-15 08:24:42 +0200: Memory Usage (447288K) : metal1_drw has 137 polygons
2026-08-15 08:24:42 +0200: Memory Usage (447416K) : metal1_filler has 0 polygons
2026-08-15 08:24:42 +0200: Memory Usage (447416K) : metal1_slit has 0 polygons
2026-08-15 08:24:42 +0200: Memory Usage (447800K) : metal1 has 137 polygons
2026-08-15 08:24:42 +0200: Memory Usage (447800K) : metal1_pin has 90 polygons
2026-08-15 08:24:42 +0200: Memory Usage (448312K) : metal1_mask has 0 polygons
2026-08-15 08:24:42 +0200: Memory Usage (448440K) : metal1_nofill has 0 polygons
2026-08-15 08:24:42 +0200: Memory Usage (448696K) : metal1_text has 2 polygons
2026-08-15 08:24:42 +0200: Memory Usage (448696K) : metal1_OPC has 0 polygons
2026-08-15 08:24:42 +0200: Memory Usage (448696K) : metal1_noqrc has 0 polygons
2026-08-15 08:24:42 +0200: Memory Usage (448696K) : metal1_res has 0 polygons
2026-08-15 08:24:42 +0200: Memory Usage (448696K) : metal1_iprobe has 0 polygons
2026-08-15 08:24:42 +0200: Memory Usage (448696K) : metal1_diffprb has 0 polygons
2026-08-15 08:24:42 +0200: Memory Usage (448824K) : passiv_drw has 0 polygons
2026-08-15 08:24:42 +0200: Memory Usage (448824K) : passiv_pin has 0 polygons
2026-08-15 08:24:42 +0200: Memory Usage (448952K) : passiv_sbump has 0 polygons
2026-08-15 08:24:42 +0200: Memory Usage (449080K) : passiv_pillar has 0 polygons
2026-08-15 08:24:42 +0200: Memory Usage (449080K) : passiv_pdl has 0 polygons
2026-08-15 08:24:42 +0200: Memory Usage (449208K) : metal2_drw has 133 polygons
2026-08-15 08:24:42 +0200: Memory Usage (449208K) : metal2_filler has 0 polygons
2026-08-15 08:24:42 +0200: Memory Usage (449336K) : metal2_slit has 0 polygons
2026-08-15 08:24:42 +0200: Memory Usage (449464K) : metal2 has 133 polygons
2026-08-15 08:24:42 +0200: Memory Usage (449464K) : metal2_pin has 2 polygons
2026-08-15 08:24:42 +0200: Memory Usage (449592K) : metal2_mask has 0 polygons
2026-08-15 08:24:42 +0200: Memory Usage (449592K) : metal2_nofill has 0 polygons
2026-08-15 08:24:42 +0200: Memory Usage (449720K) : metal2_text has 2 polygons
2026-08-15 08:24:42 +0200: Memory Usage (449848K) : metal2_OPC has 0 polygons
2026-08-15 08:24:42 +0200: Memory Usage (449848K) : metal2_noqrc has 0 polygons
2026-08-15 08:24:42 +0200: Memory Usage (449976K) : metal2_res has 0 polygons
2026-08-15 08:24:42 +0200: Memory Usage (449976K) : metal2_iprobe has 0 polygons
2026-08-15 08:24:42 +0200: Memory Usage (450104K) : metal2_diffprb has 0 polygons
2026-08-15 08:24:42 +0200: Memory Usage (450232K) : baspoly_drw has 0 polygons
2026-08-15 08:24:42 +0200: Memory Usage (450232K) : baspoly_pin has 0 polygons
2026-08-15 08:24:42 +0200: Memory Usage (450360K) : psd_drw has 11 polygons
2026-08-15 08:24:42 +0200: Memory Usage (450488K) : nldb_drw has 0 polygons
2026-08-15 08:24:42 +0200: Memory Usage (450488K) : digibnd_drw has 0 polygons
2026-08-15 08:24:42 +0200: Memory Usage (450616K) : via1_drw has 131 polygons
2026-08-15 08:24:42 +0200: Memory Usage (450616K) : backmetal1_drw has 0 polygons
2026-08-15 08:24:42 +0200: Memory Usage (450744K) : backmetal1_pin has 0 polygons
2026-08-15 08:24:42 +0200: Memory Usage (450744K) : backmetal1_mask has 0 polygons
2026-08-15 08:24:42 +0200: Memory Usage (450872K) : backmetal1_filler has 0 polygons
2026-08-15 08:24:42 +0200: Memory Usage (451000K) : backmetal1_nofill has 0 polygons
2026-08-15 08:24:42 +0200: Memory Usage (451000K) : backmetal1_slit has 0 polygons
2026-08-15 08:24:42 +0200: Memory Usage (451128K) : backmetal1_text has 0 polygons
2026-08-15 08:24:42 +0200: Memory Usage (451128K) : backmetal1_OPC has 0 polygons
2026-08-15 08:24:42 +0200: Memory Usage (451256K) : backmetal1_noqrc has 0 polygons
2026-08-15 08:24:42 +0200: Memory Usage (451256K) : backmetal1_res has 0 polygons
2026-08-15 08:24:42 +0200: Memory Usage (451384K) : backmetal1_iprobe has 0 polygons
2026-08-15 08:24:42 +0200: Memory Usage (451384K) : backmetal1_diffprb has 0 polygons
2026-08-15 08:24:42 +0200: Memory Usage (451512K) : backpassiv_drw has 0 polygons
2026-08-15 08:24:42 +0200: Memory Usage (451640K) : res_drw has 0 polygons
2026-08-15 08:24:42 +0200: Memory Usage (451640K) : sram_drw has 0 polygons
2026-08-15 08:24:42 +0200: Memory Usage (451768K) : trans_drw has 0 polygons
2026-08-15 08:24:42 +0200: Memory Usage (451896K) : ind_drw has 0 polygons
2026-08-15 08:24:42 +0200: Memory Usage (451896K) : ind_pin has 0 polygons
2026-08-15 08:24:42 +0200: Memory Usage (452024K) : ind_text has 0 polygons
2026-08-15 08:24:42 +0200: Memory Usage (452024K) : salblock_drw has 0 polygons
2026-08-15 08:24:42 +0200: Memory Usage (452152K) : via2_drw has 32 polygons
2026-08-15 08:24:42 +0200: Memory Usage (452280K) : metal3_drw has 46 polygons
2026-08-15 08:24:42 +0200: Memory Usage (452408K) : metal3_filler has 0 polygons
2026-08-15 08:24:42 +0200: Memory Usage (452408K) : metal3_slit has 0 polygons
2026-08-15 08:24:42 +0200: Memory Usage (452536K) : metal3 has 46 polygons
2026-08-15 08:24:42 +0200: Memory Usage (452664K) : metal3_pin has 3 polygons
2026-08-15 08:24:42 +0200: Memory Usage (452664K) : metal3_mask has 0 polygons
2026-08-15 08:24:42 +0200: Memory Usage (452792K) : metal3_nofill has 0 polygons
2026-08-15 08:24:42 +0200: Memory Usage (452792K) : metal3_text has 3 polygons
2026-08-15 08:24:42 +0200: Memory Usage (452920K) : metal3_OPC has 0 polygons
2026-08-15 08:24:42 +0200: Memory Usage (453048K) : metal3_noqrc has 0 polygons
2026-08-15 08:24:42 +0200: Memory Usage (453048K) : metal3_res has 0 polygons
2026-08-15 08:24:42 +0200: Memory Usage (453176K) : metal3_iprobe has 0 polygons
2026-08-15 08:24:42 +0200: Memory Usage (453176K) : metal3_diffprb has 0 polygons
2026-08-15 08:24:42 +0200: Memory Usage (453304K) : nwell_drw has 6 polygons
2026-08-15 08:24:42 +0200: Memory Usage (453432K) : nwell_pin has 0 polygons
2026-08-15 08:24:42 +0200: Memory Usage (453432K) : nwell_text has 0 polygons
2026-08-15 08:24:42 +0200: Memory Usage (453560K) : nbulay_drw has 0 polygons
2026-08-15 08:24:42 +0200: Memory Usage (453688K) : nbulay_pin has 0 polygons
2026-08-15 08:24:42 +0200: Memory Usage (453688K) : nbulay_block has 0 polygons
2026-08-15 08:24:42 +0200: Memory Usage (453816K) : emwind_drw has 0 polygons
2026-08-15 08:24:42 +0200: Memory Usage (453816K) : emwind_OPC has 0 polygons
2026-08-15 08:24:42 +0200: Memory Usage (453944K) : deepco_drw has 0 polygons
2026-08-15 08:24:42 +0200: Memory Usage (453944K) : mim_drw has 0 polygons
2026-08-15 08:24:42 +0200: Memory Usage (454072K) : edgeseal_drw has 0 polygons
2026-08-15 08:24:42 +0200: Memory Usage (454200K) : substrate_drw has 0 polygons
2026-08-15 08:24:42 +0200: Memory Usage (454200K) : substrate_text has 0 polygons
2026-08-15 08:24:42 +0200: Memory Usage (454200K) : dfpad_drw has 0 polygons
2026-08-15 08:24:42 +0200: Memory Usage (454328K) : dfpad_pillar has 0 polygons
2026-08-15 08:24:42 +0200: Memory Usage (454328K) : dfpad_sbump has 0 polygons
2026-08-15 08:24:42 +0200: Memory Usage (454328K) : thickgateox_drw has 0 polygons
2026-08-15 08:24:42 +0200: Memory Usage (454456K) : pldb_drw has 0 polygons
2026-08-15 08:24:42 +0200: Memory Usage (454456K) : pwell_drw has 0 polygons
2026-08-15 08:24:42 +0200: Memory Usage (454584K) : pwell_pin has 0 polygons
2026-08-15 08:24:42 +0200: Memory Usage (454584K) : pwell_block has 0 polygons
2026-08-15 08:24:42 +0200: Memory Usage (454712K) : ic_drw has 0 polygons
2026-08-15 08:24:42 +0200: Memory Usage (454712K) : via3_drw has 0 polygons
2026-08-15 08:24:42 +0200: Memory Usage (454840K) : metal4_drw has 0 polygons
2026-08-15 08:24:42 +0200: Memory Usage (454840K) : metal4_filler has 0 polygons
2026-08-15 08:24:42 +0200: Memory Usage (454840K) : metal4_slit has 0 polygons
2026-08-15 08:24:42 +0200: Memory Usage (454968K) : metal4 has 0 polygons
2026-08-15 08:24:42 +0200: Memory Usage (455096K) : metal4_pin has 0 polygons
2026-08-15 08:24:42 +0200: Memory Usage (455096K) : metal4_mask has 0 polygons
2026-08-15 08:24:42 +0200: Memory Usage (455224K) : metal4_nofill has 0 polygons
2026-08-15 08:24:42 +0200: Memory Usage (455224K) : metal4_text has 0 polygons
2026-08-15 08:24:42 +0200: Memory Usage (455224K) : metal4_OPC has 0 polygons
2026-08-15 08:24:42 +0200: Memory Usage (455352K) : metal4_noqrc has 0 polygons
2026-08-15 08:24:42 +0200: Memory Usage (455352K) : metal4_res has 0 polygons
2026-08-15 08:24:42 +0200: Memory Usage (455480K) : metal4_iprobe has 0 polygons
2026-08-15 08:24:42 +0200: Memory Usage (455480K) : metal4_diffprb has 0 polygons
2026-08-15 08:24:42 +0200: Memory Usage (455608K) : heattrans_drw has 0 polygons
2026-08-15 08:24:42 +0200: Memory Usage (455608K) : heatres_drw has 0 polygons
2026-08-15 08:24:42 +0200: Memory Usage (455736K) : fbe_drw has 0 polygons
2026-08-15 08:24:42 +0200: Memory Usage (455736K) : empoly_drw has 0 polygons
2026-08-15 08:24:42 +0200: Memory Usage (455864K) : digisub_drw has 0 polygons
2026-08-15 08:24:42 +0200: Memory Usage (455864K) : text_drw has 55 polygons
2026-08-15 08:24:42 +0200: Memory Usage (455864K) : via4_drw has 0 polygons
2026-08-15 08:24:42 +0200: Memory Usage (455992K) : metal5_drw has 0 polygons
2026-08-15 08:24:42 +0200: Memory Usage (455992K) : metal5_filler has 0 polygons
2026-08-15 08:24:42 +0200: Memory Usage (456120K) : metal5_slit has 0 polygons
2026-08-15 08:24:42 +0200: Memory Usage (456120K) : metal5 has 0 polygons
2026-08-15 08:24:42 +0200: Memory Usage (456248K) : metal5_pin has 0 polygons
2026-08-15 08:24:42 +0200: Memory Usage (456248K) : metal5_mask has 0 polygons
2026-08-15 08:24:42 +0200: Memory Usage (456376K) : metal5_nofill has 0 polygons
2026-08-15 08:24:42 +0200: Memory Usage (456376K) : metal5_text has 0 polygons
2026-08-15 08:24:42 +0200: Memory Usage (456504K) : metal5_OPC has 0 polygons
2026-08-15 08:24:42 +0200: Memory Usage (456504K) : metal5_noqrc has 0 polygons
2026-08-15 08:24:42 +0200: Memory Usage (456632K) : metal5_res has 0 polygons
2026-08-15 08:24:42 +0200: Memory Usage (456632K) : metal5_iprobe has 0 polygons
2026-08-15 08:24:42 +0200: Memory Usage (456632K) : metal5_diffprb has 0 polygons
2026-08-15 08:24:42 +0200: Memory Usage (456760K) : radhard_drw has 0 polygons
2026-08-15 08:24:42 +0200: Memory Usage (456760K) : memcap_drw has 0 polygons
2026-08-15 08:24:42 +0200: Memory Usage (456888K) : varicap_drw has 0 polygons
2026-08-15 08:24:42 +0200: Memory Usage (456888K) : intbondvia_drw has 0 polygons
2026-08-15 08:24:42 +0200: Memory Usage (457016K) : intbondmet_drw has 0 polygons
2026-08-15 08:24:42 +0200: Memory Usage (457016K) : devbondvia_drw has 0 polygons
2026-08-15 08:24:42 +0200: Memory Usage (457144K) : devbondmet_drw has 0 polygons
2026-08-15 08:24:42 +0200: Memory Usage (457144K) : devtrench_drw has 0 polygons
2026-08-15 08:24:42 +0200: Memory Usage (457272K) : redist_drw has 0 polygons
2026-08-15 08:24:42 +0200: Memory Usage (457272K) : graphbot_drw has 0 polygons
2026-08-15 08:24:42 +0200: Memory Usage (457272K) : graphtop_drw has 0 polygons
2026-08-15 08:24:42 +0200: Memory Usage (457400K) : antvia1_drw has 0 polygons
2026-08-15 08:24:42 +0200: Memory Usage (457400K) : antmetal2_drw has 0 polygons
2026-08-15 08:24:42 +0200: Memory Usage (457528K) : graphcont_drw has 0 polygons
2026-08-15 08:24:42 +0200: Memory Usage (457528K) : siwg_drw has 0 polygons
2026-08-15 08:24:42 +0200: Memory Usage (457656K) : siwg_filler has 0 polygons
2026-08-15 08:24:42 +0200: Memory Usage (457656K) : siwg_nofill has 0 polygons
2026-08-15 08:24:42 +0200: Memory Usage (457784K) : sigrating_drw has 0 polygons
2026-08-15 08:24:42 +0200: Memory Usage (457784K) : singrating_drw has 0 polygons
2026-08-15 08:24:42 +0200: Memory Usage (457912K) : graphpas_drw has 0 polygons
2026-08-15 08:24:42 +0200: Memory Usage (458040K) : emwind3_drw has 0 polygons
2026-08-15 08:24:42 +0200: Memory Usage (458040K) : emwihv3_drw has 0 polygons
2026-08-15 08:24:42 +0200: Memory Usage (458168K) : redbulay_drw has 0 polygons
2026-08-15 08:24:42 +0200: Memory Usage (458168K) : smos_drw has 0 polygons
2026-08-15 08:24:42 +0200: Memory Usage (458296K) : graphpad_drw has 0 polygons
2026-08-15 08:24:42 +0200: Memory Usage (458296K) : polimide_drw has 0 polygons
2026-08-15 08:24:42 +0200: Memory Usage (458424K) : polimide_pin has 0 polygons
2026-08-15 08:24:42 +0200: Memory Usage (458424K) : recog_drw has 0 polygons
2026-08-15 08:24:42 +0200: Memory Usage (458552K) : recog_pin has 0 polygons
2026-08-15 08:24:42 +0200: Memory Usage (458680K) : recog_esd has 0 polygons
2026-08-15 08:24:42 +0200: Memory Usage (458680K) : recog_diode has 0 polygons
2026-08-15 08:24:42 +0200: Memory Usage (458808K) : recog_tsv has 0 polygons
2026-08-15 08:24:42 +0200: Memory Usage (458808K) : recog_iprobe has 0 polygons
2026-08-15 08:24:42 +0200: Memory Usage (458936K) : recog_diffprb has 0 polygons
2026-08-15 08:24:42 +0200: Memory Usage (458936K) : recog_pillar has 0 polygons
2026-08-15 08:24:42 +0200: Memory Usage (459064K) : recog_sbump has 0 polygons
2026-08-15 08:24:42 +0200: Memory Usage (459064K) : recog_otp has 0 polygons
2026-08-15 08:24:42 +0200: Memory Usage (459192K) : recog_pdiode has 0 polygons
2026-08-15 08:24:42 +0200: Memory Usage (459192K) : recog_mom has 0 polygons
2026-08-15 08:24:42 +0200: Memory Usage (459192K) : recog_pcm has 0 polygons
2026-08-15 08:24:42 +0200: Memory Usage (459320K) : colopen_drw has 0 polygons
2026-08-15 08:24:42 +0200: Memory Usage (459320K) : graphmetal1_drw has 0 polygons
2026-08-15 08:24:42 +0200: Memory Usage (459448K) : graphmetal1_filler has 0 polygons
2026-08-15 08:24:42 +0200: Memory Usage (459448K) : graphmetal1_nofill has 0 polygons
2026-08-15 08:24:42 +0200: Memory Usage (459576K) : graphmetal1_slit has 0 polygons
2026-08-15 08:24:42 +0200: Memory Usage (459576K) : graphmetal1_OPC has 0 polygons
2026-08-15 08:24:42 +0200: Memory Usage (459704K) : graphmet1l_drw has 0 polygons
2026-08-15 08:24:42 +0200: Memory Usage (459704K) : graphmet1l_filler has 0 polygons
2026-08-15 08:24:42 +0200: Memory Usage (459704K) : graphmet1l_nofill has 0 polygons
2026-08-15 08:24:42 +0200: Memory Usage (459832K) : graphmet1l_slit has 0 polygons
2026-08-15 08:24:42 +0200: Memory Usage (459832K) : graphmet1l_OPC has 0 polygons
2026-08-15 08:24:42 +0200: Memory Usage (459960K) : extblock_drw has 0 polygons
2026-08-15 08:24:42 +0200: Memory Usage (459960K) : nldd_drw has 0 polygons
2026-08-15 08:24:42 +0200: Memory Usage (460088K) : pldd_drw has 0 polygons
2026-08-15 08:24:42 +0200: Memory Usage (460088K) : next_drw has 0 polygons
2026-08-15 08:24:42 +0200: Memory Usage (460216K) : pext_drw has 0 polygons
2026-08-15 08:24:42 +0200: Memory Usage (460216K) : nexthv_drw has 0 polygons
2026-08-15 08:24:42 +0200: Memory Usage (460344K) : pexthv_drw has 0 polygons
2026-08-15 08:24:42 +0200: Memory Usage (460344K) : graphgate_drw has 0 polygons
2026-08-15 08:24:42 +0200: Memory Usage (460472K) : sinwg_drw has 0 polygons
2026-08-15 08:24:42 +0200: Memory Usage (460472K) : sinwg_filler has 0 polygons
2026-08-15 08:24:42 +0200: Memory Usage (460600K) : sinwg_nofill has 0 polygons
2026-08-15 08:24:42 +0200: Memory Usage (460600K) : mempad_drw has 0 polygons
2026-08-15 08:24:42 +0200: Memory Usage (460728K) : topvia1_drw has 0 polygons
2026-08-15 08:24:42 +0200: Memory Usage (460728K) : topmetal1_drw has 0 polygons
2026-08-15 08:24:42 +0200: Memory Usage (460856K) : topmetal1_filler has 0 polygons
2026-08-15 08:24:42 +0200: Memory Usage (460856K) : topmetal1_slit has 0 polygons
2026-08-15 08:24:42 +0200: Memory Usage (460984K) : topmetal1 has 0 polygons
2026-08-15 08:24:42 +0200: Memory Usage (461112K) : topmetal1_pin has 0 polygons
2026-08-15 08:24:42 +0200: Memory Usage (461240K) : topmetal1_mask has 0 polygons
2026-08-15 08:24:42 +0200: Memory Usage (461240K) : topmetal1_nofill has 0 polygons
2026-08-15 08:24:42 +0200: Memory Usage (461368K) : topmetal1_text has 0 polygons
2026-08-15 08:24:42 +0200: Memory Usage (461368K) : topmetal1_noqrc has 0 polygons
2026-08-15 08:24:42 +0200: Memory Usage (461368K) : topmetal1_res has 0 polygons
2026-08-15 08:24:42 +0200: Memory Usage (461368K) : topmetal1_iprobe has 0 polygons
2026-08-15 08:24:42 +0200: Memory Usage (461368K) : topmetal1_diffprb has 0 polygons
2026-08-15 08:24:42 +0200: Memory Usage (461368K) : inldpwl_drw has 0 polygons
2026-08-15 08:24:42 +0200: Memory Usage (461368K) : polyres_drw has 0 polygons
2026-08-15 08:24:42 +0200: Memory Usage (461496K) : polyres_pin has 0 polygons
2026-08-15 08:24:42 +0200: Memory Usage (461624K) : vmim_drw has 0 polygons
2026-08-15 08:24:42 +0200: Memory Usage (461624K) : nbulaycut_drw has 0 polygons
2026-08-15 08:24:42 +0200: Memory Usage (461752K) : antmetal1_drw has 0 polygons
2026-08-15 08:24:42 +0200: Memory Usage (461752K) : topvia2_drw has 0 polygons
2026-08-15 08:24:42 +0200: Memory Usage (461880K) : topmetal2_drw has 0 polygons
2026-08-15 08:24:42 +0200: Memory Usage (462008K) : topmetal2_filler has 0 polygons
2026-08-15 08:24:42 +0200: Memory Usage (462008K) : topmetal2_slit has 0 polygons
2026-08-15 08:24:42 +0200: Memory Usage (462136K) : topmetal2 has 0 polygons
2026-08-15 08:24:42 +0200: Memory Usage (462264K) : topmetal2_pin has 0 polygons
2026-08-15 08:24:42 +0200: Memory Usage (462264K) : topmetal2_mask has 0 polygons
2026-08-15 08:24:42 +0200: Memory Usage (462392K) : topmetal2_nofill has 0 polygons
2026-08-15 08:24:42 +0200: Memory Usage (462392K) : topmetal2_text has 0 polygons
2026-08-15 08:24:42 +0200: Memory Usage (462520K) : topmetal2_noqrc has 0 polygons
2026-08-15 08:24:42 +0200: Memory Usage (462520K) : topmetal2_res has 0 polygons
2026-08-15 08:24:42 +0200: Memory Usage (462648K) : topmetal2_iprobe has 0 polygons
2026-08-15 08:24:42 +0200: Memory Usage (462776K) : topmetal2_diffprb has 0 polygons
2026-08-15 08:24:42 +0200: Memory Usage (462776K) : snsring_drw has 0 polygons
2026-08-15 08:24:43 +0200: Memory Usage (462904K) : sensor_drw has 0 polygons
2026-08-15 08:24:43 +0200: Memory Usage (462904K) : snsarms_drw has 0 polygons
2026-08-15 08:24:43 +0200: Memory Usage (463032K) : snscmosvia_drw has 0 polygons
2026-08-15 08:24:43 +0200: Memory Usage (463032K) : colwind_drw has 0 polygons
2026-08-15 08:24:43 +0200: Memory Usage (463160K) : flm_drw has 0 polygons
2026-08-15 08:24:43 +0200: Memory Usage (463288K) : hafniumox_drw has 0 polygons
2026-08-15 08:24:43 +0200: Memory Usage (463288K) : memvia_drw has 0 polygons
2026-08-15 08:24:43 +0200: Memory Usage (463416K) : thinfilmres_drw has 0 polygons
2026-08-15 08:24:43 +0200: Memory Usage (463416K) : rfmem_drw has 0 polygons
2026-08-15 08:24:43 +0200: Memory Usage (463544K) : norcx_drw has 0 polygons
2026-08-15 08:24:43 +0200: Memory Usage (463672K) : norcx_m2m3 has 0 polygons
2026-08-15 08:24:43 +0200: Memory Usage (463672K) : norcx_m2m4 has 0 polygons
2026-08-15 08:24:43 +0200: Memory Usage (463800K) : norcx_m2m5 has 0 polygons
2026-08-15 08:24:43 +0200: Memory Usage (463800K) : norcx_m2tm1 has 0 polygons
2026-08-15 08:24:43 +0200: Memory Usage (463928K) : norcx_m2tm2 has 0 polygons
2026-08-15 08:24:43 +0200: Memory Usage (463928K) : norcx_m3m4 has 0 polygons
2026-08-15 08:24:43 +0200: Memory Usage (464056K) : norcx_m3m5 has 0 polygons
2026-08-15 08:24:43 +0200: Memory Usage (464184K) : norcx_m3tm1 has 0 polygons
2026-08-15 08:24:43 +0200: Memory Usage (464184K) : norcx_m3tm2 has 0 polygons
2026-08-15 08:24:43 +0200: Memory Usage (464312K) : norcx_m4m5 has 0 polygons
2026-08-15 08:24:43 +0200: Memory Usage (464312K) : norcx_m4tm1 has 0 polygons
2026-08-15 08:24:43 +0200: Memory Usage (464440K) : norcx_m4tm2 has 0 polygons
2026-08-15 08:24:43 +0200: Memory Usage (464440K) : norcx_m5tm1 has 0 polygons
2026-08-15 08:24:43 +0200: Memory Usage (464568K) : norcx_m5tm2 has 0 polygons
2026-08-15 08:24:43 +0200: Memory Usage (464696K) : norcx_tm1tm2 has 0 polygons
2026-08-15 08:24:43 +0200: Memory Usage (464696K) : norcx_m1sub has 0 polygons
2026-08-15 08:24:43 +0200: Memory Usage (464824K) : norcx_m2sub has 0 polygons
2026-08-15 08:24:43 +0200: Memory Usage (464824K) : norcx_m3sub has 0 polygons
2026-08-15 08:24:43 +0200: Memory Usage (464952K) : norcx_m4sub has 0 polygons
2026-08-15 08:24:43 +0200: Memory Usage (464952K) : norcx_m5sub has 0 polygons
2026-08-15 08:24:43 +0200: Memory Usage (465080K) : norcx_tm1sub has 0 polygons
2026-08-15 08:24:43 +0200: Memory Usage (465208K) : norcx_tm2sub has 0 polygons
2026-08-15 08:24:43 +0200: Memory Usage (465208K) : snsbotvia_drw has 0 polygons
2026-08-15 08:24:43 +0200: Memory Usage (465336K) : snstopvia_drw has 0 polygons
2026-08-15 08:24:43 +0200: Memory Usage (465336K) : deepvia_drw has 0 polygons
2026-08-15 08:24:43 +0200: Memory Usage (465464K) : fgetch_drw has 0 polygons
2026-08-15 08:24:43 +0200: Memory Usage (465464K) : ctrgat_drw has 0 polygons
2026-08-15 08:24:43 +0200: Memory Usage (465592K) : fgimp_drw has 0 polygons
2026-08-15 08:24:43 +0200: Memory Usage (465720K) : emwihv_drw has 0 polygons
2026-08-15 08:24:43 +0200: Memory Usage (465720K) : lbe_drw has 0 polygons
2026-08-15 08:24:43 +0200: Memory Usage (465848K) : alcustop_drw has 0 polygons
2026-08-15 08:24:43 +0200: Memory Usage (465848K) : nometfiller_drw has 0 polygons
2026-08-15 08:24:43 +0200: Memory Usage (465976K) : prboundary_drw has 0 polygons
2026-08-15 08:24:43 +0200: Memory Usage (465976K) : exchange0_drw has 0 polygons
2026-08-15 08:24:43 +0200: Memory Usage (466104K) : exchange0_pin has 0 polygons
2026-08-15 08:24:43 +0200: Memory Usage (466232K) : exchange0_text has 0 polygons
2026-08-15 08:24:43 +0200: Memory Usage (466232K) : exchange1_drw has 0 polygons
2026-08-15 08:24:43 +0200: Memory Usage (466360K) : exchange1_pin has 0 polygons
2026-08-15 08:24:43 +0200: Memory Usage (466360K) : exchange1_text has 0 polygons
2026-08-15 08:24:43 +0200: Memory Usage (466488K) : exchange2_drw has 0 polygons
2026-08-15 08:24:43 +0200: Memory Usage (466488K) : exchange2_pin has 0 polygons
2026-08-15 08:24:43 +0200: Memory Usage (466616K) : exchange2_text has 0 polygons
2026-08-15 08:24:43 +0200: Memory Usage (466616K) : exchange3_drw has 0 polygons
2026-08-15 08:24:43 +0200: Memory Usage (466744K) : exchange3_pin has 0 polygons
2026-08-15 08:24:43 +0200: Memory Usage (466744K) : exchange3_text has 0 polygons
2026-08-15 08:24:43 +0200: Memory Usage (466872K) : exchange4_drw has 0 polygons
2026-08-15 08:24:43 +0200: Memory Usage (467000K) : exchange4_pin has 0 polygons
2026-08-15 08:24:43 +0200: Memory Usage (467000K) : exchange4_text has 0 polygons
2026-08-15 08:24:43 +0200: Memory Usage (467128K) : isonwell_drw has 0 polygons
2026-08-15 08:24:43 +0200: Memory Usage (467128K) : Total no. of polygons in the design is 1382
2026-08-15 08:24:43 +0200: Memory Usage (467128K) : Starting base layers derivations
2026-08-15 08:24:43 +0200: Memory Usage (467128K) : Starting general LVS derivations
2026-08-15 08:24:43 +0200: Memory Usage (473528K) : Starting MOSFET DERIVATIONS
2026-08-15 08:24:43 +0200: Memory Usage (473784K) : Starting NMOS DERIVATIONS
2026-08-15 08:24:43 +0200: Memory Usage (473784K) : Starting PMOS DERIVATIONS
2026-08-15 08:24:43 +0200: Memory Usage (473784K) : Starting RF-MOSFET DERIVATIONS
2026-08-15 08:24:43 +0200: Memory Usage (473784K) : Starting RF-NMOS DERIVATIONS
2026-08-15 08:24:43 +0200: Memory Usage (473784K) : Starting RF-PMOS DERIVATIONS
2026-08-15 08:24:43 +0200: Memory Usage (473784K) : Starting BJT DERIVATIONS
2026-08-15 08:24:43 +0200: Memory Usage (473784K) : Starting NPN-BJT DERIVATIONS
2026-08-15 08:24:43 +0200: Memory Usage (473784K) : Starting PNP-BJT DERIVATIONS
2026-08-15 08:24:43 +0200: Memory Usage (473784K) : Starting DIODE DERIVATIONS
2026-08-15 08:24:43 +0200: Memory Usage (473784K) : Starting RESISTOR DERIVATIONS
2026-08-15 08:24:43 +0200: Memory Usage (473784K) : Starting CAP DERIVATIONS
2026-08-15 08:24:43 +0200: Memory Usage (473784K) : Starting ESD DERIVATIONS
2026-08-15 08:24:43 +0200: Memory Usage (477496K) : Starting Inductor DERIVATIONS
2026-08-15 08:24:43 +0200: Memory Usage (477496K) : Starting Taps DERIVATIONS
2026-08-15 08:24:43 +0200: Memory Usage (477624K) : Starting SG13G2 LVS connectivity setup
2026-08-15 08:24:43 +0200: Memory Usage (477624K) : Starting SG13G2 LVS connectivity setup (Inter-layer)
2026-08-15 08:24:43 +0200: Memory Usage (477624K) : Starting SG13G2 LVS connectivity setup (Global)
2026-08-15 08:24:43 +0200: Memory Usage (477624K) : Starting LVS MOSFET CONNECTIONS
2026-08-15 08:24:43 +0200: Memory Usage (477624K) : Starting LVS RF-MOSFET CONNECTIONS
2026-08-15 08:24:43 +0200: Memory Usage (477624K) : Starting LVS BJT CONNECTIONS
2026-08-15 08:24:43 +0200: Memory Usage (477624K) : Starting LVS DIODE CONNECTIONS
2026-08-15 08:24:43 +0200: Memory Usage (477624K) : Starting RESISTOR CONNECTIONS
2026-08-15 08:24:43 +0200: Memory Usage (477624K) : Starting LVS CAP CONNECTIONS
2026-08-15 08:24:43 +0200: Memory Usage (477624K) : Starting ESD CONNECTIONS
2026-08-15 08:24:43 +0200: Memory Usage (477624K) : Starting Inductor CONNECTIONS
2026-08-15 08:24:43 +0200: Memory Usage (477624K) : Starting LVS Taps CONNECTIONS
2026-08-15 08:24:43 +0200: Memory Usage (477624K) : Starting SG13G2 LVS DEVICES EXTRACTION
2026-08-15 08:24:43 +0200: Memory Usage (477624K) : Starting MOSFET EXTRACTION
2026-08-15 08:24:43 +0200: Memory Usage (477624K) : Starting NMOS EXTRACTION
2026-08-15 08:24:43 +0200: Memory Usage (477624K) : Extraction of NMOS-LV transistor
2026-08-15 08:24:44 +0200: Memory Usage (477624K) : Extraction of NMOS-HV transistor
2026-08-15 08:24:44 +0200: Memory Usage (477624K) : Starting PMOS EXTRACTION
2026-08-15 08:24:44 +0200: Memory Usage (477624K) : Extraction of PMOS-LV transistor
2026-08-15 08:24:44 +0200: Memory Usage (477624K) : Extraction of PMOS-HV transistor
2026-08-15 08:24:44 +0200: Memory Usage (477624K) : Starting RF-MOSFET EXTRACTION
2026-08-15 08:24:44 +0200: Memory Usage (477624K) : Extraction of RF-NMOS-LV transistor
2026-08-15 08:24:44 +0200: Memory Usage (477880K) : Extraction of RF-NMOS-HV transistor
2026-08-15 08:24:44 +0200: Memory Usage (477880K) : Extraction of RF-PMOS-LV transistor
2026-08-15 08:24:44 +0200: Memory Usage (477880K) : Extraction of RF-PMOS-HV transistor
2026-08-15 08:24:44 +0200: Memory Usage (477880K) : Starting BJT EXTRACTION
2026-08-15 08:24:44 +0200: Memory Usage (477880K) : Starting NPN-BJT EXTRACTION
2026-08-15 08:24:44 +0200: Memory Usage (477880K) : Extraction of npn13G2 BJT transistor
2026-08-15 08:24:44 +0200: Memory Usage (477880K) : Extraction of npn13G2L BJT transistor
2026-08-15 08:24:44 +0200: Memory Usage (477880K) : Extraction of npn13G2V BJT transistor
2026-08-15 08:24:44 +0200: Memory Usage (477880K) : Starting PNP-BJT EXTRACTION
2026-08-15 08:24:44 +0200: Memory Usage (477880K) : Extracting pnpMPA BJT
2026-08-15 08:24:44 +0200: Memory Usage (477880K) : Starting DIODE EXTRACTION
2026-08-15 08:24:44 +0200: Memory Usage (477880K) : Extracting dantenna diode
2026-08-15 08:24:44 +0200: Memory Usage (477880K) : Extracting dpantenna diode
2026-08-15 08:24:44 +0200: Memory Usage (477880K) : Extracting schottky_nbl1 diode
2026-08-15 08:24:44 +0200: Memory Usage (477880K) : Extracting isolbox diode
2026-08-15 08:24:44 +0200: Memory Usage (477880K) : Starting RESISTOR EXTRACTION
2026-08-15 08:24:44 +0200: Memory Usage (477880K) : Extracting rsil resistor
2026-08-15 08:24:44 +0200: Memory Usage (477880K) : Extracting rppd resistor
2026-08-15 08:24:44 +0200: Memory Usage (477880K) : Extracting rhigh resistor
2026-08-15 08:24:44 +0200: Memory Usage (477880K) : Extracting res_metal1 resistor
2026-08-15 08:24:44 +0200: Memory Usage (478008K) : Extracting res_metal2 resistor
2026-08-15 08:24:44 +0200: Memory Usage (478008K) : Extracting res_metal3 resistor
2026-08-15 08:24:44 +0200: Memory Usage (478008K) : Extracting res_metal4 resistor
2026-08-15 08:24:44 +0200: Memory Usage (478008K) : Extracting res_metal5 resistor
2026-08-15 08:24:44 +0200: Memory Usage (478008K) : Extracting res_topmetal1 resistor
2026-08-15 08:24:44 +0200: Memory Usage (478008K) : Extracting res_topmetal2 resistor
2026-08-15 08:24:44 +0200: Memory Usage (478008K) : Starting CAP EXTRACTION
2026-08-15 08:24:44 +0200: Memory Usage (478008K) : Extracting cap_cmim device
2026-08-15 08:24:44 +0200: Memory Usage (478008K) : Extracting rfcmim device
2026-08-15 08:24:44 +0200: Memory Usage (478008K) : Extracting sg13_hv_svaricap varactor
2026-08-15 08:24:44 +0200: Memory Usage (478008K) : Starting ESD EXTRACTION
2026-08-15 08:24:44 +0200: Memory Usage (478008K) : Extracting diodevdd_2kv ESD device
2026-08-15 08:24:44 +0200: Memory Usage (478008K) : Extracting diodevdd_4kv ESD device
2026-08-15 08:24:44 +0200: Memory Usage (478008K) : Extracting diodevss_2kv ESD device
2026-08-15 08:24:44 +0200: Memory Usage (478008K) : Extracting diodevss_4kv ESD device
2026-08-15 08:24:44 +0200: Memory Usage (478008K) : Extracting idiodevdd_2kv ESD device
2026-08-15 08:24:44 +0200: Memory Usage (478008K) : Extracting idiodevdd_4kv ESD device
2026-08-15 08:24:44 +0200: Memory Usage (478008K) : Extracting idiodevss_2kv ESD device
2026-08-15 08:24:44 +0200: Memory Usage (478008K) : Extracting idiodevss_4kv ESD device
2026-08-15 08:24:44 +0200: Memory Usage (478008K) : Extracting nmoscl_2 ESD device
2026-08-15 08:24:44 +0200: Memory Usage (478008K) : Extracting nmoscl_4 ESD device
2026-08-15 08:24:44 +0200: Memory Usage (478008K) : Starting Inductor EXTRACTION
2026-08-15 08:24:44 +0200: Memory Usage (478008K) : Extracting Inductor2 device
2026-08-15 08:24:44 +0200: Memory Usage (478008K) : Extracting Inductor3 device
2026-08-15 08:24:44 +0200: Memory Usage (478008K) : Starting Taps EXTRACTION
2026-08-15 08:24:44 +0200: Memory Usage (478008K) : Extracting ntap1 device
2026-08-15 08:24:44 +0200: Memory Usage (478008K) : Extracting ptap1 device
2026-08-15 08:24:44 +0200: Memory Usage (478008K) : Starting SG13G2 LVS RF MOS Model Mapping
2026-08-15 08:24:44 +0200: Memory Usage (478008K) : [layout_netlist] Apply RF MOS model mapping and rfmode parameter.
2026-08-15 08:24:44 +0200: Memory Usage (478008K) : Starting SG13G2 LVS Options Preparations
2026-08-15 08:24:44 +0200: Memory Usage (478008K) : SG13G2 LVS flow: extraction -> alignment -> option preparation -> comparison.
2026-08-15 08:24:44 +0200: Memory Usage (478008K) : Starting SG13G2 LVS Alignment
2026-08-15 08:24:44 +0200: Memory Usage (478136K) : Starting SG13G2 LVS Simplification
2026-08-15 08:24:44 +0200: Memory Usage (478136K) : [layout_netlist] simplify: SKIPPED
2026-08-15 08:24:44 +0200: Memory Usage (478136K) : [layout_netlist] make_top_level_pins: ENABLED
2026-08-15 08:24:44 +0200: Memory Usage (478136K) : [layout_netlist] combine_devices: SKIPPED
2026-08-15 08:24:44 +0200: Memory Usage (478136K) : [layout_netlist] purge: SKIPPED
2026-08-15 08:24:44 +0200: Memory Usage (478136K) : [layout_netlist] purge_nets: SKIPPED
2026-08-15 08:24:44 +0200: Memory Usage (478136K) : [schematic_netlist] simplify: SKIPPED
2026-08-15 08:24:44 +0200: Memory Usage (478136K) : [schematic_netlist] make_top_level_pins: ENABLED
2026-08-15 08:24:44 +0200: Memory Usage (478136K) : [schematic_netlist] combine_devices: SKIPPED
2026-08-15 08:24:44 +0200: Memory Usage (478136K) : [schematic_netlist] purge: SKIPPED
2026-08-15 08:24:44 +0200: Memory Usage (478136K) : [schematic_netlist] purge_nets: SKIPPED
2026-08-15 08:24:44 +0200: Memory Usage (478136K) : Starting SG13G2 LVS Comparison in strict port mode.
2026-08-15 08:24:44 +0200: Memory Usage (478136K) : flag_missing_ports enabled: missing/mislabeled top-level ports are treated as errors.
2026-08-15 08:24:44 +0200: Memory Usage (478264K) : xxxxxxxxxxxxxxxxxxxxxxxxxxxxxxxxxxxxxxxxxx
2026-08-15 08:24:44 +0200: Memory Usage (478264K) : ERROR : Netlists don't match
2026-08-15 08:24:44 +0200: Memory Usage (478264K) : xxxxxxxxxxxxxxxxxxxxxxxxxxxxxxxxxxxxxxxxxx
2026-08-15 08:24:44 +0200: Memory Usage (478264K) : LVS Total Run time 1.408839 seconds
klayout LVS succeeded after 6.162s
Unable to find info about extracted LVS layer 'cont_drw'
(19, 0) -> (via1_drw)
(29, 0) -> (via2_drw)
(31, 0) -> (nwell_drw)
(65, 144) -> (ntap)
(46, 0) -> (pwell pwell_sub)
(5, 0) -> (poly_con)
(8, 0) -> (metal1_con)
(10, 0) -> (metal2_con)
(30, 0) -> (metal3_con)
(7, 0) -> (nsd_fet)
(14, 0) -> (psd_fet)
(65, 244) -> (ptap)
(6, 4403) -> (cont_poly_con)
(6, 4402) -> (cont_psd_con)
(6, 4401) -> (cont_nsd_con)
(10, 2) -> (metal2_pin_con)
(8, 2) -> (metal1_pin_con)
(30, 2) -> (metal3_pin_con)
