Clock: clk_PAD
Sources: clk_pad/p2c 
Generated: no
Virtual: yes
Propagated: no
Period: 10.000000

===========================================================================
report_clock_properties
============================================================================
Clock                   Period          Waveform
----------------------------------------------------
clk_PAD              10.000000    0.000000  5.000000

===========================================================================
report_clock_latency
============================================================================
Clock clk_PAD


===========================================================================
report_clock_min_period
============================================================================
clk_PAD period_min = 0.00 fmax = inf
