[WARNING ORD-0039] .openroad ignored with -python
Unannotated report:
['report_parasitic_annotation -report_unannotated\n',
 '============================================================================\n',
 'Found 45 unannotated drivers.\n',
 ' analog_PAD[0]\n',
 ' analog_PAD[1]\n',
 ' analog_PAD[2]\n',
 ' bidir_PAD\n',
 ' clk_PAD\n',
 ' input_PAD\n',
 ' output_PAD[0]\n',
 ' output_PAD[10]\n',
 ' output_PAD[11]\n',
 ' output_PAD[12]\n',
 ' output_PAD[13]\n',
 ' output_PAD[14]\n',
 ' output_PAD[1]\n',
 ' output_PAD[2]\n',
 ' output_PAD[3]\n',
 ' output_PAD[4]\n',
 ' output_PAD[5]\n',
 ' output_PAD[6]\n',
 ' output_PAD[7]\n',
 ' output_PAD[8]\n',
 ' output_PAD[9]\n',
 ' rst_n_PAD\n',
 ' g_analogs\\[0\\].analog_pad/pad\n',
 ' g_analogs\\[0\\].analog_pad/padbare\n',
 ' g_analogs\\[1\\].analog_pad/pad\n',
 ' g_analogs\\[1\\].analog_pad/padbare\n',
 ' g_analogs\\[2\\].analog_pad/pad\n',
 ' g_analogs\\[2\\].analog_pad/padbare\n',
 ' g_bidirs\\[0\\].bidir_pad/p2c\n',
 ' g_bidirs\\[0\\].bidir_pad/pad\n',
 ' g_outputs\\[0\\].output_pad/pad\n',
 ' g_outputs\\[10\\].output_pad/pad\n',
 ' g_outputs\\[11\\].output_pad/pad\n',
 ' g_outputs\\[12\\].output_pad/pad\n',
 ' g_outputs\\[13\\].output_pad/pad\n',
 ' g_outputs\\[14\\].output_pad/pad\n',
 ' g_outputs\\[1\\].output_pad/pad\n',
 ' g_outputs\\[2\\].output_pad/pad\n',
 ' g_outputs\\[3\\].output_pad/pad\n',
 ' g_outputs\\[4\\].output_pad/pad\n',
 ' g_outputs\\[5\\].output_pad/pad\n',
 ' g_outputs\\[6\\].output_pad/pad\n',
 ' g_outputs\\[7\\].output_pad/pad\n',
 ' g_outputs\\[8\\].output_pad/pad\n',
 ' g_outputs\\[9\\].output_pad/pad\n',
 'Found 0 partially unannotated drivers.\n',
 '\n']
Reported nets:
['analog_PAD[0]',
 'analog_PAD[1]',
 'analog_PAD[2]',
 'bidir_PAD',
 'clk_PAD',
 'input_PAD',
 'output_PAD[0]',
 'output_PAD[10]',
 'output_PAD[11]',
 'output_PAD[12]',
 'output_PAD[13]',
 'output_PAD[14]',
 'output_PAD[1]',
 'output_PAD[2]',
 'output_PAD[3]',
 'output_PAD[4]',
 'output_PAD[5]',
 'output_PAD[6]',
 'output_PAD[7]',
 'output_PAD[8]',
 'output_PAD[9]',
 'rst_n_PAD',
 'g_analogs\\[0\\].analog_pad/pad',
 'g_analogs\\[0\\].analog_pad/padbare',
 'g_analogs\\[1\\].analog_pad/pad',
 'g_analogs\\[1\\].analog_pad/padbare',
 'g_analogs\\[2\\].analog_pad/pad',
 'g_analogs\\[2\\].analog_pad/padbare',
 'g_bidirs\\[0\\].bidir_pad/p2c',
 'g_bidirs\\[0\\].bidir_pad/pad',
 'g_outputs\\[0\\].output_pad/pad',
 'g_outputs\\[10\\].output_pad/pad',
 'g_outputs\\[11\\].output_pad/pad',
 'g_outputs\\[12\\].output_pad/pad',
 'g_outputs\\[13\\].output_pad/pad',
 'g_outputs\\[14\\].output_pad/pad',
 'g_outputs\\[1\\].output_pad/pad',
 'g_outputs\\[2\\].output_pad/pad',
 'g_outputs\\[3\\].output_pad/pad',
 'g_outputs\\[4\\].output_pad/pad',
 'g_outputs\\[5\\].output_pad/pad',
 'g_outputs\\[6\\].output_pad/pad',
 'g_outputs\\[7\\].output_pad/pad',
 'g_outputs\\[8\\].output_pad/pad',
 'g_outputs\\[9\\].output_pad/pad']
Filtered nets:
[]
done
