2026-08-15 08:25:29 +0200: Memory Usage (444700K) : Starting running SG13G2 Klayout LVS runset on /foss/designs/sar-adc/layout/cmp/sa_comp_flat.gds
2026-08-15 08:25:29 +0200: Memory Usage (444700K) : Ruby Version for klayout: 3.2.3
2026-08-15 08:25:29 +0200: Memory Usage (445724K) : Loading database to memory is complete.
2026-08-15 08:25:29 +0200: Memory Usage (445724K) : SG13G2 Klayout LVS runset output at: /foss/designs/sar-adc/layout/cmp/kpex_out/sa_comp_flat__sa_comp/sa_comp.lvsdb.gz
2026-08-15 08:25:29 +0200: Memory Usage (445724K) : Evaluate switches.
2026-08-15 08:25:29 +0200: Memory Usage (445724K) : Extracted netlist with net names: true
2026-08-15 08:25:29 +0200: Memory Usage (445724K) : Extracted netlist with comments in details: false
2026-08-15 08:25:29 +0200: Memory Usage (445724K) : Selected NET_ONLY option: false
2026-08-15 08:25:29 +0200: Memory Usage (445724K) : Selected LAYOUT_NETLIST option: (none)
2026-08-15 08:25:29 +0200: Memory Usage (445724K) : Selected IGNORE_TOP_PORTS_MISMATCH option: 
2026-08-15 08:25:29 +0200: Memory Usage (445724K) : Selected IMPLICIT_NETS option: (none)
2026-08-15 08:25:29 +0200: Memory Usage (445724K) : Selected TOP_LVL_PINS option: true
2026-08-15 08:25:29 +0200: Memory Usage (445724K) : Selected COMBINE DEVICES option: false
2026-08-15 08:25:29 +0200: Memory Usage (445724K) : Selected PURGE option: false
2026-08-15 08:25:29 +0200: Memory Usage (445724K) : Selected PURGE_NETS option: false
2026-08-15 08:25:29 +0200: Memory Usage (445724K) : Selected SIMPLIFY option: false
2026-08-15 08:25:29 +0200: Memory Usage (445724K) : Selected SERIES_RES option: true
2026-08-15 08:25:29 +0200: Memory Usage (445724K) : Selected PARALLEL_RES option: true
2026-08-15 08:25:29 +0200: Memory Usage (445724K) : deep  mode is enabled.
2026-08-15 08:25:29 +0200: Memory Usage (445852K) : Netlist file: /foss/designs/sar-adc/layout/cmp/sa_comp.cdl
2026-08-15 08:25:29 +0200: Memory Usage (445852K) : SG13G2 Klayout LVS extracted netlist file at: sa_comp_extracted.cir
2026-08-15 08:25:29 +0200: Memory Usage (445852K) : Applying SRAM integration support.
2026-08-15 08:25:29 +0200: Memory Usage (445852K) : Starting SG13G2 LVS runset
2026-08-15 08:25:29 +0200: Memory Usage (445852K) : Read in polygons from layers.
2026-08-15 08:25:29 +0200: Memory Usage (447004K) : activ_drw has 49 polygons
2026-08-15 08:25:29 +0200: Memory Usage (447004K) : activ_filler has 0 polygons
2026-08-15 08:25:29 +0200: Memory Usage (447004K) : activ has 49 polygons
2026-08-15 08:25:29 +0200: Memory Usage (447004K) : activ_pin has 0 polygons
2026-08-15 08:25:29 +0200: Memory Usage (447004K) : activ_mask has 0 polygons
2026-08-15 08:25:29 +0200: Memory Usage (447004K) : activ_nofill has 0 polygons
2026-08-15 08:25:29 +0200: Memory Usage (447004K) : activ_OPC has 0 polygons
2026-08-15 08:25:29 +0200: Memory Usage (447004K) : activ_iOPC has 0 polygons
2026-08-15 08:25:29 +0200: Memory Usage (447004K) : activ_noqrc has 0 polygons
2026-08-15 08:25:29 +0200: Memory Usage (447004K) : biwind_drw has 0 polygons
2026-08-15 08:25:29 +0200: Memory Usage (447004K) : biwind_OPC has 0 polygons
2026-08-15 08:25:29 +0200: Memory Usage (447004K) : gatpoly_drw has 40 polygons
2026-08-15 08:25:29 +0200: Memory Usage (447004K) : gatpoly_filler has 0 polygons
2026-08-15 08:25:29 +0200: Memory Usage (447004K) : gatpoly has 40 polygons
2026-08-15 08:25:29 +0200: Memory Usage (447004K) : gatpoly_pin has 0 polygons
2026-08-15 08:25:29 +0200: Memory Usage (447004K) : gatpoly_nofill has 0 polygons
2026-08-15 08:25:29 +0200: Memory Usage (447132K) : gatpoly_OPC has 0 polygons
2026-08-15 08:25:29 +0200: Memory Usage (447132K) : gatpoly_iOPC has 0 polygons
2026-08-15 08:25:29 +0200: Memory Usage (447132K) : gatpoly_noqrc has 0 polygons
2026-08-15 08:25:29 +0200: Memory Usage (447260K) : cont_drw has 640 polygons
2026-08-15 08:25:29 +0200: Memory Usage (447260K) : cont_OPC has 0 polygons
2026-08-15 08:25:29 +0200: Memory Usage (447260K) : nsd_drw has 0 polygons
2026-08-15 08:25:29 +0200: Memory Usage (447260K) : nsd_block has 0 polygons
2026-08-15 08:25:29 +0200: Memory Usage (447388K) : metal1_drw has 137 polygons
2026-08-15 08:25:29 +0200: Memory Usage (447388K) : metal1_filler has 0 polygons
2026-08-15 08:25:29 +0200: Memory Usage (447516K) : metal1_slit has 0 polygons
2026-08-15 08:25:29 +0200: Memory Usage (447644K) : metal1 has 137 polygons
2026-08-15 08:25:29 +0200: Memory Usage (447772K) : metal1_pin has 90 polygons
2026-08-15 08:25:29 +0200: Memory Usage (448284K) : metal1_mask has 0 polygons
2026-08-15 08:25:29 +0200: Memory Usage (448284K) : metal1_nofill has 0 polygons
2026-08-15 08:25:29 +0200: Memory Usage (448540K) : metal1_text has 2 polygons
2026-08-15 08:25:29 +0200: Memory Usage (448540K) : metal1_OPC has 0 polygons
2026-08-15 08:25:29 +0200: Memory Usage (448668K) : metal1_noqrc has 0 polygons
2026-08-15 08:25:29 +0200: Memory Usage (448668K) : metal1_res has 0 polygons
2026-08-15 08:25:29 +0200: Memory Usage (448668K) : metal1_iprobe has 0 polygons
2026-08-15 08:25:29 +0200: Memory Usage (448668K) : metal1_diffprb has 0 polygons
2026-08-15 08:25:29 +0200: Memory Usage (448668K) : passiv_drw has 0 polygons
2026-08-15 08:25:29 +0200: Memory Usage (448796K) : passiv_pin has 0 polygons
2026-08-15 08:25:29 +0200: Memory Usage (448924K) : passiv_sbump has 0 polygons
2026-08-15 08:25:29 +0200: Memory Usage (448924K) : passiv_pillar has 0 polygons
2026-08-15 08:25:29 +0200: Memory Usage (449052K) : passiv_pdl has 0 polygons
2026-08-15 08:25:29 +0200: Memory Usage (449052K) : metal2_drw has 133 polygons
2026-08-15 08:25:29 +0200: Memory Usage (449180K) : metal2_filler has 0 polygons
2026-08-15 08:25:29 +0200: Memory Usage (449180K) : metal2_slit has 0 polygons
2026-08-15 08:25:29 +0200: Memory Usage (449308K) : metal2 has 133 polygons
2026-08-15 08:25:29 +0200: Memory Usage (449436K) : metal2_pin has 2 polygons
2026-08-15 08:25:29 +0200: Memory Usage (449564K) : metal2_mask has 0 polygons
2026-08-15 08:25:29 +0200: Memory Usage (449564K) : metal2_nofill has 0 polygons
2026-08-15 08:25:29 +0200: Memory Usage (449692K) : metal2_text has 2 polygons
2026-08-15 08:25:29 +0200: Memory Usage (449692K) : metal2_OPC has 0 polygons
2026-08-15 08:25:29 +0200: Memory Usage (449820K) : metal2_noqrc has 0 polygons
2026-08-15 08:25:29 +0200: Memory Usage (449820K) : metal2_res has 0 polygons
2026-08-15 08:25:29 +0200: Memory Usage (449948K) : metal2_iprobe has 0 polygons
2026-08-15 08:25:29 +0200: Memory Usage (450076K) : metal2_diffprb has 0 polygons
2026-08-15 08:25:29 +0200: Memory Usage (450204K) : baspoly_drw has 0 polygons
2026-08-15 08:25:29 +0200: Memory Usage (450204K) : baspoly_pin has 0 polygons
2026-08-15 08:25:29 +0200: Memory Usage (450332K) : psd_drw has 11 polygons
2026-08-15 08:25:29 +0200: Memory Usage (450332K) : nldb_drw has 0 polygons
2026-08-15 08:25:29 +0200: Memory Usage (450460K) : digibnd_drw has 0 polygons
2026-08-15 08:25:30 +0200: Memory Usage (450460K) : via1_drw has 131 polygons
2026-08-15 08:25:30 +0200: Memory Usage (450588K) : backmetal1_drw has 0 polygons
2026-08-15 08:25:30 +0200: Memory Usage (450716K) : backmetal1_pin has 0 polygons
2026-08-15 08:25:30 +0200: Memory Usage (450716K) : backmetal1_mask has 0 polygons
2026-08-15 08:25:30 +0200: Memory Usage (450844K) : backmetal1_filler has 0 polygons
2026-08-15 08:25:30 +0200: Memory Usage (450844K) : backmetal1_nofill has 0 polygons
2026-08-15 08:25:30 +0200: Memory Usage (450972K) : backmetal1_slit has 0 polygons
2026-08-15 08:25:30 +0200: Memory Usage (450972K) : backmetal1_text has 0 polygons
2026-08-15 08:25:30 +0200: Memory Usage (451100K) : backmetal1_OPC has 0 polygons
2026-08-15 08:25:30 +0200: Memory Usage (451228K) : backmetal1_noqrc has 0 polygons
2026-08-15 08:25:30 +0200: Memory Usage (451228K) : backmetal1_res has 0 polygons
2026-08-15 08:25:30 +0200: Memory Usage (451356K) : backmetal1_iprobe has 0 polygons
2026-08-15 08:25:30 +0200: Memory Usage (451356K) : backmetal1_diffprb has 0 polygons
2026-08-15 08:25:30 +0200: Memory Usage (451484K) : backpassiv_drw has 0 polygons
2026-08-15 08:25:30 +0200: Memory Usage (451484K) : res_drw has 0 polygons
2026-08-15 08:25:30 +0200: Memory Usage (451612K) : sram_drw has 0 polygons
2026-08-15 08:25:30 +0200: Memory Usage (451740K) : trans_drw has 0 polygons
2026-08-15 08:25:30 +0200: Memory Usage (451868K) : ind_drw has 0 polygons
2026-08-15 08:25:30 +0200: Memory Usage (451868K) : ind_pin has 0 polygons
2026-08-15 08:25:30 +0200: Memory Usage (451996K) : ind_text has 0 polygons
2026-08-15 08:25:30 +0200: Memory Usage (451996K) : salblock_drw has 0 polygons
2026-08-15 08:25:30 +0200: Memory Usage (452124K) : via2_drw has 32 polygons
2026-08-15 08:25:30 +0200: Memory Usage (452252K) : metal3_drw has 46 polygons
2026-08-15 08:25:30 +0200: Memory Usage (452252K) : metal3_filler has 0 polygons
2026-08-15 08:25:30 +0200: Memory Usage (452380K) : metal3_slit has 0 polygons
2026-08-15 08:25:30 +0200: Memory Usage (452508K) : metal3 has 46 polygons
2026-08-15 08:25:30 +0200: Memory Usage (452636K) : metal3_pin has 3 polygons
2026-08-15 08:25:30 +0200: Memory Usage (452636K) : metal3_mask has 0 polygons
2026-08-15 08:25:30 +0200: Memory Usage (452764K) : metal3_nofill has 0 polygons
2026-08-15 08:25:30 +0200: Memory Usage (452764K) : metal3_text has 3 polygons
2026-08-15 08:25:30 +0200: Memory Usage (452892K) : metal3_OPC has 0 polygons
2026-08-15 08:25:30 +0200: Memory Usage (452892K) : metal3_noqrc has 0 polygons
2026-08-15 08:25:30 +0200: Memory Usage (453020K) : metal3_res has 0 polygons
2026-08-15 08:25:30 +0200: Memory Usage (453148K) : metal3_iprobe has 0 polygons
2026-08-15 08:25:30 +0200: Memory Usage (453148K) : metal3_diffprb has 0 polygons
2026-08-15 08:25:30 +0200: Memory Usage (453276K) : nwell_drw has 6 polygons
2026-08-15 08:25:30 +0200: Memory Usage (453404K) : nwell_pin has 0 polygons
2026-08-15 08:25:30 +0200: Memory Usage (453404K) : nwell_text has 0 polygons
2026-08-15 08:25:30 +0200: Memory Usage (453532K) : nbulay_drw has 0 polygons
2026-08-15 08:25:30 +0200: Memory Usage (453532K) : nbulay_pin has 0 polygons
2026-08-15 08:25:30 +0200: Memory Usage (453660K) : nbulay_block has 0 polygons
2026-08-15 08:25:30 +0200: Memory Usage (453788K) : emwind_drw has 0 polygons
2026-08-15 08:25:30 +0200: Memory Usage (453788K) : emwind_OPC has 0 polygons
2026-08-15 08:25:30 +0200: Memory Usage (453916K) : deepco_drw has 0 polygons
2026-08-15 08:25:30 +0200: Memory Usage (453916K) : mim_drw has 0 polygons
2026-08-15 08:25:30 +0200: Memory Usage (454044K) : edgeseal_drw has 0 polygons
2026-08-15 08:25:30 +0200: Memory Usage (454044K) : substrate_drw has 0 polygons
2026-08-15 08:25:30 +0200: Memory Usage (454044K) : substrate_text has 0 polygons
2026-08-15 08:25:30 +0200: Memory Usage (454172K) : dfpad_drw has 0 polygons
2026-08-15 08:25:30 +0200: Memory Usage (454172K) : dfpad_pillar has 0 polygons
2026-08-15 08:25:30 +0200: Memory Usage (454300K) : dfpad_sbump has 0 polygons
2026-08-15 08:25:30 +0200: Memory Usage (454300K) : thickgateox_drw has 0 polygons
2026-08-15 08:25:30 +0200: Memory Usage (454428K) : pldb_drw has 0 polygons
2026-08-15 08:25:30 +0200: Memory Usage (454428K) : pwell_drw has 0 polygons
2026-08-15 08:25:30 +0200: Memory Usage (454556K) : pwell_pin has 0 polygons
2026-08-15 08:25:30 +0200: Memory Usage (454556K) : pwell_block has 0 polygons
2026-08-15 08:25:30 +0200: Memory Usage (454556K) : ic_drw has 0 polygons
2026-08-15 08:25:30 +0200: Memory Usage (454684K) : via3_drw has 0 polygons
2026-08-15 08:25:30 +0200: Memory Usage (454684K) : metal4_drw has 0 polygons
2026-08-15 08:25:30 +0200: Memory Usage (454812K) : metal4_filler has 0 polygons
2026-08-15 08:25:30 +0200: Memory Usage (454812K) : metal4_slit has 0 polygons
2026-08-15 08:25:30 +0200: Memory Usage (454940K) : metal4 has 0 polygons
2026-08-15 08:25:30 +0200: Memory Usage (454940K) : metal4_pin has 0 polygons
2026-08-15 08:25:30 +0200: Memory Usage (455068K) : metal4_mask has 0 polygons
2026-08-15 08:25:30 +0200: Memory Usage (455068K) : metal4_nofill has 0 polygons
2026-08-15 08:25:30 +0200: Memory Usage (455196K) : metal4_text has 0 polygons
2026-08-15 08:25:30 +0200: Memory Usage (455196K) : metal4_OPC has 0 polygons
2026-08-15 08:25:30 +0200: Memory Usage (455324K) : metal4_noqrc has 0 polygons
2026-08-15 08:25:30 +0200: Memory Usage (455324K) : metal4_res has 0 polygons
2026-08-15 08:25:30 +0200: Memory Usage (455452K) : metal4_iprobe has 0 polygons
2026-08-15 08:25:30 +0200: Memory Usage (455452K) : metal4_diffprb has 0 polygons
2026-08-15 08:25:30 +0200: Memory Usage (455580K) : heattrans_drw has 0 polygons
2026-08-15 08:25:30 +0200: Memory Usage (455580K) : heatres_drw has 0 polygons
2026-08-15 08:25:30 +0200: Memory Usage (455580K) : fbe_drw has 0 polygons
2026-08-15 08:25:30 +0200: Memory Usage (455708K) : empoly_drw has 0 polygons
2026-08-15 08:25:30 +0200: Memory Usage (455708K) : digisub_drw has 0 polygons
2026-08-15 08:25:30 +0200: Memory Usage (455836K) : text_drw has 55 polygons
2026-08-15 08:25:30 +0200: Memory Usage (455836K) : via4_drw has 0 polygons
2026-08-15 08:25:30 +0200: Memory Usage (455964K) : metal5_drw has 0 polygons
2026-08-15 08:25:30 +0200: Memory Usage (455964K) : metal5_filler has 0 polygons
2026-08-15 08:25:30 +0200: Memory Usage (456092K) : metal5_slit has 0 polygons
2026-08-15 08:25:30 +0200: Memory Usage (456092K) : metal5 has 0 polygons
2026-08-15 08:25:30 +0200: Memory Usage (456220K) : metal5_pin has 0 polygons
2026-08-15 08:25:30 +0200: Memory Usage (456220K) : metal5_mask has 0 polygons
2026-08-15 08:25:30 +0200: Memory Usage (456348K) : metal5_nofill has 0 polygons
2026-08-15 08:25:30 +0200: Memory Usage (456348K) : metal5_text has 0 polygons
2026-08-15 08:25:30 +0200: Memory Usage (456348K) : metal5_OPC has 0 polygons
2026-08-15 08:25:30 +0200: Memory Usage (456476K) : metal5_noqrc has 0 polygons
2026-08-15 08:25:30 +0200: Memory Usage (456476K) : metal5_res has 0 polygons
2026-08-15 08:25:30 +0200: Memory Usage (456604K) : metal5_iprobe has 0 polygons
2026-08-15 08:25:30 +0200: Memory Usage (456604K) : metal5_diffprb has 0 polygons
2026-08-15 08:25:30 +0200: Memory Usage (456732K) : radhard_drw has 0 polygons
2026-08-15 08:25:30 +0200: Memory Usage (456732K) : memcap_drw has 0 polygons
2026-08-15 08:25:30 +0200: Memory Usage (456860K) : varicap_drw has 0 polygons
2026-08-15 08:25:30 +0200: Memory Usage (456860K) : intbondvia_drw has 0 polygons
2026-08-15 08:25:30 +0200: Memory Usage (456860K) : intbondmet_drw has 0 polygons
2026-08-15 08:25:30 +0200: Memory Usage (456988K) : devbondvia_drw has 0 polygons
2026-08-15 08:25:30 +0200: Memory Usage (456988K) : devbondmet_drw has 0 polygons
2026-08-15 08:25:30 +0200: Memory Usage (457116K) : devtrench_drw has 0 polygons
2026-08-15 08:25:30 +0200: Memory Usage (457116K) : redist_drw has 0 polygons
2026-08-15 08:25:30 +0200: Memory Usage (457244K) : graphbot_drw has 0 polygons
2026-08-15 08:25:30 +0200: Memory Usage (457244K) : graphtop_drw has 0 polygons
2026-08-15 08:25:30 +0200: Memory Usage (457372K) : antvia1_drw has 0 polygons
2026-08-15 08:25:30 +0200: Memory Usage (457372K) : antmetal2_drw has 0 polygons
2026-08-15 08:25:30 +0200: Memory Usage (457372K) : graphcont_drw has 0 polygons
2026-08-15 08:25:30 +0200: Memory Usage (457500K) : siwg_drw has 0 polygons
2026-08-15 08:25:30 +0200: Memory Usage (457500K) : siwg_filler has 0 polygons
2026-08-15 08:25:30 +0200: Memory Usage (457628K) : siwg_nofill has 0 polygons
2026-08-15 08:25:30 +0200: Memory Usage (457628K) : sigrating_drw has 0 polygons
2026-08-15 08:25:30 +0200: Memory Usage (457756K) : singrating_drw has 0 polygons
2026-08-15 08:25:30 +0200: Memory Usage (457756K) : graphpas_drw has 0 polygons
2026-08-15 08:25:30 +0200: Memory Usage (457884K) : emwind3_drw has 0 polygons
2026-08-15 08:25:30 +0200: Memory Usage (457884K) : emwihv3_drw has 0 polygons
2026-08-15 08:25:30 +0200: Memory Usage (458012K) : redbulay_drw has 0 polygons
2026-08-15 08:25:30 +0200: Memory Usage (458012K) : smos_drw has 0 polygons
2026-08-15 08:25:30 +0200: Memory Usage (458140K) : graphpad_drw has 0 polygons
2026-08-15 08:25:30 +0200: Memory Usage (458268K) : polimide_drw has 0 polygons
2026-08-15 08:25:30 +0200: Memory Usage (458268K) : polimide_pin has 0 polygons
2026-08-15 08:25:30 +0200: Memory Usage (458396K) : recog_drw has 0 polygons
2026-08-15 08:25:30 +0200: Memory Usage (458396K) : recog_pin has 0 polygons
2026-08-15 08:25:30 +0200: Memory Usage (458524K) : recog_esd has 0 polygons
2026-08-15 08:25:30 +0200: Memory Usage (458524K) : recog_diode has 0 polygons
2026-08-15 08:25:30 +0200: Memory Usage (458652K) : recog_tsv has 0 polygons
2026-08-15 08:25:30 +0200: Memory Usage (458780K) : recog_iprobe has 0 polygons
2026-08-15 08:25:30 +0200: Memory Usage (458780K) : recog_diffprb has 0 polygons
2026-08-15 08:25:30 +0200: Memory Usage (458780K) : recog_pillar has 0 polygons
2026-08-15 08:25:30 +0200: Memory Usage (458908K) : recog_sbump has 0 polygons
2026-08-15 08:25:30 +0200: Memory Usage (458908K) : recog_otp has 0 polygons
2026-08-15 08:25:30 +0200: Memory Usage (459036K) : recog_pdiode has 0 polygons
2026-08-15 08:25:30 +0200: Memory Usage (459036K) : recog_mom has 0 polygons
2026-08-15 08:25:30 +0200: Memory Usage (459164K) : recog_pcm has 0 polygons
2026-08-15 08:25:30 +0200: Memory Usage (459164K) : colopen_drw has 0 polygons
2026-08-15 08:25:30 +0200: Memory Usage (459292K) : graphmetal1_drw has 0 polygons
2026-08-15 08:25:30 +0200: Memory Usage (459292K) : graphmetal1_filler has 0 polygons
2026-08-15 08:25:30 +0200: Memory Usage (459292K) : graphmetal1_nofill has 0 polygons
2026-08-15 08:25:30 +0200: Memory Usage (459420K) : graphmetal1_slit has 0 polygons
2026-08-15 08:25:30 +0200: Memory Usage (459420K) : graphmetal1_OPC has 0 polygons
2026-08-15 08:25:30 +0200: Memory Usage (459548K) : graphmet1l_drw has 0 polygons
2026-08-15 08:25:30 +0200: Memory Usage (459548K) : graphmet1l_filler has 0 polygons
2026-08-15 08:25:30 +0200: Memory Usage (459676K) : graphmet1l_nofill has 0 polygons
2026-08-15 08:25:30 +0200: Memory Usage (459676K) : graphmet1l_slit has 0 polygons
2026-08-15 08:25:30 +0200: Memory Usage (459804K) : graphmet1l_OPC has 0 polygons
2026-08-15 08:25:30 +0200: Memory Usage (459804K) : extblock_drw has 0 polygons
2026-08-15 08:25:30 +0200: Memory Usage (459804K) : nldd_drw has 0 polygons
2026-08-15 08:25:30 +0200: Memory Usage (459932K) : pldd_drw has 0 polygons
2026-08-15 08:25:30 +0200: Memory Usage (459932K) : next_drw has 0 polygons
2026-08-15 08:25:30 +0200: Memory Usage (460060K) : pext_drw has 0 polygons
2026-08-15 08:25:30 +0200: Memory Usage (460060K) : nexthv_drw has 0 polygons
2026-08-15 08:25:30 +0200: Memory Usage (460188K) : pexthv_drw has 0 polygons
2026-08-15 08:25:30 +0200: Memory Usage (460188K) : graphgate_drw has 0 polygons
2026-08-15 08:25:30 +0200: Memory Usage (460316K) : sinwg_drw has 0 polygons
2026-08-15 08:25:30 +0200: Memory Usage (460316K) : sinwg_filler has 0 polygons
2026-08-15 08:25:30 +0200: Memory Usage (460444K) : sinwg_nofill has 0 polygons
2026-08-15 08:25:30 +0200: Memory Usage (460444K) : mempad_drw has 0 polygons
2026-08-15 08:25:30 +0200: Memory Usage (460572K) : topvia1_drw has 0 polygons
2026-08-15 08:25:30 +0200: Memory Usage (460700K) : topmetal1_drw has 0 polygons
2026-08-15 08:25:30 +0200: Memory Usage (460700K) : topmetal1_filler has 0 polygons
2026-08-15 08:25:30 +0200: Memory Usage (460828K) : topmetal1_slit has 0 polygons
2026-08-15 08:25:30 +0200: Memory Usage (460956K) : topmetal1 has 0 polygons
2026-08-15 08:25:30 +0200: Memory Usage (460956K) : topmetal1_pin has 0 polygons
2026-08-15 08:25:30 +0200: Memory Usage (461084K) : topmetal1_mask has 0 polygons
2026-08-15 08:25:30 +0200: Memory Usage (461084K) : topmetal1_nofill has 0 polygons
2026-08-15 08:25:30 +0200: Memory Usage (461084K) : topmetal1_text has 0 polygons
2026-08-15 08:25:30 +0200: Memory Usage (461084K) : topmetal1_noqrc has 0 polygons
2026-08-15 08:25:30 +0200: Memory Usage (461084K) : topmetal1_res has 0 polygons
2026-08-15 08:25:30 +0200: Memory Usage (461084K) : topmetal1_iprobe has 0 polygons
2026-08-15 08:25:30 +0200: Memory Usage (461212K) : topmetal1_diffprb has 0 polygons
2026-08-15 08:25:30 +0200: Memory Usage (461212K) : inldpwl_drw has 0 polygons
2026-08-15 08:25:30 +0200: Memory Usage (461340K) : polyres_drw has 0 polygons
2026-08-15 08:25:30 +0200: Memory Usage (461340K) : polyres_pin has 0 polygons
2026-08-15 08:25:30 +0200: Memory Usage (461468K) : vmim_drw has 0 polygons
2026-08-15 08:25:30 +0200: Memory Usage (461596K) : nbulaycut_drw has 0 polygons
2026-08-15 08:25:30 +0200: Memory Usage (461596K) : antmetal1_drw has 0 polygons
2026-08-15 08:25:30 +0200: Memory Usage (461724K) : topvia2_drw has 0 polygons
2026-08-15 08:25:30 +0200: Memory Usage (461724K) : topmetal2_drw has 0 polygons
2026-08-15 08:25:30 +0200: Memory Usage (461852K) : topmetal2_filler has 0 polygons
2026-08-15 08:25:30 +0200: Memory Usage (461852K) : topmetal2_slit has 0 polygons
2026-08-15 08:25:30 +0200: Memory Usage (461980K) : topmetal2 has 0 polygons
2026-08-15 08:25:30 +0200: Memory Usage (462108K) : topmetal2_pin has 0 polygons
2026-08-15 08:25:30 +0200: Memory Usage (462236K) : topmetal2_mask has 0 polygons
2026-08-15 08:25:30 +0200: Memory Usage (462236K) : topmetal2_nofill has 0 polygons
2026-08-15 08:25:30 +0200: Memory Usage (462364K) : topmetal2_text has 0 polygons
2026-08-15 08:25:30 +0200: Memory Usage (462364K) : topmetal2_noqrc has 0 polygons
2026-08-15 08:25:30 +0200: Memory Usage (462492K) : topmetal2_res has 0 polygons
2026-08-15 08:25:30 +0200: Memory Usage (462492K) : topmetal2_iprobe has 0 polygons
2026-08-15 08:25:30 +0200: Memory Usage (462620K) : topmetal2_diffprb has 0 polygons
2026-08-15 08:25:30 +0200: Memory Usage (462748K) : snsring_drw has 0 polygons
2026-08-15 08:25:30 +0200: Memory Usage (462748K) : sensor_drw has 0 polygons
2026-08-15 08:25:30 +0200: Memory Usage (462876K) : snsarms_drw has 0 polygons
2026-08-15 08:25:30 +0200: Memory Usage (462876K) : snscmosvia_drw has 0 polygons
2026-08-15 08:25:30 +0200: Memory Usage (463004K) : colwind_drw has 0 polygons
2026-08-15 08:25:30 +0200: Memory Usage (463132K) : flm_drw has 0 polygons
2026-08-15 08:25:30 +0200: Memory Usage (463132K) : hafniumox_drw has 0 polygons
2026-08-15 08:25:30 +0200: Memory Usage (463260K) : memvia_drw has 0 polygons
2026-08-15 08:25:30 +0200: Memory Usage (463260K) : thinfilmres_drw has 0 polygons
2026-08-15 08:25:30 +0200: Memory Usage (463388K) : rfmem_drw has 0 polygons
2026-08-15 08:25:30 +0200: Memory Usage (463388K) : norcx_drw has 0 polygons
2026-08-15 08:25:30 +0200: Memory Usage (463516K) : norcx_m2m3 has 0 polygons
2026-08-15 08:25:30 +0200: Memory Usage (463516K) : norcx_m2m4 has 0 polygons
2026-08-15 08:25:30 +0200: Memory Usage (463644K) : norcx_m2m5 has 0 polygons
2026-08-15 08:25:30 +0200: Memory Usage (463772K) : norcx_m2tm1 has 0 polygons
2026-08-15 08:25:30 +0200: Memory Usage (463772K) : norcx_m2tm2 has 0 polygons
2026-08-15 08:25:30 +0200: Memory Usage (463900K) : norcx_m3m4 has 0 polygons
2026-08-15 08:25:30 +0200: Memory Usage (463900K) : norcx_m3m5 has 0 polygons
2026-08-15 08:25:30 +0200: Memory Usage (464028K) : norcx_m3tm1 has 0 polygons
2026-08-15 08:25:30 +0200: Memory Usage (464156K) : norcx_m3tm2 has 0 polygons
2026-08-15 08:25:30 +0200: Memory Usage (464156K) : norcx_m4m5 has 0 polygons
2026-08-15 08:25:30 +0200: Memory Usage (464284K) : norcx_m4tm1 has 0 polygons
2026-08-15 08:25:30 +0200: Memory Usage (464284K) : norcx_m4tm2 has 0 polygons
2026-08-15 08:25:30 +0200: Memory Usage (464412K) : norcx_m5tm1 has 0 polygons
2026-08-15 08:25:30 +0200: Memory Usage (464412K) : norcx_m5tm2 has 0 polygons
2026-08-15 08:25:30 +0200: Memory Usage (464540K) : norcx_tm1tm2 has 0 polygons
2026-08-15 08:25:30 +0200: Memory Usage (464668K) : norcx_m1sub has 0 polygons
2026-08-15 08:25:30 +0200: Memory Usage (464668K) : norcx_m2sub has 0 polygons
2026-08-15 08:25:30 +0200: Memory Usage (464796K) : norcx_m3sub has 0 polygons
2026-08-15 08:25:30 +0200: Memory Usage (464796K) : norcx_m4sub has 0 polygons
2026-08-15 08:25:30 +0200: Memory Usage (464924K) : norcx_m5sub has 0 polygons
2026-08-15 08:25:30 +0200: Memory Usage (464924K) : norcx_tm1sub has 0 polygons
2026-08-15 08:25:30 +0200: Memory Usage (465052K) : norcx_tm2sub has 0 polygons
2026-08-15 08:25:30 +0200: Memory Usage (465180K) : snsbotvia_drw has 0 polygons
2026-08-15 08:25:30 +0200: Memory Usage (465180K) : snstopvia_drw has 0 polygons
2026-08-15 08:25:30 +0200: Memory Usage (465308K) : deepvia_drw has 0 polygons
2026-08-15 08:25:30 +0200: Memory Usage (465308K) : fgetch_drw has 0 polygons
2026-08-15 08:25:30 +0200: Memory Usage (465436K) : ctrgat_drw has 0 polygons
2026-08-15 08:25:30 +0200: Memory Usage (465436K) : fgimp_drw has 0 polygons
2026-08-15 08:25:30 +0200: Memory Usage (465564K) : emwihv_drw has 0 polygons
2026-08-15 08:25:30 +0200: Memory Usage (465692K) : lbe_drw has 0 polygons
2026-08-15 08:25:30 +0200: Memory Usage (465692K) : alcustop_drw has 0 polygons
2026-08-15 08:25:30 +0200: Memory Usage (465820K) : nometfiller_drw has 0 polygons
2026-08-15 08:25:30 +0200: Memory Usage (465820K) : prboundary_drw has 0 polygons
2026-08-15 08:25:30 +0200: Memory Usage (465948K) : exchange0_drw has 0 polygons
2026-08-15 08:25:30 +0200: Memory Usage (465948K) : exchange0_pin has 0 polygons
2026-08-15 08:25:30 +0200: Memory Usage (466076K) : exchange0_text has 0 polygons
2026-08-15 08:25:30 +0200: Memory Usage (466076K) : exchange1_drw has 0 polygons
2026-08-15 08:25:30 +0200: Memory Usage (466204K) : exchange1_pin has 0 polygons
2026-08-15 08:25:30 +0200: Memory Usage (466332K) : exchange1_text has 0 polygons
2026-08-15 08:25:30 +0200: Memory Usage (466332K) : exchange2_drw has 0 polygons
2026-08-15 08:25:30 +0200: Memory Usage (466460K) : exchange2_pin has 0 polygons
2026-08-15 08:25:30 +0200: Memory Usage (466460K) : exchange2_text has 0 polygons
2026-08-15 08:25:30 +0200: Memory Usage (466588K) : exchange3_drw has 0 polygons
2026-08-15 08:25:30 +0200: Memory Usage (466588K) : exchange3_pin has 0 polygons
2026-08-15 08:25:30 +0200: Memory Usage (466716K) : exchange3_text has 0 polygons
2026-08-15 08:25:30 +0200: Memory Usage (466716K) : exchange4_drw has 0 polygons
2026-08-15 08:25:30 +0200: Memory Usage (466844K) : exchange4_pin has 0 polygons
2026-08-15 08:25:30 +0200: Memory Usage (466844K) : exchange4_text has 0 polygons
2026-08-15 08:25:30 +0200: Memory Usage (466972K) : isonwell_drw has 0 polygons
2026-08-15 08:25:30 +0200: Memory Usage (466972K) : Total no. of polygons in the design is 1382
2026-08-15 08:25:30 +0200: Memory Usage (466972K) : Starting base layers derivations
2026-08-15 08:25:30 +0200: Memory Usage (466972K) : Starting general LVS derivations
2026-08-15 08:25:30 +0200: Memory Usage (473628K) : Starting MOSFET DERIVATIONS
2026-08-15 08:25:30 +0200: Memory Usage (474140K) : Starting NMOS DERIVATIONS
2026-08-15 08:25:30 +0200: Memory Usage (474140K) : Starting PMOS DERIVATIONS
2026-08-15 08:25:30 +0200: Memory Usage (474140K) : Starting RF-MOSFET DERIVATIONS
2026-08-15 08:25:30 +0200: Memory Usage (474140K) : Starting RF-NMOS DERIVATIONS
2026-08-15 08:25:30 +0200: Memory Usage (474140K) : Starting RF-PMOS DERIVATIONS
2026-08-15 08:25:30 +0200: Memory Usage (474140K) : Starting BJT DERIVATIONS
2026-08-15 08:25:30 +0200: Memory Usage (474140K) : Starting NPN-BJT DERIVATIONS
2026-08-15 08:25:30 +0200: Memory Usage (474652K) : Starting PNP-BJT DERIVATIONS
2026-08-15 08:25:30 +0200: Memory Usage (474652K) : Starting DIODE DERIVATIONS
2026-08-15 08:25:30 +0200: Memory Usage (474652K) : Starting RESISTOR DERIVATIONS
2026-08-15 08:25:30 +0200: Memory Usage (474652K) : Starting CAP DERIVATIONS
2026-08-15 08:25:30 +0200: Memory Usage (474652K) : Starting ESD DERIVATIONS
2026-08-15 08:25:30 +0200: Memory Usage (477084K) : Starting Inductor DERIVATIONS
2026-08-15 08:25:30 +0200: Memory Usage (479132K) : Starting Taps DERIVATIONS
2026-08-15 08:25:30 +0200: Memory Usage (479516K) : Starting SG13G2 LVS connectivity setup
2026-08-15 08:25:30 +0200: Memory Usage (479516K) : Starting SG13G2 LVS connectivity setup (Inter-layer)
2026-08-15 08:25:30 +0200: Memory Usage (479516K) : Starting SG13G2 LVS connectivity setup (Global)
2026-08-15 08:25:30 +0200: Memory Usage (479516K) : Starting LVS MOSFET CONNECTIONS
2026-08-15 08:25:30 +0200: Memory Usage (479516K) : Starting LVS RF-MOSFET CONNECTIONS
2026-08-15 08:25:30 +0200: Memory Usage (479516K) : Starting LVS BJT CONNECTIONS
2026-08-15 08:25:30 +0200: Memory Usage (479516K) : Starting LVS DIODE CONNECTIONS
2026-08-15 08:25:30 +0200: Memory Usage (479516K) : Starting RESISTOR CONNECTIONS
2026-08-15 08:25:30 +0200: Memory Usage (479516K) : Starting LVS CAP CONNECTIONS
2026-08-15 08:25:30 +0200: Memory Usage (479516K) : Starting ESD CONNECTIONS
2026-08-15 08:25:30 +0200: Memory Usage (479516K) : Starting Inductor CONNECTIONS
2026-08-15 08:25:30 +0200: Memory Usage (479516K) : Starting LVS Taps CONNECTIONS
2026-08-15 08:25:30 +0200: Memory Usage (479516K) : Starting SG13G2 LVS DEVICES EXTRACTION
2026-08-15 08:25:30 +0200: Memory Usage (479516K) : Starting MOSFET EXTRACTION
2026-08-15 08:25:30 +0200: Memory Usage (479516K) : Starting NMOS EXTRACTION
2026-08-15 08:25:30 +0200: Memory Usage (479516K) : Extraction of NMOS-LV transistor
2026-08-15 08:25:30 +0200: Memory Usage (479516K) : Extraction of NMOS-HV transistor
2026-08-15 08:25:30 +0200: Memory Usage (479516K) : Starting PMOS EXTRACTION
2026-08-15 08:25:30 +0200: Memory Usage (479516K) : Extraction of PMOS-LV transistor
2026-08-15 08:25:30 +0200: Memory Usage (479516K) : Extraction of PMOS-HV transistor
2026-08-15 08:25:30 +0200: Memory Usage (479516K) : Starting RF-MOSFET EXTRACTION
2026-08-15 08:25:30 +0200: Memory Usage (479516K) : Extraction of RF-NMOS-LV transistor
2026-08-15 08:25:30 +0200: Memory Usage (479772K) : Extraction of RF-NMOS-HV transistor
2026-08-15 08:25:30 +0200: Memory Usage (479772K) : Extraction of RF-PMOS-LV transistor
2026-08-15 08:25:30 +0200: Memory Usage (479772K) : Extraction of RF-PMOS-HV transistor
2026-08-15 08:25:30 +0200: Memory Usage (479772K) : Starting BJT EXTRACTION
2026-08-15 08:25:30 +0200: Memory Usage (479772K) : Starting NPN-BJT EXTRACTION
2026-08-15 08:25:30 +0200: Memory Usage (479772K) : Extraction of npn13G2 BJT transistor
2026-08-15 08:25:30 +0200: Memory Usage (479772K) : Extraction of npn13G2L BJT transistor
2026-08-15 08:25:30 +0200: Memory Usage (479772K) : Extraction of npn13G2V BJT transistor
2026-08-15 08:25:30 +0200: Memory Usage (479772K) : Starting PNP-BJT EXTRACTION
2026-08-15 08:25:30 +0200: Memory Usage (479772K) : Extracting pnpMPA BJT
2026-08-15 08:25:30 +0200: Memory Usage (479772K) : Starting DIODE EXTRACTION
2026-08-15 08:25:30 +0200: Memory Usage (479772K) : Extracting dantenna diode
2026-08-15 08:25:30 +0200: Memory Usage (479772K) : Extracting dpantenna diode
2026-08-15 08:25:30 +0200: Memory Usage (479772K) : Extracting schottky_nbl1 diode
2026-08-15 08:25:30 +0200: Memory Usage (479772K) : Extracting isolbox diode
2026-08-15 08:25:30 +0200: Memory Usage (479772K) : Starting RESISTOR EXTRACTION
2026-08-15 08:25:30 +0200: Memory Usage (479772K) : Extracting rsil resistor
2026-08-15 08:25:30 +0200: Memory Usage (479772K) : Extracting rppd resistor
2026-08-15 08:25:30 +0200: Memory Usage (479772K) : Extracting rhigh resistor
2026-08-15 08:25:30 +0200: Memory Usage (479772K) : Extracting res_metal1 resistor
2026-08-15 08:25:30 +0200: Memory Usage (479772K) : Extracting res_metal2 resistor
2026-08-15 08:25:30 +0200: Memory Usage (479772K) : Extracting res_metal3 resistor
2026-08-15 08:25:30 +0200: Memory Usage (479772K) : Extracting res_metal4 resistor
2026-08-15 08:25:30 +0200: Memory Usage (479772K) : Extracting res_metal5 resistor
2026-08-15 08:25:30 +0200: Memory Usage (479772K) : Extracting res_topmetal1 resistor
2026-08-15 08:25:30 +0200: Memory Usage (479772K) : Extracting res_topmetal2 resistor
2026-08-15 08:25:30 +0200: Memory Usage (479772K) : Starting CAP EXTRACTION
2026-08-15 08:25:30 +0200: Memory Usage (479772K) : Extracting cap_cmim device
2026-08-15 08:25:30 +0200: Memory Usage (479772K) : Extracting rfcmim device
2026-08-15 08:25:30 +0200: Memory Usage (479772K) : Extracting sg13_hv_svaricap varactor
2026-08-15 08:25:30 +0200: Memory Usage (479772K) : Starting ESD EXTRACTION
2026-08-15 08:25:30 +0200: Memory Usage (479772K) : Extracting diodevdd_2kv ESD device
2026-08-15 08:25:30 +0200: Memory Usage (479772K) : Extracting diodevdd_4kv ESD device
2026-08-15 08:25:30 +0200: Memory Usage (479772K) : Extracting diodevss_2kv ESD device
2026-08-15 08:25:30 +0200: Memory Usage (479772K) : Extracting diodevss_4kv ESD device
2026-08-15 08:25:30 +0200: Memory Usage (479772K) : Extracting idiodevdd_2kv ESD device
2026-08-15 08:25:30 +0200: Memory Usage (479772K) : Extracting idiodevdd_4kv ESD device
2026-08-15 08:25:30 +0200: Memory Usage (479772K) : Extracting idiodevss_2kv ESD device
2026-08-15 08:25:30 +0200: Memory Usage (479772K) : Extracting idiodevss_4kv ESD device
2026-08-15 08:25:30 +0200: Memory Usage (479772K) : Extracting nmoscl_2 ESD device
2026-08-15 08:25:30 +0200: Memory Usage (479772K) : Extracting nmoscl_4 ESD device
2026-08-15 08:25:30 +0200: Memory Usage (479772K) : Starting Inductor EXTRACTION
2026-08-15 08:25:30 +0200: Memory Usage (479772K) : Extracting Inductor2 device
2026-08-15 08:25:30 +0200: Memory Usage (479772K) : Extracting Inductor3 device
2026-08-15 08:25:30 +0200: Memory Usage (479772K) : Starting Taps EXTRACTION
2026-08-15 08:25:30 +0200: Memory Usage (479772K) : Extracting ntap1 device
2026-08-15 08:25:30 +0200: Memory Usage (479772K) : Extracting ptap1 device
2026-08-15 08:25:30 +0200: Memory Usage (479772K) : Starting SG13G2 LVS RF MOS Model Mapping
2026-08-15 08:25:30 +0200: Memory Usage (479772K) : [layout_netlist] Apply RF MOS model mapping and rfmode parameter.
2026-08-15 08:25:30 +0200: Memory Usage (479772K) : Starting SG13G2 LVS Options Preparations
2026-08-15 08:25:30 +0200: Memory Usage (479772K) : SG13G2 LVS flow: extraction -> alignment -> option preparation -> comparison.
2026-08-15 08:25:30 +0200: Memory Usage (479772K) : Starting SG13G2 LVS Alignment
2026-08-15 08:25:30 +0200: Memory Usage (479900K) : Starting SG13G2 LVS Simplification
2026-08-15 08:25:30 +0200: Memory Usage (479900K) : [layout_netlist] simplify: SKIPPED
2026-08-15 08:25:30 +0200: Memory Usage (479900K) : [layout_netlist] make_top_level_pins: ENABLED
2026-08-15 08:25:30 +0200: Memory Usage (479900K) : [layout_netlist] combine_devices: SKIPPED
2026-08-15 08:25:30 +0200: Memory Usage (479900K) : [layout_netlist] purge: SKIPPED
2026-08-15 08:25:30 +0200: Memory Usage (479900K) : [layout_netlist] purge_nets: SKIPPED
2026-08-15 08:25:30 +0200: Memory Usage (479900K) : [schematic_netlist] simplify: SKIPPED
2026-08-15 08:25:30 +0200: Memory Usage (479900K) : [schematic_netlist] make_top_level_pins: ENABLED
2026-08-15 08:25:30 +0200: Memory Usage (479900K) : [schematic_netlist] combine_devices: SKIPPED
2026-08-15 08:25:30 +0200: Memory Usage (479900K) : [schematic_netlist] purge: SKIPPED
2026-08-15 08:25:30 +0200: Memory Usage (479900K) : [schematic_netlist] purge_nets: SKIPPED
2026-08-15 08:25:30 +0200: Memory Usage (479900K) : Starting SG13G2 LVS Comparison in strict port mode.
2026-08-15 08:25:30 +0200: Memory Usage (479900K) : flag_missing_ports enabled: missing/mislabeled top-level ports are treated as errors.
2026-08-15 08:25:30 +0200: Memory Usage (480028K) : xxxxxxxxxxxxxxxxxxxxxxxxxxxxxxxxxxxxxxxxxx
2026-08-15 08:25:30 +0200: Memory Usage (480028K) : ERROR : Netlists don't match
2026-08-15 08:25:30 +0200: Memory Usage (480028K) : xxxxxxxxxxxxxxxxxxxxxxxxxxxxxxxxxxxxxxxxxx
2026-08-15 08:25:30 +0200: Memory Usage (480028K) : LVS Total Run time 0.951927 seconds
