Netgen 1.5.323 compiled on Mon Jul 27 09:06:03 PM CEST 2026
Warning: netgen command 'format' use fully-qualified name '::netgen::format'
Warning: netgen command 'global' use fully-qualified name '::netgen::global'
Warning:  Cell sg13g2_ip__jku has no pins
No node 'sg13g2_ip__jku:jku_logo/Disconnected(0)' found in current cell 'chip_top'
Warning:  Cell sg13g2_ip__jku_names has no pins
No node 'sg13g2_ip__jku_names:jku_names/Disconnected(0)' found in current cell 'chip_top'
Warning:  A case-insensitive file has been read and so the	verilog file must be treated case-insensitive to match.
Reading SPICE netlist file '/foss/pdks/ihp-sg13g2/libs.ref/sg13g2_stdcell/spice/sg13g2_stdcell.spice'...
Call to undefined subcircuit sg13_lv_nmos
Creating placeholder cell definition.
Call to undefined subcircuit sg13_lv_pmos
Creating placeholder cell definition.
Call to undefined subcircuit dantenna
Creating placeholder cell definition.
Call to undefined subcircuit dpantenna
Creating placeholder cell definition.
Reading SPICE netlist file '/foss/pdks/ihp-sg13g2/libs.ref/sg13g2_io/spice/sg13g2_io.spi'...
Call to undefined subcircuit ptap1
Creating placeholder cell definition.
Call to undefined subcircuit sg13_hv_nmos
Creating placeholder cell definition.
Call to undefined subcircuit rppd
Creating placeholder cell definition.
Call to undefined subcircuit sg13_hv_pmos
Creating placeholder cell definition.
Reading Verilog netlist file '/foss/designs/sar-chip/flow/librelane/runs/RUN_2026-08-16_09-07-48/51-openroad-fillinsertion/chip_top.pnl.v'...
Warning:  A case-insensitive file has been read and so the	verilog file must be treated case-insensitive to match.
Creating placeholder cell definition for module sg13g2_ip__bondpad_70x70.
Error:  Instance \g_analogs[0].analog_pad  has pin padbare which is not in the sg13g2_IOPadAnalog cell definition.
Error:  Instance \g_analogs[1].analog_pad  has pin padbare which is not in the sg13g2_IOPadAnalog cell definition.
Error:  Instance \g_analogs[2].analog_pad  has pin padbare which is not in the sg13g2_IOPadAnalog cell definition.
Creating placeholder cell definition for module oa_sar8_core16.
Warning:  Cell sg13g2_ip__jku has no pins
Creating placeholder cell definition for module sg13g2_ip__jku.
Warning:  Cell sg13g2_ip__jku_names has no pins
Creating placeholder cell definition for module sg13g2_ip__jku_names.
Treating empty subcircuits as black-box cells
Generating JSON file result

Reading setup file /usr/local/lib/python3.12/dist-packages/librelane/scripts/netgen/setup.tcl

Model ptap1 pin 1 == 2
No property w found for device ptap1
No property l found for device ptap1
No property l found for device ptap1
No property w found for device ptap1
No property l found for device ptap1
No property w found for device ptap1
No property b found for device ptap1
Model rppd pin 1 == 2
No property b found for device rppd
Model sg13_hv_nmos pin 1 == 3
No property trise found for device sg13_hv_nmos
No property z1 found for device sg13_hv_nmos
No property z2 found for device sg13_hv_nmos
No property wmin found for device sg13_hv_nmos
No property rfmode found for device sg13_hv_nmos
No property pre_layout found for device sg13_hv_nmos
Model sg13_hv_pmos pin 1 == 3
No property trise found for device sg13_hv_pmos
No property z1 found for device sg13_hv_pmos
No property z2 found for device sg13_hv_pmos
No property wmin found for device sg13_hv_pmos
No property rfmode found for device sg13_hv_pmos
No property pre_layout found for device sg13_hv_pmos
Model sg13_lv_nmos pin 1 == 3
No property trise found for device sg13_lv_nmos
No property z1 found for device sg13_lv_nmos
No property z2 found for device sg13_lv_nmos
No property wmin found for device sg13_lv_nmos
No property rfmode found for device sg13_lv_nmos
No property pre_layout found for device sg13_lv_nmos
Model sg13_lv_pmos pin 1 == 3
No property trise found for device sg13_lv_pmos
No property z1 found for device sg13_lv_pmos
No property z2 found for device sg13_lv_pmos
No property wmin found for device sg13_lv_pmos
No property rfmode found for device sg13_lv_pmos
No property pre_layout found for device sg13_lv_pmos
No property DEV_A found for device dantenna
No property DEV_P found for device dantenna
No property DEV_C found for device dantenna
No property DEV_A found for device dpantenna
No property DEV_P found for device dpantenna
No property DEV_C found for device dpantenna
Comparison output logged to file /foss/designs/sar-chip/flow/librelane/runs/RUN_2026-08-16_09-07-48/67-netgen-lvs/reports/lvs.netgen.rpt
Logging to file "/foss/designs/sar-chip/flow/librelane/runs/RUN_2026-08-16_09-07-48/67-netgen-lvs/reports/lvs.netgen.rpt" enabled

Contents of circuit 1:  Circuit: 'sg13g2_decap_8'
Circuit sg13g2_decap_8 contains 0 device instances.
Circuit contains 0 nets, and 2 disconnected pins.
Contents of circuit 2:  Circuit: 'sg13g2_decap_8'
Circuit sg13g2_decap_8 contains 2 device instances.
  Class: sg13_lv_pmos          instances:   1
  Class: sg13_lv_nmos          instances:   1
Circuit contains 2 nets.

Circuit sg13g2_decap_8 contains no devices.

Contents of circuit 1:  Circuit: 'sg13g2_Filler2000'
Circuit sg13g2_Filler2000 contains 0 device instances.
Circuit contains 0 nets, and 4 disconnected pins.
Contents of circuit 2:  Circuit: 'sg13g2_Filler2000'
Circuit sg13g2_Filler2000 contains 2 device instances.
  Class: ptap1                 instances:   2
Circuit contains 3 nets, and 2 disconnected pins.

Circuit sg13g2_Filler2000 contains no devices.

Contents of circuit 1:  Circuit: 'sg13g2_fill_2'
Circuit sg13g2_fill_2 contains 0 device instances.
Circuit contains 0 nets, and 2 disconnected pins.
Contents of circuit 2:  Circuit: 'sg13g2_fill_2'
Circuit sg13g2_fill_2 contains 0 device instances.
Circuit contains 0 nets, and 2 disconnected pins.

Circuit sg13g2_fill_2 contains no devices.

Contents of circuit 1:  Circuit: 'sg13g2_decap_4'
Circuit sg13g2_decap_4 contains 0 device instances.
Circuit contains 0 nets, and 2 disconnected pins.
Contents of circuit 2:  Circuit: 'sg13g2_decap_4'
Circuit sg13g2_decap_4 contains 2 device instances.
  Class: sg13_lv_pmos          instances:   1
  Class: sg13_lv_nmos          instances:   1
Circuit contains 2 nets.

Circuit sg13g2_decap_4 contains no devices.

Contents of circuit 1:  Circuit: 'sg13g2_Filler400'
Circuit sg13g2_Filler400 contains 0 device instances.
Circuit contains 0 nets, and 4 disconnected pins.
Contents of circuit 2:  Circuit: 'sg13g2_Filler400'
Circuit sg13g2_Filler400 contains 2 device instances.
  Class: ptap1                 instances:   2
Circuit contains 3 nets, and 2 disconnected pins.

Circuit sg13g2_Filler400 contains no devices.

Contents of circuit 1:  Circuit: 'sg13g2_ip__bondpad_70x70'
Circuit sg13g2_ip__bondpad_70x70 contains 0 device instances.
Circuit contains 0 nets, and 1 disconnected pin.
Contents of circuit 2:  Circuit: 'sg13g2_ip__bondpad_70x70'
Circuit sg13g2_ip__bondpad_70x70 contains 0 device instances.
Circuit contains 0 nets.

Circuit sg13g2_ip__bondpad_70x70 contains no devices.

Contents of circuit 1:  Circuit: 'sg13g2_fill_1'
Circuit sg13g2_fill_1 contains 0 device instances.
Circuit contains 0 nets, and 2 disconnected pins.
Contents of circuit 2:  Circuit: 'sg13g2_fill_1'
Circuit sg13g2_fill_1 contains 0 device instances.
Circuit contains 0 nets, and 2 disconnected pins.

Circuit sg13g2_fill_1 contains no devices.

Contents of circuit 1:  Circuit: 'sg13g2_Filler4000'
Circuit sg13g2_Filler4000 contains 0 device instances.
Circuit contains 0 nets, and 4 disconnected pins.
Contents of circuit 2:  Circuit: 'sg13g2_Filler4000'
Circuit sg13g2_Filler4000 contains 2 device instances.
  Class: ptap1                 instances:   2
Circuit contains 3 nets, and 2 disconnected pins.

Circuit sg13g2_Filler4000 contains no devices.

Contents of circuit 1:  Circuit: 'sg13g2_IOPadVdd'
Circuit sg13g2_IOPadVdd contains 0 device instances.
Circuit contains 0 nets, and 4 disconnected pins.
Contents of circuit 2:  Circuit: 'sg13g2_IOPadVdd'
Circuit sg13g2_IOPadVdd contains 208 device instances.
  Class: sg13_hv_nmos          instances: 176
  Class: rppd                  instances:  26
  Class: dantenna              instances:   1
  Class: ptap1                 instances:   4
  Class: sg13_hv_pmos          instances:   1
Circuit contains 34 nets, and 1 disconnected pin.

Circuit sg13g2_IOPadVdd contains no devices.

Contents of circuit 1:  Circuit: 'sg13g2_Filler200'
Circuit sg13g2_Filler200 contains 0 device instances.
Circuit contains 0 nets, and 4 disconnected pins.
Contents of circuit 2:  Circuit: 'sg13g2_Filler200'
Circuit sg13g2_Filler200 contains 2 device instances.
  Class: ptap1                 instances:   2
Circuit contains 3 nets, and 2 disconnected pins.

Circuit sg13g2_Filler200 contains no devices.

Contents of circuit 1:  Circuit: 'sg13g2_IOPadOut30mA'
Circuit sg13g2_IOPadOut30mA contains 0 device instances.
Circuit contains 0 nets, and 6 disconnected pins.
Contents of circuit 2:  Circuit: 'sg13g2_IOPadOut30mA'
Circuit sg13g2_IOPadOut30mA contains 33 device instances.
  Class: sg13_hv_nmos          instances:   7
  Class: dantenna              instances:   3
  Class: dpantenna             instances:   3
  Class: sg13_lv_pmos          instances:   2
  Class: sg13_lv_nmos          instances:   2
  Class: ptap1                 instances:   8
  Class: sg13_hv_pmos          instances:   8
Circuit contains 21 nets.

Circuit sg13g2_IOPadOut30mA contains no devices.

Contents of circuit 1:  Circuit: 'sg13g2_IOPadVss'
Circuit sg13g2_IOPadVss contains 0 device instances.
Circuit contains 0 nets, and 4 disconnected pins.
Contents of circuit 2:  Circuit: 'sg13g2_IOPadVss'
Circuit sg13g2_IOPadVss contains 8 device instances.
  Class: dantenna              instances:   2
  Class: dpantenna             instances:   2
  Class: ptap1                 instances:   4
Circuit contains 6 nets, and 1 disconnected pin.

Circuit sg13g2_IOPadVss contains no devices.

Contents of circuit 1:  Circuit: 'oa_sar8_core16'
Circuit oa_sar8_core16 contains 0 device instances.
Circuit contains 0 nets, and 18 disconnected pins.
Contents of circuit 2:  Circuit: 'oa_sar8_core16'
Circuit oa_sar8_core16 contains 0 device instances.
Circuit contains 0 nets.

Circuit oa_sar8_core16 contains no devices.

Contents of circuit 1:  Circuit: 'sg13g2_Corner'
Circuit sg13g2_Corner contains 0 device instances.
Circuit contains 0 nets, and 4 disconnected pins.
Contents of circuit 2:  Circuit: 'sg13g2_Corner'
Circuit sg13g2_Corner contains 2 device instances.
  Class: ptap1                 instances:   2
Circuit contains 3 nets, and 2 disconnected pins.

Circuit sg13g2_Corner contains no devices.

Contents of circuit 1:  Circuit: 'sg13g2_tielo'
Circuit sg13g2_tielo contains 0 device instances.
Circuit contains 0 nets, and 3 disconnected pins.
Contents of circuit 2:  Circuit: 'sg13g2_tielo'
Circuit sg13g2_tielo contains 4 device instances.
  Class: sg13_lv_pmos          instances:   2
  Class: sg13_lv_nmos          instances:   2
Circuit contains 6 nets.

Circuit sg13g2_tielo contains no devices.

Contents of circuit 1:  Circuit: 'sg13g2_IOPadIOVss'
Circuit sg13g2_IOPadIOVss contains 0 device instances.
Circuit contains 0 nets, and 4 disconnected pins.
Contents of circuit 2:  Circuit: 'sg13g2_IOPadIOVss'
Circuit sg13g2_IOPadIOVss contains 8 device instances.
  Class: dantenna              instances:   2
  Class: dpantenna             instances:   2
  Class: ptap1                 instances:   4
Circuit contains 6 nets, and 1 disconnected pin.

Circuit sg13g2_IOPadIOVss contains no devices.

Contents of circuit 1:  Circuit: 'sg13g2_IOPadIOVdd'
Circuit sg13g2_IOPadIOVdd contains 0 device instances.
Circuit contains 0 nets, and 4 disconnected pins.
Contents of circuit 2:  Circuit: 'sg13g2_IOPadIOVdd'
Circuit sg13g2_IOPadIOVdd contains 208 device instances.
  Class: sg13_hv_nmos          instances: 176
  Class: rppd                  instances:  26
  Class: dantenna              instances:   1
  Class: ptap1                 instances:   4
  Class: sg13_hv_pmos          instances:   1
Circuit contains 34 nets, and 1 disconnected pin.

Circuit sg13g2_IOPadIOVdd contains no devices.

Contents of circuit 1:  Circuit: 'sg13g2_ip__jku'
Circuit sg13g2_ip__jku contains 0 device instances.
Circuit contains 0 nets.
Contents of circuit 2:  Circuit: 'sg13g2_ip__jku'
Circuit sg13g2_ip__jku contains 0 device instances.
Circuit contains 0 nets.

Circuit sg13g2_ip__jku contains no devices.

Contents of circuit 1:  Circuit: 'sg13g2_IOPadAnalog'
Circuit sg13g2_IOPadAnalog contains 0 device instances.
Circuit contains 0 nets, and 7 disconnected pins.
Contents of circuit 2:  Circuit: 'sg13g2_IOPadAnalog'
Circuit sg13g2_IOPadAnalog contains 19 device instances.
  Class: sg13_hv_nmos          instances:   1
  Class: rppd                  instances:   3
  Class: dantenna              instances:   3
  Class: dpantenna             instances:   3
  Class: ptap1                 instances:   7
  Class: sg13_hv_pmos          instances:   2
Circuit contains 13 nets, and 1 disconnected pin.

Circuit sg13g2_IOPadAnalog contains no devices.

Contents of circuit 1:  Circuit: 'sg13g2_IOPadIn'
Circuit sg13g2_IOPadIn contains 0 device instances.
Circuit contains 0 nets, and 6 disconnected pins.
Contents of circuit 2:  Circuit: 'sg13g2_IOPadIn'
Circuit sg13g2_IOPadIn contains 23 device instances.
  Class: sg13_hv_nmos          instances:   4
  Class: rppd                  instances:   1
  Class: dantenna              instances:   3
  Class: dpantenna             instances:   3
  Class: sg13_lv_pmos          instances:   1
  Class: sg13_lv_nmos          instances:   1
  Class: ptap1                 instances:   7
  Class: sg13_hv_pmos          instances:   3
Circuit contains 15 nets.

Circuit sg13g2_IOPadIn contains no devices.

Contents of circuit 1:  Circuit: 'sg13g2_ip__jku_names'
Circuit sg13g2_ip__jku_names contains 0 device instances.
Circuit contains 0 nets.
Contents of circuit 2:  Circuit: 'sg13g2_ip__jku_names'
Circuit sg13g2_ip__jku_names contains 0 device instances.
Circuit contains 0 nets.

Circuit sg13g2_ip__jku_names contains no devices.

Contents of circuit 1:  Circuit: 'sg13g2_IOPadInOut30mA'
Circuit sg13g2_IOPadInOut30mA contains 0 device instances.
Circuit contains 0 nets, and 8 disconnected pins.
Contents of circuit 2:  Circuit: 'sg13g2_IOPadInOut30mA'
Circuit sg13g2_IOPadInOut30mA contains 62 device instances.
  Class: sg13_hv_nmos          instances:  11
  Class: rppd                  instances:   1
  Class: dantenna              instances:   4
  Class: dpantenna             instances:   4
  Class: sg13_lv_pmos          instances:   8
  Class: sg13_lv_nmos          instances:   8
  Class: ptap1                 instances:  15
  Class: sg13_hv_pmos          instances:  11
Circuit contains 38 nets.

Circuit sg13g2_IOPadInOut30mA contains no devices.

Contents of circuit 1:  Circuit: 'chip_top'
Circuit chip_top contains 53224 device instances.
  Class: sg13g2_Filler200      instances:   8
  Class: sg13g2_Filler400      instances:  56
  Class: sg13g2_decap_8        instances: 52422
  Class: sg13g2_ip__bondpad_70x70 instances:  32
  Class: sg13g2_Filler2000     instances:  28
  Class: sg13g2_fill_2         instances: 132
  Class: sg13g2_Filler4000     instances:  44
  Class: sg13g2_IOPadInOut30mA instances:   1
  Class: sg13g2_tielo          instances:   7
  Class: sg13g2_IOPadIOVss     instances:   1
  Class: sg13g2_IOPadAnalog    instances:   3
  Class: sg13g2_Corner         instances:   4
  Class: sg13g2_ip__jku        instances:   1
  Class: sg13g2_decap_4        instances: 227
  Class: sg13g2_IOPadVdd       instances:   4
  Class: sg13g2_ip__jku_names  instances:   1
  Class: sg13g2_IOPadOut30mA   instances:  15
  Class: oa_sar8_core16        instances:   1
  Class: sg13g2_IOPadIn        instances:   3
  Class: sg13g2_IOPadVss       instances:   4
  Class: sg13g2_IOPadIOVdd     instances:   1
  Class: sg13g2_fill_1         instances: 229
Circuit contains 53 nets, and 2 disconnected pins.
Contents of circuit 2:  Circuit: 'chip_top'
Circuit chip_top contains 53224 device instances.
  Class: sg13g2_Filler200      instances:   8
  Class: sg13g2_Filler400      instances:  56
  Class: sg13g2_decap_8        instances: 52422
  Class: sg13g2_ip__bondpad_70x70 instances:  32
  Class: sg13g2_Filler2000     instances:  28
  Class: sg13g2_fill_2         instances: 132
  Class: sg13g2_Filler4000     instances:  44
  Class: sg13g2_IOPadInOut30mA instances:   1
  Class: sg13g2_tielo          instances:   7
  Class: sg13g2_IOPadIOVss     instances:   1
  Class: sg13g2_IOPadAnalog    instances:   3
  Class: sg13g2_Corner         instances:   4
  Class: sg13g2_ip__jku        instances:   1
  Class: sg13g2_decap_4        instances: 227
  Class: sg13g2_IOPadVdd       instances:   4
  Class: sg13g2_ip__jku_names  instances:   1
  Class: sg13g2_IOPadOut30mA   instances:  15
  Class: oa_sar8_core16        instances:   1
  Class: sg13g2_IOPadIn        instances:   3
  Class: sg13g2_IOPadVss       instances:   4
  Class: sg13g2_IOPadIOVdd     instances:   1
  Class: sg13g2_fill_1         instances: 229
Circuit contains 50 nets, and 2 disconnected pins.

Circuit was modified by parallel/series device merging.
New circuit summary:

Contents of circuit 1:  Circuit: 'chip_top'
Circuit chip_top contains 218 device instances.
  Class: sg13g2_Filler200      instances:   8
  Class: sg13g2_Filler400      instances:  56
  Class: sg13g2_decap_8        instances:   1
  Class: sg13g2_ip__bondpad_70x70 instances:  32
  Class: sg13g2_Filler2000     instances:  28
  Class: sg13g2_fill_2         instances:   1
  Class: sg13g2_Filler4000     instances:  44
  Class: sg13g2_IOPadInOut30mA instances:   1
  Class: sg13g2_tielo          instances:   7
  Class: sg13g2_IOPadIOVss     instances:   1
  Class: sg13g2_IOPadAnalog    instances:   3
  Class: sg13g2_Corner         instances:   4
  Class: sg13g2_ip__jku        instances:   1
  Class: sg13g2_decap_4        instances:   1
  Class: sg13g2_IOPadVdd       instances:   4
  Class: sg13g2_ip__jku_names  instances:   1
  Class: sg13g2_IOPadOut30mA   instances:  15
  Class: oa_sar8_core16        instances:   1
  Class: sg13g2_IOPadIn        instances:   3
  Class: sg13g2_IOPadVss       instances:   4
  Class: sg13g2_IOPadIOVdd     instances:   1
  Class: sg13g2_fill_1         instances:   1
Circuit contains 53 nets, and 2 disconnected pins.
Contents of circuit 2:  Circuit: 'chip_top'
Circuit chip_top contains 218 device instances.
  Class: sg13g2_Filler200      instances:   8
  Class: sg13g2_Filler400      instances:  56
  Class: sg13g2_decap_8        instances:   1
  Class: sg13g2_ip__bondpad_70x70 instances:  32
  Class: sg13g2_Filler2000     instances:  28
  Class: sg13g2_fill_2         instances:   1
  Class: sg13g2_Filler4000     instances:  44
  Class: sg13g2_IOPadInOut30mA instances:   1
  Class: sg13g2_tielo          instances:   7
  Class: sg13g2_IOPadIOVss     instances:   1
  Class: sg13g2_IOPadAnalog    instances:   3
  Class: sg13g2_Corner         instances:   4
  Class: sg13g2_ip__jku        instances:   1
  Class: sg13g2_decap_4        instances:   1
  Class: sg13g2_IOPadVdd       instances:   4
  Class: sg13g2_ip__jku_names  instances:   1
  Class: sg13g2_IOPadOut30mA   instances:  15
  Class: oa_sar8_core16        instances:   1
  Class: sg13g2_IOPadIn        instances:   3
  Class: sg13g2_IOPadVss       instances:   4
  Class: sg13g2_IOPadIOVdd     instances:   1
  Class: sg13g2_fill_1         instances:   1
Circuit contains 50 nets, and 2 disconnected pins.

Circuit 1 contains 218 devices, Circuit 2 contains 218 devices.
Circuit 1 contains 50 nets,    Circuit 2 contains 50 nets.


Final result: 
Circuits match uniquely.
.
Logging to file "/foss/designs/sar-chip/flow/librelane/runs/RUN_2026-08-16_09-07-48/67-netgen-lvs/reports/lvs.netgen.rpt" disabled
LVS Done.
