15-Aug-2026 23:21:57 | INFO    | KLayout version detected: 0.30.9 (required >= 0.30.5)
15-Aug-2026 23:21:57 | INFO    | Using DRC JSON file: /foss/pdks/ihp-sg13g2/libs.tech/klayout/python/sg13g2_pycell_lib/sg13g2_tech_mod.json
15-Aug-2026 23:21:57 | INFO    | Running IHP-SG13G2 main checks on design /foss/designs/sar-adc/layout/sw/sw_bitcell11.gds, topcell: sw_bitcell11
2026-08-15 23:21:59 +0200: Memory Usage (444132K) : Starting running IHP-SG13G2 KLayout DRC runset on /foss/designs/sar-adc/layout/sw/sw_bitcell11.gds
2026-08-15 23:21:59 +0200: Memory Usage (444132K) : Ruby Version for klayout: 3.2.3
2026-08-15 23:21:59 +0200: Memory Usage (445156K) : Loading database to memory is complete.
2026-08-15 23:21:59 +0200: Memory Usage (445156K) : IHP-SG13G2 KLayout DRC runset output at: /foss/designs/sar-adc/layout/sw/drc11/sw_bitcell11.klayout.drc/sw_bitcell11_sw_bitcell11_main.lyrdb
2026-08-15 23:21:59 +0200: Memory Usage (445156K) : Evaluate switches.
2026-08-15 23:21:59 +0200: Memory Usage (445156K) : tables selected: main
2026-08-15 23:21:59 +0200: Memory Usage (445156K) : KLayout will use 1 thread(s) in tiling mode.
2026-08-15 23:21:59 +0200: Memory Usage (445156K) : deep mode is enabled.
2026-08-15 23:21:59 +0200: Memory Usage (445156K) : FEOL enabled: true
2026-08-15 23:21:59 +0200: Memory Usage (445156K) : BEOL enabled: true
2026-08-15 23:21:59 +0200: Memory Usage (445156K) : OFFGRID enabled: true
2026-08-15 23:21:59 +0200: Memory Usage (445156K) : ANGLE enabled: true
2026-08-15 23:21:59 +0200: Memory Usage (445156K) : PIN enabled: true
2026-08-15 23:21:59 +0200: Memory Usage (445156K) : FORBIDDEN enabled: true
2026-08-15 23:21:59 +0200: Memory Usage (445156K) : RECOMMENDED enabled: true
2026-08-15 23:21:59 +0200: Memory Usage (445156K) : PreCheck DRC enabled: false
2026-08-15 23:21:59 +0200: Memory Usage (445156K) : CONNECTIVITY_RULES enabled: true.
2026-08-15 23:21:59 +0200: Memory Usage (445156K) : Read in polygons from layers.
2026-08-15 23:21:59 +0200: Memory Usage (446308K) : activ_drw has 14 polygons
2026-08-15 23:21:59 +0200: Memory Usage (446308K) : activ_pin has 0 polygons
2026-08-15 23:21:59 +0200: Memory Usage (446308K) : activ_mask has 0 polygons
2026-08-15 23:21:59 +0200: Memory Usage (446308K) : activ_filler has 0 polygons
2026-08-15 23:21:59 +0200: Memory Usage (446308K) : activ_nofill has 0 polygons
2026-08-15 23:21:59 +0200: Memory Usage (446308K) : activ_opc has 0 polygons
2026-08-15 23:21:59 +0200: Memory Usage (446308K) : activ_iopc has 0 polygons
2026-08-15 23:21:59 +0200: Memory Usage (446308K) : activ_noqrc has 0 polygons
2026-08-15 23:21:59 +0200: Memory Usage (446308K) : biwind_drw has 0 polygons
2026-08-15 23:21:59 +0200: Memory Usage (446308K) : biwind_opc has 0 polygons
2026-08-15 23:21:59 +0200: Memory Usage (446308K) : pemwind_drw has 0 polygons
2026-08-15 23:21:59 +0200: Memory Usage (446308K) : gatpoly_drw has 16 polygons
2026-08-15 23:21:59 +0200: Memory Usage (446308K) : gatpoly_pin has 0 polygons
2026-08-15 23:21:59 +0200: Memory Usage (446308K) : gatpoly_filler has 0 polygons
2026-08-15 23:21:59 +0200: Memory Usage (446308K) : gatpoly_nofill has 0 polygons
2026-08-15 23:21:59 +0200: Memory Usage (446436K) : gatpoly_opc has 0 polygons
2026-08-15 23:21:59 +0200: Memory Usage (446436K) : gatpoly_iopc has 0 polygons
2026-08-15 23:21:59 +0200: Memory Usage (446436K) : gatpoly_noqrc has 0 polygons
2026-08-15 23:21:59 +0200: Memory Usage (446436K) : cont_drw has 222 polygons
2026-08-15 23:21:59 +0200: Memory Usage (446564K) : cont_opc has 0 polygons
2026-08-15 23:21:59 +0200: Memory Usage (446564K) : nsd_drw has 0 polygons
2026-08-15 23:21:59 +0200: Memory Usage (446564K) : nsd_block has 0 polygons
2026-08-15 23:21:59 +0200: Memory Usage (446564K) : metal1_drw has 57 polygons
2026-08-15 23:21:59 +0200: Memory Usage (446564K) : metal1_pin has 35 polygons
2026-08-15 23:21:59 +0200: Memory Usage (446564K) : metal1_mask has 0 polygons
2026-08-15 23:21:59 +0200: Memory Usage (446692K) : metal1_filler has 0 polygons
2026-08-15 23:21:59 +0200: Memory Usage (446692K) : metal1_nofill has 0 polygons
2026-08-15 23:21:59 +0200: Memory Usage (446820K) : metal1_slit has 0 polygons
2026-08-15 23:21:59 +0200: Memory Usage (447076K) : metal1_text has 3 polygons
2026-08-15 23:21:59 +0200: Memory Usage (447204K) : metal1_opc has 0 polygons
2026-08-15 23:21:59 +0200: Memory Usage (447204K) : metal1_noqrc has 0 polygons
2026-08-15 23:21:59 +0200: Memory Usage (447332K) : metal1_res has 0 polygons
2026-08-15 23:21:59 +0200: Memory Usage (447332K) : metal1_iprobe has 0 polygons
2026-08-15 23:21:59 +0200: Memory Usage (447460K) : metal1_diffprb has 0 polygons
2026-08-15 23:21:59 +0200: Memory Usage (447460K) : passiv_drw has 0 polygons
2026-08-15 23:21:59 +0200: Memory Usage (447460K) : passiv_pin has 0 polygons
2026-08-15 23:21:59 +0200: Memory Usage (447588K) : passiv_sbump has 0 polygons
2026-08-15 23:21:59 +0200: Memory Usage (447588K) : passiv_pillar has 0 polygons
2026-08-15 23:21:59 +0200: Memory Usage (447588K) : passiv_pdl has 0 polygons
2026-08-15 23:21:59 +0200: Memory Usage (447588K) : metal2_drw has 67 polygons
2026-08-15 23:21:59 +0200: Memory Usage (447716K) : metal2_pin has 0 polygons
2026-08-15 23:21:59 +0200: Memory Usage (447716K) : metal2_mask has 0 polygons
2026-08-15 23:21:59 +0200: Memory Usage (447716K) : metal2_filler has 0 polygons
2026-08-15 23:21:59 +0200: Memory Usage (447716K) : metal2_nofill has 0 polygons
2026-08-15 23:21:59 +0200: Memory Usage (447716K) : metal2_slit has 0 polygons
2026-08-15 23:21:59 +0200: Memory Usage (447716K) : metal2_text has 0 polygons
2026-08-15 23:21:59 +0200: Memory Usage (447844K) : metal2_opc has 0 polygons
2026-08-15 23:21:59 +0200: Memory Usage (447844K) : metal2_noqrc has 0 polygons
2026-08-15 23:21:59 +0200: Memory Usage (447844K) : metal2_res has 0 polygons
2026-08-15 23:21:59 +0200: Memory Usage (447844K) : metal2_iprobe has 0 polygons
2026-08-15 23:21:59 +0200: Memory Usage (447972K) : metal2_diffprb has 0 polygons
2026-08-15 23:21:59 +0200: Memory Usage (447972K) : baspoly_drw has 0 polygons
2026-08-15 23:21:59 +0200: Memory Usage (447972K) : baspoly_pin has 0 polygons
2026-08-15 23:21:59 +0200: Memory Usage (448100K) : psd_drw has 4 polygons
2026-08-15 23:21:59 +0200: Memory Usage (448100K) : nldb_drw has 0 polygons
2026-08-15 23:21:59 +0200: Memory Usage (448100K) : digibnd_drw has 0 polygons
2026-08-15 23:21:59 +0200: Memory Usage (448228K) : via1_drw has 46 polygons
2026-08-15 23:21:59 +0200: Memory Usage (448228K) : backmetal1_drw has 0 polygons
2026-08-15 23:21:59 +0200: Memory Usage (448356K) : backmetal1_pin has 0 polygons
2026-08-15 23:21:59 +0200: Memory Usage (448356K) : backmetal1_mask has 0 polygons
2026-08-15 23:21:59 +0200: Memory Usage (448484K) : backmetal1_filler has 0 polygons
2026-08-15 23:21:59 +0200: Memory Usage (448484K) : backmetal1_nofill has 0 polygons
2026-08-15 23:21:59 +0200: Memory Usage (448484K) : backmetal1_slit has 0 polygons
2026-08-15 23:21:59 +0200: Memory Usage (448612K) : backmetal1_text has 0 polygons
2026-08-15 23:21:59 +0200: Memory Usage (448612K) : backmetal1_opc has 0 polygons
2026-08-15 23:21:59 +0200: Memory Usage (448740K) : backmetal1_noqrc has 0 polygons
2026-08-15 23:21:59 +0200: Memory Usage (448868K) : backmetal1_res has 0 polygons
2026-08-15 23:21:59 +0200: Memory Usage (448868K) : backmetal1_iprobe has 0 polygons
2026-08-15 23:21:59 +0200: Memory Usage (448996K) : backmetal1_diffprb has 0 polygons
2026-08-15 23:21:59 +0200: Memory Usage (448996K) : backpassiv_drw has 0 polygons
2026-08-15 23:21:59 +0200: Memory Usage (449124K) : res_drw has 0 polygons
2026-08-15 23:21:59 +0200: Memory Usage (449124K) : sram_drw has 0 polygons
2026-08-15 23:21:59 +0200: Memory Usage (449252K) : trans_drw has 0 polygons
2026-08-15 23:21:59 +0200: Memory Usage (449252K) : ind_drw has 0 polygons
2026-08-15 23:21:59 +0200: Memory Usage (449380K) : ind_pin has 0 polygons
2026-08-15 23:21:59 +0200: Memory Usage (449380K) : ind_text has 0 polygons
2026-08-15 23:21:59 +0200: Memory Usage (449380K) : salblock_drw has 0 polygons
2026-08-15 23:21:59 +0200: Memory Usage (449380K) : via2_drw has 18 polygons
2026-08-15 23:21:59 +0200: Memory Usage (449380K) : metal3_drw has 28 polygons
2026-08-15 23:21:59 +0200: Memory Usage (449508K) : metal3_pin has 5 polygons
2026-08-15 23:21:59 +0200: Memory Usage (449508K) : metal3_mask has 0 polygons
2026-08-15 23:21:59 +0200: Memory Usage (449636K) : metal3_filler has 0 polygons
2026-08-15 23:21:59 +0200: Memory Usage (449636K) : metal3_nofill has 0 polygons
2026-08-15 23:21:59 +0200: Memory Usage (449764K) : metal3_slit has 0 polygons
2026-08-15 23:21:59 +0200: Memory Usage (449764K) : metal3_text has 5 polygons
2026-08-15 23:21:59 +0200: Memory Usage (449764K) : metal3_opc has 0 polygons
2026-08-15 23:21:59 +0200: Memory Usage (449892K) : metal3_noqrc has 0 polygons
2026-08-15 23:21:59 +0200: Memory Usage (450020K) : metal3_res has 0 polygons
2026-08-15 23:21:59 +0200: Memory Usage (450020K) : metal3_iprobe has 0 polygons
2026-08-15 23:21:59 +0200: Memory Usage (450148K) : metal3_diffprb has 0 polygons
2026-08-15 23:21:59 +0200: Memory Usage (450148K) : nwell_drw has 2 polygons
2026-08-15 23:21:59 +0200: Memory Usage (450148K) : nwell_pin has 0 polygons
2026-08-15 23:21:59 +0200: Memory Usage (450148K) : nbulay_drw has 0 polygons
2026-08-15 23:21:59 +0200: Memory Usage (450276K) : nbulay_pin has 0 polygons
2026-08-15 23:21:59 +0200: Memory Usage (450276K) : nbulay_block has 0 polygons
2026-08-15 23:21:59 +0200: Memory Usage (450276K) : emwind_drw has 0 polygons
2026-08-15 23:21:59 +0200: Memory Usage (450404K) : emwind_opc has 0 polygons
2026-08-15 23:21:59 +0200: Memory Usage (450404K) : deepco_drw has 0 polygons
2026-08-15 23:21:59 +0200: Memory Usage (450404K) : deepco_drw has 0 polygons
2026-08-15 23:21:59 +0200: Memory Usage (450404K) : mim_drw has 0 polygons
2026-08-15 23:21:59 +0200: Memory Usage (450532K) : edgeseal_drw has 0 polygons
2026-08-15 23:21:59 +0200: Memory Usage (450532K) : edgeseal_bound has 0 polygons
2026-08-15 23:21:59 +0200: Memory Usage (450532K) : substrate_drw has 0 polygons
2026-08-15 23:21:59 +0200: Memory Usage (450660K) : substrate_text has 0 polygons
2026-08-15 23:21:59 +0200: Memory Usage (450660K) : dfpad_drw has 0 polygons
2026-08-15 23:21:59 +0200: Memory Usage (450660K) : dfpad_pillar has 0 polygons
2026-08-15 23:21:59 +0200: Memory Usage (450788K) : dfpad_sbump has 0 polygons
2026-08-15 23:21:59 +0200: Memory Usage (450788K) : thickgateox_drw has 0 polygons
2026-08-15 23:21:59 +0200: Memory Usage (450788K) : pldb_drw has 0 polygons
2026-08-15 23:21:59 +0200: Memory Usage (450916K) : pwell_drw has 0 polygons
2026-08-15 23:21:59 +0200: Memory Usage (450916K) : pwell_pin has 0 polygons
2026-08-15 23:21:59 +0200: Memory Usage (451044K) : pwell_block has 0 polygons
2026-08-15 23:21:59 +0200: Memory Usage (451044K) : ic_drw has 0 polygons
2026-08-15 23:21:59 +0200: Memory Usage (451044K) : via3_drw has 0 polygons
2026-08-15 23:21:59 +0200: Memory Usage (451172K) : metal4_drw has 0 polygons
2026-08-15 23:21:59 +0200: Memory Usage (451172K) : metal4_pin has 0 polygons
2026-08-15 23:21:59 +0200: Memory Usage (451300K) : metal4_mask has 0 polygons
2026-08-15 23:21:59 +0200: Memory Usage (451300K) : metal4_filler has 0 polygons
2026-08-15 23:21:59 +0200: Memory Usage (451428K) : metal4_nofill has 0 polygons
2026-08-15 23:21:59 +0200: Memory Usage (451428K) : metal4_slit has 0 polygons
2026-08-15 23:21:59 +0200: Memory Usage (451428K) : metal4_text has 0 polygons
2026-08-15 23:21:59 +0200: Memory Usage (451556K) : metal4_opc has 0 polygons
2026-08-15 23:21:59 +0200: Memory Usage (451556K) : metal4_noqrc has 0 polygons
2026-08-15 23:21:59 +0200: Memory Usage (451684K) : metal4_res has 0 polygons
2026-08-15 23:21:59 +0200: Memory Usage (451684K) : metal4_iprobe has 0 polygons
2026-08-15 23:21:59 +0200: Memory Usage (451812K) : metal4_diffprb has 0 polygons
2026-08-15 23:21:59 +0200: Memory Usage (451812K) : heattrans_drw has 0 polygons
2026-08-15 23:21:59 +0200: Memory Usage (451812K) : heatres_drw has 0 polygons
2026-08-15 23:21:59 +0200: Memory Usage (451940K) : pempoly_drw has 0 polygons
2026-08-15 23:21:59 +0200: Memory Usage (451940K) : fbe_drw has 0 polygons
2026-08-15 23:21:59 +0200: Memory Usage (452068K) : empoly_drw has 0 polygons
2026-08-15 23:21:59 +0200: Memory Usage (452068K) : ldmos_drw has 0 polygons
2026-08-15 23:21:59 +0200: Memory Usage (452196K) : pbiwind_drw has 0 polygons
2026-08-15 23:21:59 +0200: Memory Usage (452196K) : digisub_drw has 0 polygons
2026-08-15 23:21:59 +0200: Memory Usage (452196K) : nodrc_drw has 0 polygons
2026-08-15 23:21:59 +0200: Memory Usage (452324K) : text_drw has 20 polygons
2026-08-15 23:21:59 +0200: Memory Usage (452324K) : via4_drw has 0 polygons
2026-08-15 23:21:59 +0200: Memory Usage (452324K) : metal5_drw has 0 polygons
2026-08-15 23:21:59 +0200: Memory Usage (452324K) : metal5_pin has 0 polygons
2026-08-15 23:21:59 +0200: Memory Usage (452452K) : metal5_mask has 0 polygons
2026-08-15 23:21:59 +0200: Memory Usage (452452K) : metal5_filler has 0 polygons
2026-08-15 23:21:59 +0200: Memory Usage (452452K) : metal5_nofill has 0 polygons
2026-08-15 23:21:59 +0200: Memory Usage (452580K) : metal5_slit has 0 polygons
2026-08-15 23:21:59 +0200: Memory Usage (452580K) : metal5_text has 0 polygons
2026-08-15 23:21:59 +0200: Memory Usage (452708K) : metal5_opc has 0 polygons
2026-08-15 23:21:59 +0200: Memory Usage (452708K) : metal5_noqrc has 0 polygons
2026-08-15 23:21:59 +0200: Memory Usage (452708K) : metal5_res has 0 polygons
2026-08-15 23:21:59 +0200: Memory Usage (452836K) : metal5_iprobe has 0 polygons
2026-08-15 23:21:59 +0200: Memory Usage (452836K) : metal5_diffprb has 0 polygons
2026-08-15 23:21:59 +0200: Memory Usage (452964K) : radhard_drw has 0 polygons
2026-08-15 23:21:59 +0200: Memory Usage (452964K) : memcap_drw has 0 polygons
2026-08-15 23:21:59 +0200: Memory Usage (453092K) : varicap_drw has 0 polygons
2026-08-15 23:21:59 +0200: Memory Usage (453092K) : flash_drw has 0 polygons
2026-08-15 23:21:59 +0200: Memory Usage (453092K) : intbondvia_drw has 0 polygons
2026-08-15 23:21:59 +0200: Memory Usage (453220K) : intbondmet_drw has 0 polygons
2026-08-15 23:21:59 +0200: Memory Usage (453220K) : devbondvia_drw has 0 polygons
2026-08-15 23:21:59 +0200: Memory Usage (453348K) : devbondmet_drw has 0 polygons
2026-08-15 23:21:59 +0200: Memory Usage (453348K) : devtrench_drw has 0 polygons
2026-08-15 23:21:59 +0200: Memory Usage (453348K) : redist_drw has 0 polygons
2026-08-15 23:21:59 +0200: Memory Usage (453476K) : graphbot_drw has 0 polygons
2026-08-15 23:21:59 +0200: Memory Usage (453476K) : graphtop_drw has 0 polygons
2026-08-15 23:21:59 +0200: Memory Usage (453604K) : antvia1_drw has 0 polygons
2026-08-15 23:21:59 +0200: Memory Usage (453604K) : antmetal2_drw has 0 polygons
2026-08-15 23:21:59 +0200: Memory Usage (453732K) : graphcont_drw has 0 polygons
2026-08-15 23:21:59 +0200: Memory Usage (453732K) : siwg_drw has 0 polygons
2026-08-15 23:21:59 +0200: Memory Usage (453732K) : siwg_filler has 0 polygons
2026-08-15 23:21:59 +0200: Memory Usage (453860K) : siwg_nofill has 0 polygons
2026-08-15 23:21:59 +0200: Memory Usage (453860K) : sigrating_drw has 0 polygons
2026-08-15 23:21:59 +0200: Memory Usage (453988K) : singrating_drw has 0 polygons
2026-08-15 23:21:59 +0200: Memory Usage (453988K) : graphpas_drw has 0 polygons
2026-08-15 23:21:59 +0200: Memory Usage (454116K) : emwind3_drw has 0 polygons
2026-08-15 23:21:59 +0200: Memory Usage (454116K) : emwihv3_drw has 0 polygons
2026-08-15 23:21:59 +0200: Memory Usage (454116K) : redbulay_drw has 0 polygons
2026-08-15 23:21:59 +0200: Memory Usage (454116K) : smos_drw has 0 polygons
2026-08-15 23:21:59 +0200: Memory Usage (454244K) : graphpad_drw has 0 polygons
2026-08-15 23:21:59 +0200: Memory Usage (454244K) : polimide_drw has 0 polygons
2026-08-15 23:21:59 +0200: Memory Usage (454244K) : polimide_pin has 0 polygons
2026-08-15 23:21:59 +0200: Memory Usage (454244K) : recog_drw has 0 polygons
2026-08-15 23:21:59 +0200: Memory Usage (454372K) : recog_pin has 0 polygons
2026-08-15 23:21:59 +0200: Memory Usage (454372K) : recog_esd has 0 polygons
2026-08-15 23:21:59 +0200: Memory Usage (454500K) : recog_diode has 0 polygons
2026-08-15 23:21:59 +0200: Memory Usage (454500K) : recog_tsv has 0 polygons
2026-08-15 23:21:59 +0200: Memory Usage (454500K) : recog_iprobe has 0 polygons
2026-08-15 23:21:59 +0200: Memory Usage (454628K) : recog_diffprb has 0 polygons
2026-08-15 23:21:59 +0200: Memory Usage (454628K) : recog_pillar has 0 polygons
2026-08-15 23:21:59 +0200: Memory Usage (454756K) : recog_sbump has 0 polygons
2026-08-15 23:21:59 +0200: Memory Usage (454756K) : recog_otp has 0 polygons
2026-08-15 23:21:59 +0200: Memory Usage (454756K) : recog_pdiode has 0 polygons
2026-08-15 23:21:59 +0200: Memory Usage (454884K) : recog_mom has 0 polygons
2026-08-15 23:21:59 +0200: Memory Usage (454884K) : recog_pcm has 0 polygons
2026-08-15 23:21:59 +0200: Memory Usage (455012K) : colopen_drw has 0 polygons
2026-08-15 23:21:59 +0200: Memory Usage (455012K) : graphmetal1_drw has 0 polygons
2026-08-15 23:21:59 +0200: Memory Usage (455140K) : graphmetal1_filler has 0 polygons
2026-08-15 23:21:59 +0200: Memory Usage (455140K) : graphmetal1_nofill has 0 polygons
2026-08-15 23:21:59 +0200: Memory Usage (455140K) : graphmetal1_slit has 0 polygons
2026-08-15 23:21:59 +0200: Memory Usage (455268K) : graphmetal1_opc has 0 polygons
2026-08-15 23:21:59 +0200: Memory Usage (455268K) : graphmet1l_drw has 0 polygons
2026-08-15 23:21:59 +0200: Memory Usage (455396K) : graphmet1l_filler has 0 polygons
2026-08-15 23:21:59 +0200: Memory Usage (455396K) : graphmet1l_nofill has 0 polygons
2026-08-15 23:21:59 +0200: Memory Usage (455524K) : graphmet1l_slit has 0 polygons
2026-08-15 23:21:59 +0200: Memory Usage (455524K) : graphmet1l_opc has 0 polygons
2026-08-15 23:21:59 +0200: Memory Usage (455524K) : extblock_drw has 0 polygons
2026-08-15 23:21:59 +0200: Memory Usage (455652K) : nldd_drw has 0 polygons
2026-08-15 23:21:59 +0200: Memory Usage (455652K) : pldd_drw has 0 polygons
2026-08-15 23:21:59 +0200: Memory Usage (455780K) : next_drw has 0 polygons
2026-08-15 23:21:59 +0200: Memory Usage (455780K) : pext_drw has 0 polygons
2026-08-15 23:21:59 +0200: Memory Usage (455780K) : nexthv_drw has 0 polygons
2026-08-15 23:21:59 +0200: Memory Usage (455908K) : pexthv_drw has 0 polygons
2026-08-15 23:21:59 +0200: Memory Usage (455908K) : graphgate_drw has 0 polygons
2026-08-15 23:21:59 +0200: Memory Usage (456036K) : sinwg_drw has 0 polygons
2026-08-15 23:21:59 +0200: Memory Usage (456036K) : sinwg_filler has 0 polygons
2026-08-15 23:21:59 +0200: Memory Usage (456164K) : sinwg_nofill has 0 polygons
2026-08-15 23:21:59 +0200: Memory Usage (456164K) : mempad_drw has 0 polygons
2026-08-15 23:21:59 +0200: Memory Usage (456164K) : topvia1_drw has 0 polygons
2026-08-15 23:21:59 +0200: Memory Usage (456292K) : topmetal1_drw has 0 polygons
2026-08-15 23:21:59 +0200: Memory Usage (456292K) : topmetal1_pin has 0 polygons
2026-08-15 23:21:59 +0200: Memory Usage (456292K) : topmetal1_mask has 0 polygons
2026-08-15 23:21:59 +0200: Memory Usage (456292K) : topmetal1_filler has 0 polygons
2026-08-15 23:21:59 +0200: Memory Usage (456292K) : topmetal1_nofill has 0 polygons
2026-08-15 23:21:59 +0200: Memory Usage (456292K) : topmetal1_slit has 0 polygons
2026-08-15 23:21:59 +0200: Memory Usage (456292K) : topmetal1_text has 0 polygons
2026-08-15 23:21:59 +0200: Memory Usage (456292K) : topmetal1_noqrc has 0 polygons
2026-08-15 23:21:59 +0200: Memory Usage (456292K) : topmetal1_res has 0 polygons
2026-08-15 23:21:59 +0200: Memory Usage (456420K) : topmetal1_iprobe has 0 polygons
2026-08-15 23:21:59 +0200: Memory Usage (456420K) : topmetal1_diffprb has 0 polygons
2026-08-15 23:21:59 +0200: Memory Usage (456548K) : inldpwl_drw has 0 polygons
2026-08-15 23:21:59 +0200: Memory Usage (456548K) : polyres_drw has 0 polygons
2026-08-15 23:21:59 +0200: Memory Usage (456548K) : polyres_pin has 0 polygons
2026-08-15 23:21:59 +0200: Memory Usage (456676K) : vmim_drw has 0 polygons
2026-08-15 23:21:59 +0200: Memory Usage (456676K) : nbulaycut_drw has 0 polygons
2026-08-15 23:21:59 +0200: Memory Usage (456804K) : antmetal1_drw has 0 polygons
2026-08-15 23:21:59 +0200: Memory Usage (456804K) : topvia2_drw has 0 polygons
2026-08-15 23:21:59 +0200: Memory Usage (456932K) : topmetal2_drw has 0 polygons
2026-08-15 23:21:59 +0200: Memory Usage (456932K) : topmetal2_pin has 0 polygons
2026-08-15 23:21:59 +0200: Memory Usage (456932K) : topmetal2_mask has 0 polygons
2026-08-15 23:21:59 +0200: Memory Usage (457060K) : topmetal2_filler has 0 polygons
2026-08-15 23:21:59 +0200: Memory Usage (457060K) : topmetal2_nofill has 0 polygons
2026-08-15 23:21:59 +0200: Memory Usage (457188K) : topmetal2_slit has 0 polygons
2026-08-15 23:21:59 +0200: Memory Usage (457188K) : topmetal2_text has 0 polygons
2026-08-15 23:21:59 +0200: Memory Usage (457188K) : topmetal2_noqrc has 0 polygons
2026-08-15 23:21:59 +0200: Memory Usage (457316K) : topmetal2_res has 0 polygons
2026-08-15 23:21:59 +0200: Memory Usage (457316K) : topmetal2_iprobe has 0 polygons
2026-08-15 23:21:59 +0200: Memory Usage (457444K) : topmetal2_diffprb has 0 polygons
2026-08-15 23:21:59 +0200: Memory Usage (457444K) : snsring_drw has 0 polygons
2026-08-15 23:21:59 +0200: Memory Usage (457572K) : sensor_drw has 0 polygons
2026-08-15 23:21:59 +0200: Memory Usage (457572K) : snsarms_drw has 0 polygons
2026-08-15 23:21:59 +0200: Memory Usage (457572K) : snscmosvia_drw has 0 polygons
2026-08-15 23:21:59 +0200: Memory Usage (457700K) : colwind_drw has 0 polygons
2026-08-15 23:21:59 +0200: Memory Usage (457700K) : flm_drw has 0 polygons
2026-08-15 23:21:59 +0200: Memory Usage (457828K) : hafniumox_drw has 0 polygons
2026-08-15 23:21:59 +0200: Memory Usage (457828K) : memvia_drw has 0 polygons
2026-08-15 23:21:59 +0200: Memory Usage (457828K) : thinfilmres_drw has 0 polygons
2026-08-15 23:21:59 +0200: Memory Usage (457956K) : rfmem_drw has 0 polygons
2026-08-15 23:21:59 +0200: Memory Usage (457956K) : norcx_drw has 0 polygons
2026-08-15 23:21:59 +0200: Memory Usage (458084K) : norcx_m2m3 has 0 polygons
2026-08-15 23:21:59 +0200: Memory Usage (458084K) : norcx_m2m4 has 0 polygons
2026-08-15 23:21:59 +0200: Memory Usage (458212K) : norcx_m2m5 has 0 polygons
2026-08-15 23:21:59 +0200: Memory Usage (458212K) : norcx_m2tm1 has 0 polygons
2026-08-15 23:21:59 +0200: Memory Usage (458212K) : norcx_m2tm2 has 0 polygons
2026-08-15 23:21:59 +0200: Memory Usage (458340K) : norcx_m3m4 has 0 polygons
2026-08-15 23:21:59 +0200: Memory Usage (458340K) : norcx_m3m5 has 0 polygons
2026-08-15 23:21:59 +0200: Memory Usage (458468K) : norcx_m3tm1 has 0 polygons
2026-08-15 23:21:59 +0200: Memory Usage (458468K) : norcx_m3tm2 has 0 polygons
2026-08-15 23:21:59 +0200: Memory Usage (458468K) : norcx_m4m5 has 0 polygons
2026-08-15 23:21:59 +0200: Memory Usage (458596K) : norcx_m4tm1 has 0 polygons
2026-08-15 23:22:00 +0200: Memory Usage (458596K) : norcx_m4tm2 has 0 polygons
2026-08-15 23:22:00 +0200: Memory Usage (458724K) : norcx_m5tm1 has 0 polygons
2026-08-15 23:22:00 +0200: Memory Usage (458724K) : norcx_m5tm2 has 0 polygons
2026-08-15 23:22:00 +0200: Memory Usage (458852K) : norcx_tm1tm2 has 0 polygons
2026-08-15 23:22:00 +0200: Memory Usage (458852K) : norcx_m1sub has 0 polygons
2026-08-15 23:22:00 +0200: Memory Usage (458852K) : norcx_m2sub has 0 polygons
2026-08-15 23:22:00 +0200: Memory Usage (458980K) : norcx_m3sub has 0 polygons
2026-08-15 23:22:00 +0200: Memory Usage (458980K) : norcx_m4sub has 0 polygons
2026-08-15 23:22:00 +0200: Memory Usage (459108K) : norcx_m5sub has 0 polygons
2026-08-15 23:22:00 +0200: Memory Usage (459108K) : norcx_tm1sub has 0 polygons
2026-08-15 23:22:00 +0200: Memory Usage (459236K) : norcx_tm2sub has 0 polygons
2026-08-15 23:22:00 +0200: Memory Usage (459236K) : snsbotvia_drw has 0 polygons
2026-08-15 23:22:00 +0200: Memory Usage (459236K) : snstopvia_drw has 0 polygons
2026-08-15 23:22:00 +0200: Memory Usage (459364K) : deepvia_drw has 0 polygons
2026-08-15 23:22:00 +0200: Memory Usage (459364K) : fgetch_drw has 0 polygons
2026-08-15 23:22:00 +0200: Memory Usage (459492K) : ctrgat_drw has 0 polygons
2026-08-15 23:22:00 +0200: Memory Usage (459492K) : fgimp_drw has 0 polygons
2026-08-15 23:22:00 +0200: Memory Usage (459620K) : emwihv_drw has 0 polygons
2026-08-15 23:22:00 +0200: Memory Usage (459620K) : lbe_drw has 0 polygons
2026-08-15 23:22:00 +0200: Memory Usage (459620K) : alcustop_drw has 0 polygons
2026-08-15 23:22:00 +0200: Memory Usage (459748K) : nometfiller_drw has 0 polygons
2026-08-15 23:22:00 +0200: Memory Usage (459748K) : prboundary_drw has 0 polygons
2026-08-15 23:22:00 +0200: Memory Usage (459748K) : exchange0_drw has 0 polygons
2026-08-15 23:22:00 +0200: Memory Usage (459876K) : exchange0_pin has 0 polygons
2026-08-15 23:22:00 +0200: Memory Usage (459876K) : exchange0_text has 0 polygons
2026-08-15 23:22:00 +0200: Memory Usage (460004K) : exchange1_drw has 0 polygons
2026-08-15 23:22:00 +0200: Memory Usage (460004K) : exchange1_pin has 0 polygons
2026-08-15 23:22:00 +0200: Memory Usage (460132K) : exchange1_text has 0 polygons
2026-08-15 23:22:00 +0200: Memory Usage (460132K) : exchange2_drw has 0 polygons
2026-08-15 23:22:00 +0200: Memory Usage (460132K) : exchange2_pin has 0 polygons
2026-08-15 23:22:00 +0200: Memory Usage (460260K) : exchange2_text has 0 polygons
2026-08-15 23:22:00 +0200: Memory Usage (460260K) : exchange3_drw has 0 polygons
2026-08-15 23:22:00 +0200: Memory Usage (460388K) : exchange3_pin has 0 polygons
2026-08-15 23:22:00 +0200: Memory Usage (460388K) : exchange3_text has 0 polygons
2026-08-15 23:22:00 +0200: Memory Usage (460388K) : exchange4_drw has 0 polygons
2026-08-15 23:22:00 +0200: Memory Usage (460516K) : exchange4_pin has 0 polygons
2026-08-15 23:22:00 +0200: Memory Usage (460516K) : exchange4_text has 0 polygons
2026-08-15 23:22:00 +0200: Memory Usage (460644K) : isonwell_drw has 0 polygons
2026-08-15 23:22:00 +0200: Memory Usage (460644K) : Total no. of polygons in the design is 542
2026-08-15 23:22:00 +0200: Memory Usage (460644K) : Loaded TECH DRC rules values from /foss/pdks/ihp-sg13g2/libs.tech/klayout/python/sg13g2_pycell_lib/sg13g2_tech_mod.json
2026-08-15 23:22:00 +0200: Memory Usage (460644K) : Loaded default DRC rules values from /foss/pdks/ihp-sg13g2/libs.tech/klayout/tech/drc/rule_decks/sg13g2_tech_default.json
2026-08-15 23:22:00 +0200: Memory Usage (460644K) : The following rules values were missing in tech json and default values were used:
2026-08-15 23:22:00 +0200: Memory Usage (460644K) :   - NW_f1_digibnd
2026-08-15 23:22:00 +0200: Memory Usage (460644K) :   - Cnt_c_digibnd
2026-08-15 23:22:00 +0200: Memory Usage (460644K) :   - Cnt_c_sram
2026-08-15 23:22:00 +0200: Memory Usage (460644K) :   - Sdiod_b
2026-08-15 23:22:00 +0200: Memory Usage (460644K) :   - Sdiod_c
2026-08-15 23:22:00 +0200: Memory Usage (461668K) : Total area of the design is 220.32 um^2.
2026-08-15 23:22:00 +0200: Memory Usage (461668K) : The design dimensions are 13.6 µm * 16.2 µm.
2026-08-15 23:22:00 +0200: Memory Usage (461668K) : Starting general IHP-SG13G2 derivations.
2026-08-15 23:22:00 +0200: Memory Usage (461668K) : Starting Pwell derivations
2026-08-15 23:22:00 +0200: Memory Usage (463588K) : Starting n-Activ derivations
2026-08-15 23:22:00 +0200: Memory Usage (463588K) : Starting p-Activ derivations
2026-08-15 23:22:00 +0200: Memory Usage (463588K) : Starting ptap derivations
2026-08-15 23:22:00 +0200: Memory Usage (463716K) : Starting ntap derivations
2026-08-15 23:22:00 +0200: Memory Usage (463716K) : Starting pact FET derivations
2026-08-15 23:22:00 +0200: Memory Usage (463716K) : Starting nact FET derivations
2026-08-15 23:22:00 +0200: Memory Usage (463716K) : Starting Gate derivations
2026-08-15 23:22:00 +0200: Memory Usage (463716K) : Starting cont/contbar general derivations
2026-08-15 23:22:00 +0200: Memory Usage (463844K) : Starting pad general derivations
2026-08-15 23:22:00 +0200: Memory Usage (463844K) : Starting schottky_nbl general derivations
2026-08-15 23:22:00 +0200: Memory Usage (463844K) : Starting SVaricap general derivations
2026-08-15 23:22:00 +0200: Memory Usage (463844K) : Starting HBT general derivations
2026-08-15 23:22:00 +0200: Memory Usage (463844K) : Starting IHP-SG13G2 DRC connectivity related derivations.
2026-08-15 23:22:00 +0200: Memory Usage (463844K) : Starting IHP-SG13G2 DRC connectivity setup
2026-08-15 23:22:00 +0200: Memory Usage (463972K) : Starting IHP-SG13G2 DRC rules.
2026-08-15 23:22:00 +0200: Memory Usage (463972K) : Running all FEOL rules
2026-08-15 23:22:00 +0200: Memory Usage (463972K) : Running all BEOL rules
2026-08-15 23:22:00 +0200: Memory Usage (463972K) : Running all PIN rules
2026-08-15 23:22:00 +0200: Memory Usage (463972K) : Running all FORBIDDEN rules
2026-08-15 23:22:00 +0200: Memory Usage (463972K) : Starting 5.1 NWell table
2026-08-15 23:22:00 +0200: Memory Usage (463972K) : Executing rule NW.b
2026-08-15 23:22:00 +0200: Memory Usage (464356K) : Executing rule NW.b1
2026-08-15 23:22:00 +0200: Memory Usage (464484K) : Executing rule NW.f1
2026-08-15 23:22:00 +0200: Memory Usage (464484K) : Executing rule NW.f1.digibnd
2026-08-15 23:22:00 +0200: Memory Usage (464484K) : Starting 5.2 PWell:block
2026-08-15 23:22:00 +0200: Memory Usage (464484K) : Executing rule PWB.e
2026-08-15 23:22:00 +0200: Memory Usage (464484K) : Executing rule PWB.e1
2026-08-15 23:22:00 +0200: Memory Usage (464484K) : Executing rule PWB.f
2026-08-15 23:22:00 +0200: Memory Usage (464484K) : Executing rule PWB.f1
2026-08-15 23:22:00 +0200: Memory Usage (464484K) : Starting 5.3 nBuLay table
2026-08-15 23:22:00 +0200: Memory Usage (464484K) : Executing rule NBL.b
2026-08-15 23:22:00 +0200: Memory Usage (464484K) : Executing rule NBL.c
2026-08-15 23:22:00 +0200: Memory Usage (464484K) : Executing rule NBL.d
2026-08-15 23:22:00 +0200: Memory Usage (464484K) : Executing rule NBL.e
2026-08-15 23:22:00 +0200: Memory Usage (464484K) : Executing rule NBL.f
2026-08-15 23:22:00 +0200: Memory Usage (464484K) : Starting 5.5. Activ table
2026-08-15 23:22:00 +0200: Memory Usage (464484K) : Executing rule Act.a
2026-08-15 23:22:00 +0200: Memory Usage (464484K) : Executing rule Act.b
2026-08-15 23:22:00 +0200: Memory Usage (464612K) : Starting 5.6 Activ:filler table
2026-08-15 23:22:00 +0200: Memory Usage (464612K) : Executing rule AFil.c1
2026-08-15 23:22:00 +0200: Memory Usage (464612K) : Executing rule AFil.c
2026-08-15 23:22:00 +0200: Memory Usage (464612K) : Executing rule AFil.d
2026-08-15 23:22:00 +0200: Memory Usage (464612K) : Executing rule AFil.e
2026-08-15 23:22:00 +0200: Memory Usage (464612K) : Executing rule AFil.j
2026-08-15 23:22:00 +0200: Memory Usage (464612K) : Starting 5.7. ThickGateOx table
2026-08-15 23:22:00 +0200: Memory Usage (464612K) : Executing rule TGO.f
2026-08-15 23:22:00 +0200: Memory Usage (464612K) : Starting 5.8. GatPoly table
2026-08-15 23:22:00 +0200: Memory Usage (464612K) : Executing rule Gat.a
2026-08-15 23:22:00 +0200: Memory Usage (464612K) : Executing rule Gat.b
2026-08-15 23:22:00 +0200: Memory Usage (464612K) : Executing rule Gat.d
2026-08-15 23:22:00 +0200: Memory Usage (464612K) : Executing rule Gat.a1
2026-08-15 23:22:00 +0200: Memory Usage (465252K) : Executing rule Gat.a2
2026-08-15 23:22:00 +0200: Memory Usage (465252K) : Executing rule Gat.g
2026-08-15 23:22:00 +0200: Memory Usage (465252K) : Starting 5.9 GatPoly:filler
2026-08-15 23:22:00 +0200: Memory Usage (465252K) : Executing rule GFil.d
2026-08-15 23:22:00 +0200: Memory Usage (465252K) : Executing rule GFil.e
2026-08-15 23:22:00 +0200: Memory Usage (465252K) : Executing rule GFil.i
2026-08-15 23:22:00 +0200: Memory Usage (465252K) : Starting 5.10 pSD table
2026-08-15 23:22:00 +0200: Memory Usage (465252K) : Executing rule pSD.c1
2026-08-15 23:22:00 +0200: Memory Usage (465252K) : Starting 5.14. Cont table
2026-08-15 23:22:00 +0200: Memory Usage (465252K) : Executing rule Cnt.a
2026-08-15 23:22:00 +0200: Memory Usage (465252K) : Executing rule Cnt.b
2026-08-15 23:22:00 +0200: Memory Usage (465252K) : Executing rule Cnt.c
2026-08-15 23:22:00 +0200: Memory Usage (465252K) : Executing rule Cnt.c.digibnd
2026-08-15 23:22:00 +0200: Memory Usage (465252K) : Executing rule Cnt.c.SRAM
2026-08-15 23:22:00 +0200: Memory Usage (465252K) : Executing rule Cnt.d
2026-08-15 23:22:00 +0200: Memory Usage (465252K) : Executing rule Cnt.e
2026-08-15 23:22:00 +0200: Memory Usage (465252K) : Executing rule Cnt.g1
2026-08-15 23:22:00 +0200: Memory Usage (465252K) : Executing rule Cnt.g2
2026-08-15 23:22:00 +0200: Memory Usage (465252K) : Starting 5.15. ContBar table
2026-08-15 23:22:00 +0200: Memory Usage (465252K) : Executing rule CntB.a
2026-08-15 23:22:00 +0200: Memory Usage (465252K) : Executing rule CntB.a1
2026-08-15 23:22:00 +0200: Memory Usage (465252K) : Executing rule CntB.b1
2026-08-15 23:22:00 +0200: Memory Usage (465252K) : Executing rule CntB.h1
2026-08-15 23:22:00 +0200: Memory Usage (465252K) : Starting 6.1.3 NPN Substrate-Tie table
2026-08-15 23:22:00 +0200: Memory Usage (465252K) : Executing rule npn13G2.bR 
2026-08-15 23:22:00 +0200: Memory Usage (465252K) : Executing rule npn13G2L.cR 
2026-08-15 23:22:00 +0200: Memory Usage (465252K) : Executing rule npn13G2V.cR 
2026-08-15 23:22:00 +0200: Memory Usage (465252K) : Starting 6.7 Schottky diode table
2026-08-15 23:22:00 +0200: Memory Usage (465252K) : Executing rule Sdiod.b
2026-08-15 23:22:00 +0200: Memory Usage (465252K) : Executing rule Sdiod.c
2026-08-15 23:22:00 +0200: Memory Usage (465252K) : Executing rule Sdiod.d
2026-08-15 23:22:00 +0200: Memory Usage (465252K) : Executing rule Sdiod.e
2026-08-15 23:22:00 +0200: Memory Usage (465252K) : Starting 7.2 Latch-up table
2026-08-15 23:22:00 +0200: Memory Usage (465252K) : Executing rule LU.b
2026-08-15 23:22:00 +0200: Memory Usage (465252K) : Starting 5.16. Metal1 table
2026-08-15 23:22:00 +0200: Memory Usage (465252K) : Executing rule M1.a
2026-08-15 23:22:00 +0200: Memory Usage (465252K) : Executing rule M1.b
2026-08-15 23:22:00 +0200: Memory Usage (465252K) : Executing rule M1.e
2026-08-15 23:22:00 +0200: Memory Usage (465252K) : Executing rule M1.f
2026-08-15 23:22:00 +0200: Memory Usage (465252K) : Executing rule M1.g
2026-08-15 23:22:00 +0200: Memory Usage (465252K) : Executing rule M1.i
2026-08-15 23:22:00 +0200: Memory Usage (465252K) : Starting 5.17 Metaln table
2026-08-15 23:22:00 +0200: Memory Usage (465252K) : Executing rule M2.a
2026-08-15 23:22:00 +0200: Memory Usage (465252K) : Executing rule M2.b
2026-08-15 23:22:00 +0200: Memory Usage (465252K) : Executing rule M2.e
2026-08-15 23:22:00 +0200: Memory Usage (465252K) : Executing rule M2.f
2026-08-15 23:22:00 +0200: Memory Usage (465252K) : Executing rule M2.g
2026-08-15 23:22:00 +0200: Memory Usage (465252K) : Executing rule M2.i
2026-08-15 23:22:00 +0200: Memory Usage (465252K) : Executing rule M3.a
2026-08-15 23:22:00 +0200: Memory Usage (465252K) : Executing rule M3.b
2026-08-15 23:22:00 +0200: Memory Usage (465252K) : Executing rule M3.e
2026-08-15 23:22:00 +0200: Memory Usage (465252K) : Executing rule M3.f
2026-08-15 23:22:00 +0200: Memory Usage (465252K) : Executing rule M3.g
2026-08-15 23:22:00 +0200: Memory Usage (465252K) : Executing rule M3.i
2026-08-15 23:22:00 +0200: Memory Usage (465252K) : Executing rule M4.a
2026-08-15 23:22:00 +0200: Memory Usage (465252K) : Executing rule M4.b
2026-08-15 23:22:00 +0200: Memory Usage (465252K) : Executing rule M4.e
2026-08-15 23:22:00 +0200: Memory Usage (465252K) : Executing rule M4.f
2026-08-15 23:22:00 +0200: Memory Usage (465252K) : Executing rule M4.g
2026-08-15 23:22:00 +0200: Memory Usage (465252K) : Executing rule M4.i
2026-08-15 23:22:00 +0200: Memory Usage (465252K) : Executing rule M5.a
2026-08-15 23:22:00 +0200: Memory Usage (465252K) : Executing rule M5.b
2026-08-15 23:22:00 +0200: Memory Usage (465252K) : Executing rule M5.e
2026-08-15 23:22:00 +0200: Memory Usage (465252K) : Executing rule M5.f
2026-08-15 23:22:00 +0200: Memory Usage (465252K) : Executing rule M5.g
2026-08-15 23:22:00 +0200: Memory Usage (465252K) : Executing rule M5.i
2026-08-15 23:22:00 +0200: Memory Usage (465252K) : Starting 5.18 Metaln:filler table
2026-08-15 23:22:00 +0200: Memory Usage (465252K) : Executing rule M1Fil.c
2026-08-15 23:22:00 +0200: Memory Usage (465252K) : Executing rule M1Fil.a2
2026-08-15 23:22:00 +0200: Memory Usage (465252K) : Executing rule M2Fil.c
2026-08-15 23:22:00 +0200: Memory Usage (465252K) : Executing rule M2Fil.a2
2026-08-15 23:22:00 +0200: Memory Usage (465252K) : Executing rule M3Fil.c
2026-08-15 23:22:00 +0200: Memory Usage (465252K) : Executing rule M3Fil.a2
2026-08-15 23:22:00 +0200: Memory Usage (465252K) : Executing rule M4Fil.c
2026-08-15 23:22:00 +0200: Memory Usage (465252K) : Executing rule M4Fil.a2
2026-08-15 23:22:00 +0200: Memory Usage (465252K) : Executing rule M5Fil.c
2026-08-15 23:22:00 +0200: Memory Usage (465252K) : Executing rule M5Fil.a2
2026-08-15 23:22:00 +0200: Memory Usage (465252K) : Starting 5.19. Via1 table
2026-08-15 23:22:00 +0200: Memory Usage (465252K) : Starting 5.19. Via1 table derivations
2026-08-15 23:22:00 +0200: Memory Usage (465252K) : Executing rule V1.a
2026-08-15 23:22:00 +0200: Memory Usage (465252K) : Executing rule V1.b
2026-08-15 23:22:00 +0200: Memory Usage (465252K) : Executing rule V1.c
2026-08-15 23:22:00 +0200: Memory Usage (465252K) : Starting 5.20. Vian table
2026-08-15 23:22:00 +0200: Memory Usage (465252K) : Executing rule V2.a
2026-08-15 23:22:00 +0200: Memory Usage (465252K) : Executing rule V2.b
2026-08-15 23:22:00 +0200: Memory Usage (465252K) : Executing rule V2.c
2026-08-15 23:22:00 +0200: Memory Usage (465252K) : Executing rule V3.a
2026-08-15 23:22:00 +0200: Memory Usage (465252K) : Executing rule V3.b
2026-08-15 23:22:00 +0200: Memory Usage (465252K) : Executing rule V3.c
2026-08-15 23:22:00 +0200: Memory Usage (465252K) : Executing rule V4.a
2026-08-15 23:22:00 +0200: Memory Usage (465252K) : Executing rule V4.b
2026-08-15 23:22:00 +0200: Memory Usage (465252K) : Executing rule V4.c
2026-08-15 23:22:00 +0200: Memory Usage (465252K) : Starting 5.21. TopVia1 table
2026-08-15 23:22:00 +0200: Memory Usage (465252K) : Executing rule TV1.a
2026-08-15 23:22:00 +0200: Memory Usage (465252K) : Executing rule TV1.b
2026-08-15 23:22:00 +0200: Memory Usage (465252K) : Executing rule TV1.c
2026-08-15 23:22:00 +0200: Memory Usage (465252K) : Executing rule TV1.d
2026-08-15 23:22:00 +0200: Memory Usage (465252K) : Starting 5.22. TopMetal1 table
2026-08-15 23:22:00 +0200: Memory Usage (465252K) : Executing rule TM1.a
2026-08-15 23:22:00 +0200: Memory Usage (465252K) : Executing rule TM1.b
2026-08-15 23:22:00 +0200: Memory Usage (465252K) : Starting 5.23 TopMetal1:filler table
2026-08-15 23:22:00 +0200: Memory Usage (465252K) : Executing rule TM1Fil.c
2026-08-15 23:22:00 +0200: Memory Usage (465252K) : Executing rule TM1Fil.a1
2026-08-15 23:22:00 +0200: Memory Usage (465252K) : Starting 5.24. TopVia2 table
2026-08-15 23:22:00 +0200: Memory Usage (465252K) : Executing rule TV2.a
2026-08-15 23:22:00 +0200: Memory Usage (465252K) : Executing rule TV2.b
2026-08-15 23:22:00 +0200: Memory Usage (465252K) : Executing rule TV2.c
2026-08-15 23:22:00 +0200: Memory Usage (465252K) : Executing rule TV2.d
2026-08-15 23:22:00 +0200: Memory Usage (465252K) : Starting 5.25. TopMetal2 table
2026-08-15 23:22:00 +0200: Memory Usage (465252K) : Executing rule TM2.a
2026-08-15 23:22:00 +0200: Memory Usage (465252K) : Executing rule TM2.b
2026-08-15 23:22:00 +0200: Memory Usage (465252K) : Executing rule TM2.bR
2026-08-15 23:22:00 +0200: Memory Usage (465252K) : Starting 5.26 TopMetal2:filler table
2026-08-15 23:22:00 +0200: Memory Usage (465252K) : Executing rule TM2Fil.c
2026-08-15 23:22:00 +0200: Memory Usage (465252K) : Executing rule TM2Fil.a1
2026-08-15 23:22:00 +0200: Memory Usage (465252K) : Starting 5.27. Passiv table
2026-08-15 23:22:00 +0200: Memory Usage (465252K) : Executing rule Pas.a
2026-08-15 23:22:00 +0200: Memory Usage (465252K) : Executing rule Pas.b
2026-08-15 23:22:00 +0200: Memory Usage (465252K) : Executing rule Pas.c
2026-08-15 23:22:00 +0200: Memory Usage (465252K) : Starting 6.9.2 Copper Pillar table
2026-08-15 23:22:00 +0200: Memory Usage (465252K) : Executing rule Padc.a
2026-08-15 23:22:00 +0200: Memory Usage (465252K) : Executing rule Padc.b
2026-08-15 23:22:00 +0200: Memory Usage (465252K) : Executing rule Padc.c
2026-08-15 23:22:00 +0200: Memory Usage (465252K) : Executing rule Padb.f
2026-08-15 23:22:00 +0200: Memory Usage (465252K) : Starting 6.9 Pad table
2026-08-15 23:22:00 +0200: Memory Usage (465252K) : Executing rule Pad.m
2026-08-15 23:22:00 +0200: Memory Usage (465252K) : Executing rule Pad.fR_M1
2026-08-15 23:22:00 +0200: Memory Usage (465252K) : Executing rule Pad.fR_M2
2026-08-15 23:22:00 +0200: Memory Usage (465252K) : Executing rule Pad.fR_M3
2026-08-15 23:22:00 +0200: Memory Usage (465252K) : Executing rule Pad.fR_M4
2026-08-15 23:22:00 +0200: Memory Usage (465380K) : Executing rule Pad.fR_M5
2026-08-15 23:22:00 +0200: Memory Usage (465764K) : Executing rule Pad.fR_TM1
2026-08-15 23:22:00 +0200: Memory Usage (465764K) : Executing rule Pad.fR_TM2
2026-08-15 23:22:00 +0200: Memory Usage (465764K) : Executing rule Pad.i
2026-08-15 23:22:00 +0200: Memory Usage (465764K) : Starting 6.9.1 Solder Bump
2026-08-15 23:22:00 +0200: Memory Usage (465764K) : Executing rule Padb.a
2026-08-15 23:22:00 +0200: Memory Usage (465764K) : Executing rule Padb.b
2026-08-15 23:22:00 +0200: Memory Usage (465764K) : Executing rule Padb.c
2026-08-15 23:22:00 +0200: Memory Usage (465764K) : Executing rule Padb.f
2026-08-15 23:22:00 +0200: Memory Usage (465764K) : Executing rule Padb.d
2026-08-15 23:22:00 +0200: Memory Usage (465764K) : Starting 6.10 Sealring table
2026-08-15 23:22:00 +0200: Memory Usage (465764K) : Executing rule Seal.l
2026-08-15 23:22:00 +0200: Memory Usage (465764K) : Executing rule Seal.n
2026-08-15 23:22:00 +0200: Memory Usage (465764K) : Executing rule seal.b_metal1
2026-08-15 23:22:00 +0200: Memory Usage (465764K) : Executing rule seal.b_metal2
2026-08-15 23:22:00 +0200: Memory Usage (465764K) : Executing rule seal.b_metal3
2026-08-15 23:22:00 +0200: Memory Usage (465764K) : Executing rule seal.b_metal4
2026-08-15 23:22:00 +0200: Memory Usage (465764K) : Executing rule seal.b_metal5
2026-08-15 23:22:00 +0200: Memory Usage (465764K) : Executing rule seal.b_topmetal1
2026-08-15 23:22:00 +0200: Memory Usage (465764K) : Executing rule seal.b_topmetal2
2026-08-15 23:22:00 +0200: Memory Usage (465764K) : Executing rule seal.b_activ
2026-08-15 23:22:00 +0200: Memory Usage (465764K) : Executing rule seal.b_psd
2026-08-15 23:22:00 +0200: Memory Usage (465764K) : Executing rule Seal.k
2026-08-15 23:22:00 +0200: Memory Usage (465764K) : Executing rule Seal.m
2026-08-15 23:22:00 +0200: Memory Usage (465764K) : Starting 6.11 MIM table
2026-08-15 23:22:00 +0200: Memory Usage (465764K) : Executing rule MIM.c
2026-08-15 23:22:00 +0200: Memory Usage (465764K) : Executing rule MIM.d
2026-08-15 23:22:00 +0200: Memory Usage (465764K) : Executing rule MIM.gR
2026-08-15 23:22:00 +0200: Memory Usage (465764K) : Starting 7.3 Metal Slits table
2026-08-15 23:22:00 +0200: Memory Usage (465764K) : Executing rule Slt.e1_M1
2026-08-15 23:22:00 +0200: Memory Usage (465764K) : Executing rule Slt.e1_M2
2026-08-15 23:22:00 +0200: Memory Usage (465764K) : Executing rule Slt.e1_M3
2026-08-15 23:22:00 +0200: Memory Usage (465764K) : Executing rule Slt.e1_M4
2026-08-15 23:22:00 +0200: Memory Usage (465764K) : Executing rule Slt.e1_M5
2026-08-15 23:22:00 +0200: Memory Usage (465764K) : Executing rule Slt.e1_TM1
2026-08-15 23:22:00 +0200: Memory Usage (465764K) : Executing rule Slt.e1_TM2
2026-08-15 23:22:00 +0200: Memory Usage (465764K) : Starting 9.1. LBE table
2026-08-15 23:22:00 +0200: Memory Usage (465764K) : Executing rule LBE.a
2026-08-15 23:22:00 +0200: Memory Usage (465764K) : Executing rule LBE.b
2026-08-15 23:22:00 +0200: Memory Usage (465764K) : Executing rule LBE.b1
2026-08-15 23:22:00 +0200: Memory Usage (465764K) : Executing rule LBE.c
2026-08-15 23:22:00 +0200: Memory Usage (465764K) : Executing rule LBE.d
2026-08-15 23:22:00 +0200: Memory Usage (465764K) : Executing rule LBE.h
2026-08-15 23:22:00 +0200: Memory Usage (465764K) : Starting 7.4. PIN table
2026-08-15 23:22:00 +0200: Memory Usage (465764K) : Executing rule Pin.a
2026-08-15 23:22:00 +0200: Memory Usage (465764K) : Executing rule Pin.b
2026-08-15 23:22:00 +0200: Memory Usage (465764K) : Executing rule Pin.e
2026-08-15 23:22:00 +0200: Memory Usage (465764K) : Executing rule Pin.f_M2
2026-08-15 23:22:01 +0200: Memory Usage (465764K) : Executing rule Pin.f_M3
2026-08-15 23:22:01 +0200: Memory Usage (465764K) : Executing rule Pin.f_M4
2026-08-15 23:22:01 +0200: Memory Usage (465764K) : Executing rule Pin.f_M5
2026-08-15 23:22:01 +0200: Memory Usage (465764K) : Executing rule Pin.g
2026-08-15 23:22:01 +0200: Memory Usage (465764K) : Executing rule Pin.h
2026-08-15 23:22:01 +0200: Memory Usage (465764K) : Starting 3.1. offgrid table
2026-08-15 23:22:01 +0200: Memory Usage (465764K) : Executing rule activ_drw_Offgrid
2026-08-15 23:22:01 +0200: Memory Usage (466020K) : Executing rule activ_mask_Offgrid
2026-08-15 23:22:01 +0200: Memory Usage (466020K) : Executing rule activ_filler_Offgrid
2026-08-15 23:22:01 +0200: Memory Usage (466020K) : Executing rule activ_opc_Offgrid
2026-08-15 23:22:01 +0200: Memory Usage (466020K) : Executing rule activ_iopc_Offgrid
2026-08-15 23:22:01 +0200: Memory Usage (466020K) : Executing rule biwind_drw_Offgrid
2026-08-15 23:22:01 +0200: Memory Usage (466020K) : Executing rule biwind_opc_Offgrid
2026-08-15 23:22:01 +0200: Memory Usage (466020K) : Executing rule pemwind_drw_Offgrid
2026-08-15 23:22:01 +0200: Memory Usage (466020K) : Executing rule gatpoly_drw_Offgrid
2026-08-15 23:22:01 +0200: Memory Usage (466020K) : Executing rule gatpoly_filler_Offgrid
2026-08-15 23:22:01 +0200: Memory Usage (466020K) : Executing rule gatpoly_opc_Offgrid
2026-08-15 23:22:01 +0200: Memory Usage (466020K) : Executing rule gatpoly_iopc_Offgrid
2026-08-15 23:22:01 +0200: Memory Usage (466020K) : Executing rule gatpoly_noqrc_Offgrid
2026-08-15 23:22:01 +0200: Memory Usage (466020K) : Executing rule cont_drw_Offgrid
2026-08-15 23:22:01 +0200: Memory Usage (466020K) : Executing rule cont_opc_Offgrid
2026-08-15 23:22:01 +0200: Memory Usage (466020K) : Executing rule nsd_drw_Offgrid
2026-08-15 23:22:01 +0200: Memory Usage (466020K) : Executing rule nsd_block_Offgrid
2026-08-15 23:22:01 +0200: Memory Usage (466020K) : Executing rule metal1_drw_Offgrid
2026-08-15 23:22:01 +0200: Memory Usage (466020K) : Executing rule metal1_mask_Offgrid
2026-08-15 23:22:01 +0200: Memory Usage (466020K) : Executing rule metal1_filler_Offgrid
2026-08-15 23:22:01 +0200: Memory Usage (466020K) : Executing rule metal1_slit_Offgrid
2026-08-15 23:22:01 +0200: Memory Usage (466020K) : Executing rule metal1_opc_Offgrid
2026-08-15 23:22:01 +0200: Memory Usage (466020K) : Executing rule metal1_noqrc_Offgrid
2026-08-15 23:22:01 +0200: Memory Usage (466020K) : Executing rule metal1_res_Offgrid
2026-08-15 23:22:01 +0200: Memory Usage (466020K) : Executing rule metal1_iprobe_Offgrid
2026-08-15 23:22:01 +0200: Memory Usage (466020K) : Executing rule metal1_diffprb_Offgrid
2026-08-15 23:22:01 +0200: Memory Usage (466020K) : Executing rule passiv_drw_Offgrid
2026-08-15 23:22:01 +0200: Memory Usage (466020K) : Executing rule passiv_pillar_Offgrid
2026-08-15 23:22:01 +0200: Memory Usage (466020K) : Executing rule passiv_sbump_Offgrid
2026-08-15 23:22:01 +0200: Memory Usage (466020K) : Executing rule passiv_pdl_Offgrid
2026-08-15 23:22:01 +0200: Memory Usage (466020K) : Executing rule metal2_drw_Offgrid
2026-08-15 23:22:01 +0200: Memory Usage (466020K) : Executing rule metal2_mask_Offgrid
2026-08-15 23:22:01 +0200: Memory Usage (466020K) : Executing rule metal2_filler_Offgrid
2026-08-15 23:22:01 +0200: Memory Usage (466020K) : Executing rule metal2_slit_Offgrid
2026-08-15 23:22:01 +0200: Memory Usage (466020K) : Executing rule metal2_opc_Offgrid
2026-08-15 23:22:01 +0200: Memory Usage (466020K) : Executing rule metal2_noqrc_Offgrid
2026-08-15 23:22:01 +0200: Memory Usage (466020K) : Executing rule metal2_res_Offgrid
2026-08-15 23:22:01 +0200: Memory Usage (466020K) : Executing rule metal2_iprobe_Offgrid
2026-08-15 23:22:01 +0200: Memory Usage (466020K) : Executing rule metal2_diffprb_Offgrid
2026-08-15 23:22:01 +0200: Memory Usage (466020K) : Executing rule baspoly_drw_Offgrid
2026-08-15 23:22:01 +0200: Memory Usage (466020K) : Executing rule psd_drw_Offgrid
2026-08-15 23:22:01 +0200: Memory Usage (466020K) : Executing rule nldb_drw_Offgrid
2026-08-15 23:22:01 +0200: Memory Usage (466020K) : Executing rule via1_drw_Offgrid
2026-08-15 23:22:01 +0200: Memory Usage (466020K) : Executing rule backmetal1_drw_Offgrid
2026-08-15 23:22:01 +0200: Memory Usage (466020K) : Executing rule backmetal1_mask_Offgrid
2026-08-15 23:22:01 +0200: Memory Usage (466020K) : Executing rule backmetal1_filler_Offgrid
2026-08-15 23:22:01 +0200: Memory Usage (466020K) : Executing rule backmetal1_slit_Offgrid
2026-08-15 23:22:01 +0200: Memory Usage (466020K) : Executing rule backmetal1_opc_Offgrid
2026-08-15 23:22:01 +0200: Memory Usage (466532K) : Executing rule backmetal1_noqrc_Offgrid
2026-08-15 23:22:01 +0200: Memory Usage (466916K) : Executing rule backmetal1_res_Offgrid
2026-08-15 23:22:01 +0200: Memory Usage (467428K) : Executing rule backmetal1_iprobe_Offgrid
2026-08-15 23:22:01 +0200: Memory Usage (467812K) : Executing rule backmetal1_diffprb_Offgrid
2026-08-15 23:22:01 +0200: Memory Usage (468324K) : Executing rule backpassiv_drw_Offgrid
2026-08-15 23:22:01 +0200: Memory Usage (468836K) : Executing rule salblock_drw_Offgrid
2026-08-15 23:22:01 +0200: Memory Usage (469220K) : Executing rule via2_drw_Offgrid
2026-08-15 23:22:01 +0200: Memory Usage (469732K) : Executing rule metal3_drw_Offgrid
2026-08-15 23:22:01 +0200: Memory Usage (470116K) : Executing rule metal3_mask_Offgrid
2026-08-15 23:22:01 +0200: Memory Usage (470628K) : Executing rule metal3_filler_Offgrid
2026-08-15 23:22:01 +0200: Memory Usage (471140K) : Executing rule metal3_slit_Offgrid
2026-08-15 23:22:01 +0200: Memory Usage (471524K) : Executing rule metal3_opc_Offgrid
2026-08-15 23:22:01 +0200: Memory Usage (472036K) : Executing rule metal3_noqrc_Offgrid
2026-08-15 23:22:01 +0200: Memory Usage (472292K) : Executing rule metal3_res_Offgrid
2026-08-15 23:22:01 +0200: Memory Usage (472292K) : Executing rule metal3_iprobe_Offgrid
2026-08-15 23:22:01 +0200: Memory Usage (472292K) : Executing rule metal3_diffprb_Offgrid
2026-08-15 23:22:01 +0200: Memory Usage (472292K) : Executing rule nwell_drw_Offgrid
2026-08-15 23:22:01 +0200: Memory Usage (472292K) : Executing rule nbulay_drw_Offgrid
2026-08-15 23:22:01 +0200: Memory Usage (472292K) : Executing rule nbulay_block_Offgrid
2026-08-15 23:22:01 +0200: Memory Usage (472292K) : Executing rule pwell_drw_Offgrid
2026-08-15 23:22:01 +0200: Memory Usage (472292K) : Executing rule pwell_block_Offgrid
2026-08-15 23:22:01 +0200: Memory Usage (472292K) : Executing rule emwind_drw_Offgrid
2026-08-15 23:22:01 +0200: Memory Usage (472292K) : Executing rule emwind_opc_Offgrid
2026-08-15 23:22:01 +0200: Memory Usage (472292K) : Executing rule deepco_drw_Offgrid
2026-08-15 23:22:01 +0200: Memory Usage (472292K) : Executing rule mim_drw_Offgrid
2026-08-15 23:22:01 +0200: Memory Usage (472292K) : Executing rule substrate_drw_Offgrid
2026-08-15 23:22:01 +0200: Memory Usage (472292K) : Executing rule ic_drw_Offgrid
2026-08-15 23:22:01 +0200: Memory Usage (472292K) : Executing rule via3_drw_Offgrid
2026-08-15 23:22:01 +0200: Memory Usage (472292K) : Executing rule pldb_drw_Offgrid
2026-08-15 23:22:01 +0200: Memory Usage (472292K) : Executing rule metal4_drw_Offgrid
2026-08-15 23:22:01 +0200: Memory Usage (472292K) : Executing rule metal4_mask_Offgrid
2026-08-15 23:22:01 +0200: Memory Usage (472292K) : Executing rule metal4_filler_Offgrid
2026-08-15 23:22:01 +0200: Memory Usage (472292K) : Executing rule metal4_slit_Offgrid
2026-08-15 23:22:01 +0200: Memory Usage (472292K) : Executing rule metal4_opc_Offgrid
2026-08-15 23:22:01 +0200: Memory Usage (472292K) : Executing rule metal4_noqrc_Offgrid
2026-08-15 23:22:01 +0200: Memory Usage (472292K) : Executing rule metal4_res_Offgrid
2026-08-15 23:22:01 +0200: Memory Usage (472292K) : Executing rule metal4_iprobe_Offgrid
2026-08-15 23:22:01 +0200: Memory Usage (472292K) : Executing rule metal4_diffprb_Offgrid
2026-08-15 23:22:01 +0200: Memory Usage (472292K) : Executing rule via4_drw_Offgrid
2026-08-15 23:22:01 +0200: Memory Usage (472292K) : Executing rule metal5_drw_Offgrid
2026-08-15 23:22:01 +0200: Memory Usage (472292K) : Executing rule metal5_mask_Offgrid
2026-08-15 23:22:01 +0200: Memory Usage (472292K) : Executing rule metal5_filler_Offgrid
2026-08-15 23:22:01 +0200: Memory Usage (472292K) : Executing rule metal5_slit_Offgrid
2026-08-15 23:22:01 +0200: Memory Usage (472292K) : Executing rule metal5_opc_Offgrid
2026-08-15 23:22:01 +0200: Memory Usage (472292K) : Executing rule metal5_noqrc_Offgrid
2026-08-15 23:22:01 +0200: Memory Usage (472292K) : Executing rule metal5_res_Offgrid
2026-08-15 23:22:01 +0200: Memory Usage (472292K) : Executing rule metal5_iprobe_Offgrid
2026-08-15 23:22:01 +0200: Memory Usage (472292K) : Executing rule metal5_diffprb_Offgrid
2026-08-15 23:22:01 +0200: Memory Usage (472292K) : Executing rule prboundary_drw_Offgrid
2026-08-15 23:22:01 +0200: Memory Usage (472292K) : Executing rule exchange0_drw_Offgrid
2026-08-15 23:22:01 +0200: Memory Usage (472292K) : Executing rule exchange1_drw_Offgrid
2026-08-15 23:22:01 +0200: Memory Usage (472292K) : Executing rule exchange2_drw_Offgrid
2026-08-15 23:22:01 +0200: Memory Usage (472292K) : Executing rule exchange3_drw_Offgrid
2026-08-15 23:22:01 +0200: Memory Usage (472292K) : Executing rule exchange4_drw_Offgrid
2026-08-15 23:22:01 +0200: Memory Usage (472292K) : Executing rule isonwell_drw_Offgrid
2026-08-15 23:22:01 +0200: Memory Usage (472292K) : Executing rule thickgateox_drw_Offgrid
2026-08-15 23:22:01 +0200: Memory Usage (472292K) : Executing rule pempoly_drw_Offgrid
2026-08-15 23:22:01 +0200: Memory Usage (472292K) : Executing rule fbe_drw_Offgrid
2026-08-15 23:22:01 +0200: Memory Usage (472292K) : Executing rule empoly_drw_Offgrid
2026-08-15 23:22:01 +0200: Memory Usage (472292K) : Executing rule ldmos_drw_Offgrid
2026-08-15 23:22:01 +0200: Memory Usage (472292K) : Executing rule pbiwind_drw_Offgrid
2026-08-15 23:22:01 +0200: Memory Usage (472292K) : Executing rule colopen_drw_Offgrid
2026-08-15 23:22:01 +0200: Memory Usage (472292K) : Executing rule extblock_drw_Offgrid
2026-08-15 23:22:01 +0200: Memory Usage (472292K) : Executing rule nldd_drw_Offgrid
2026-08-15 23:22:01 +0200: Memory Usage (472292K) : Executing rule pldd_drw_Offgrid
2026-08-15 23:22:01 +0200: Memory Usage (472292K) : Executing rule next_drw_Offgrid
2026-08-15 23:22:01 +0200: Memory Usage (472292K) : Executing rule pext_drw_Offgrid
2026-08-15 23:22:01 +0200: Memory Usage (472292K) : Executing rule nexthv_drw_Offgrid
2026-08-15 23:22:01 +0200: Memory Usage (472292K) : Executing rule pexthv_drw_Offgrid
2026-08-15 23:22:01 +0200: Memory Usage (472292K) : Executing rule graphgate_drw_Offgrid
2026-08-15 23:22:01 +0200: Memory Usage (472292K) : Executing rule mempad_drw_Offgrid
2026-08-15 23:22:01 +0200: Memory Usage (472292K) : Executing rule topvia1_drw_Offgrid
2026-08-15 23:22:01 +0200: Memory Usage (472292K) : Executing rule topmetal1_drw_Offgrid
2026-08-15 23:22:01 +0200: Memory Usage (472292K) : Executing rule topmetal1_mask_Offgrid
2026-08-15 23:22:01 +0200: Memory Usage (472292K) : Executing rule topmetal1_filler_Offgrid
2026-08-15 23:22:01 +0200: Memory Usage (472292K) : Executing rule topmetal1_slit_Offgrid
2026-08-15 23:22:01 +0200: Memory Usage (472292K) : Executing rule topmetal1_noqrc_Offgrid
2026-08-15 23:22:01 +0200: Memory Usage (472292K) : Executing rule topmetal1_res_Offgrid
2026-08-15 23:22:01 +0200: Memory Usage (472292K) : Executing rule topmetal1_iprobe_Offgrid
2026-08-15 23:22:01 +0200: Memory Usage (472292K) : Executing rule topmetal1_diffprb_Offgrid
2026-08-15 23:22:01 +0200: Memory Usage (472292K) : Executing rule inldpwl_drw_Offgrid
2026-08-15 23:22:01 +0200: Memory Usage (472292K) : Executing rule polyres_drw_Offgrid
2026-08-15 23:22:01 +0200: Memory Usage (472292K) : Executing rule vmim_drw_Offgrid
2026-08-15 23:22:01 +0200: Memory Usage (472292K) : Executing rule nbulaycut_drw_Offgrid
2026-08-15 23:22:01 +0200: Memory Usage (472292K) : Executing rule antmetal1_drw_Offgrid
2026-08-15 23:22:01 +0200: Memory Usage (472292K) : Executing rule topvia2_drw_Offgrid
2026-08-15 23:22:01 +0200: Memory Usage (472292K) : Executing rule topmetal2_drw_Offgrid
2026-08-15 23:22:01 +0200: Memory Usage (472292K) : Executing rule topmetal2_mask_Offgrid
2026-08-15 23:22:01 +0200: Memory Usage (472292K) : Executing rule topmetal2_filler_Offgrid
2026-08-15 23:22:01 +0200: Memory Usage (472292K) : Executing rule topmetal2_slit_Offgrid
2026-08-15 23:22:01 +0200: Memory Usage (472292K) : Executing rule topmetal2_noqrc_Offgrid
2026-08-15 23:22:01 +0200: Memory Usage (472292K) : Executing rule topmetal2_res_Offgrid
2026-08-15 23:22:01 +0200: Memory Usage (472292K) : Executing rule topmetal2_iprobe_Offgrid
2026-08-15 23:22:01 +0200: Memory Usage (472420K) : Executing rule topmetal2_diffprb_Offgrid
2026-08-15 23:22:01 +0200: Memory Usage (472420K) : Executing rule snsring_drw_Offgrid
2026-08-15 23:22:01 +0200: Memory Usage (472420K) : Executing rule sensor_drw_Offgrid
2026-08-15 23:22:01 +0200: Memory Usage (472420K) : Executing rule snsarms_drw_Offgrid
2026-08-15 23:22:01 +0200: Memory Usage (472804K) : Executing rule snscmosvia_drw_Offgrid
2026-08-15 23:22:01 +0200: Memory Usage (473188K) : Executing rule colwind_drw_Offgrid
2026-08-15 23:22:01 +0200: Memory Usage (473828K) : Executing rule flm_drw_Offgrid
2026-08-15 23:22:01 +0200: Memory Usage (474340K) : Executing rule hafniumox_drw_Offgrid
2026-08-15 23:22:01 +0200: Memory Usage (474852K) : Executing rule memvia_drw_Offgrid
2026-08-15 23:22:01 +0200: Memory Usage (475236K) : Executing rule thinfilmres_drw_Offgrid
2026-08-15 23:22:01 +0200: Memory Usage (475876K) : Executing rule rfmem_drw_Offgrid
2026-08-15 23:22:02 +0200: Memory Usage (476260K) : Executing rule snsbotvia_drw_Offgrid
2026-08-15 23:22:02 +0200: Memory Usage (476900K) : Executing rule snstopvia_drw_Offgrid
2026-08-15 23:22:02 +0200: Memory Usage (477284K) : Executing rule deepvia_drw_Offgrid
2026-08-15 23:22:02 +0200: Memory Usage (477924K) : Executing rule fgetch_drw_Offgrid
2026-08-15 23:22:02 +0200: Memory Usage (478564K) : Executing rule ctrgat_drw_Offgrid
2026-08-15 23:22:02 +0200: Memory Usage (479076K) : Executing rule fgimp_drw_Offgrid
2026-08-15 23:22:02 +0200: Memory Usage (479588K) : Executing rule emwihv_drw_Offgrid
2026-08-15 23:22:02 +0200: Memory Usage (480100K) : Executing rule lbe_drw_Offgrid
2026-08-15 23:22:02 +0200: Memory Usage (480612K) : Executing rule alcustop_drw_Offgrid
2026-08-15 23:22:02 +0200: Memory Usage (480740K) : Starting 3.2. angle table
2026-08-15 23:22:02 +0200: Memory Usage (480740K) : Executing rule activ_drw_Acute
2026-08-15 23:22:02 +0200: Memory Usage (480740K) : Executing rule activ_pin_Acute
2026-08-15 23:22:02 +0200: Memory Usage (480740K) : Executing rule activ_mask_Acute
2026-08-15 23:22:02 +0200: Memory Usage (480740K) : Executing rule activ_filler_Acute
2026-08-15 23:22:02 +0200: Memory Usage (480740K) : Executing rule activ_nofill_Acute
2026-08-15 23:22:02 +0200: Memory Usage (480740K) : Executing rule activ_opc_Acute
2026-08-15 23:22:02 +0200: Memory Usage (480740K) : Executing rule activ_iopc_Acute
2026-08-15 23:22:02 +0200: Memory Usage (480740K) : Executing rule activ_noqrc_Acute
2026-08-15 23:22:02 +0200: Memory Usage (480740K) : Executing rule biwind_drw_Acute
2026-08-15 23:22:02 +0200: Memory Usage (480740K) : Executing rule biwind_opc_Acute
2026-08-15 23:22:02 +0200: Memory Usage (480740K) : Executing rule pemwind_drw_Acute
2026-08-15 23:22:02 +0200: Memory Usage (480740K) : Executing rule gatpoly_drw_Acute
2026-08-15 23:22:02 +0200: Memory Usage (480740K) : Executing rule gatpoly_pin_Acute
2026-08-15 23:22:02 +0200: Memory Usage (480740K) : Executing rule gatpoly_filler_Acute
2026-08-15 23:22:02 +0200: Memory Usage (480740K) : Executing rule gatpoly_nofill_Acute
2026-08-15 23:22:02 +0200: Memory Usage (480740K) : Executing rule gatpoly_opc_Acute
2026-08-15 23:22:02 +0200: Memory Usage (480740K) : Executing rule gatpoly_iopc_Acute
2026-08-15 23:22:02 +0200: Memory Usage (480740K) : Executing rule gatpoly_noqrc_Acute
2026-08-15 23:22:02 +0200: Memory Usage (480740K) : Executing rule cont_drw_Acute
2026-08-15 23:22:02 +0200: Memory Usage (480740K) : Executing rule cont_opc_Acute
2026-08-15 23:22:02 +0200: Memory Usage (480740K) : Executing rule nsd_drw_Acute
2026-08-15 23:22:02 +0200: Memory Usage (480740K) : Executing rule nsd_block_Acute
2026-08-15 23:22:02 +0200: Memory Usage (480740K) : Executing rule metal1_drw_Acute
2026-08-15 23:22:02 +0200: Memory Usage (480740K) : Executing rule metal1_pin_Acute
2026-08-15 23:22:02 +0200: Memory Usage (480740K) : Executing rule metal1_mask_Acute
2026-08-15 23:22:02 +0200: Memory Usage (480740K) : Executing rule metal1_filler_Acute
2026-08-15 23:22:02 +0200: Memory Usage (480740K) : Executing rule metal1_nofill_Acute
2026-08-15 23:22:02 +0200: Memory Usage (480740K) : Executing rule metal1_slit_Acute
2026-08-15 23:22:02 +0200: Memory Usage (480740K) : Executing rule metal1_opc_Acute
2026-08-15 23:22:02 +0200: Memory Usage (480740K) : Executing rule metal1_noqrc_Acute
2026-08-15 23:22:02 +0200: Memory Usage (480740K) : Executing rule metal1_res_Acute
2026-08-15 23:22:02 +0200: Memory Usage (480740K) : Executing rule metal1_iprobe_Acute
2026-08-15 23:22:02 +0200: Memory Usage (480740K) : Executing rule metal1_diffprb_Acute
2026-08-15 23:22:02 +0200: Memory Usage (480740K) : Executing rule passiv_drw_Acute
2026-08-15 23:22:02 +0200: Memory Usage (480740K) : Executing rule passiv_pin_Acute
2026-08-15 23:22:02 +0200: Memory Usage (480740K) : Executing rule passiv_pillar_Acute
2026-08-15 23:22:02 +0200: Memory Usage (480740K) : Executing rule passiv_sbump_Acute
2026-08-15 23:22:02 +0200: Memory Usage (480740K) : Executing rule passiv_pdl_Acute
2026-08-15 23:22:02 +0200: Memory Usage (480740K) : Executing rule metal2_drw_Acute
2026-08-15 23:22:02 +0200: Memory Usage (480740K) : Executing rule metal2_pin_Acute
2026-08-15 23:22:02 +0200: Memory Usage (480740K) : Executing rule metal2_mask_Acute
2026-08-15 23:22:02 +0200: Memory Usage (480740K) : Executing rule metal2_filler_Acute
2026-08-15 23:22:02 +0200: Memory Usage (480740K) : Executing rule metal2_nofill_Acute
2026-08-15 23:22:02 +0200: Memory Usage (480740K) : Executing rule metal2_slit_Acute
2026-08-15 23:22:02 +0200: Memory Usage (480740K) : Executing rule metal2_opc_Acute
2026-08-15 23:22:02 +0200: Memory Usage (480740K) : Executing rule metal2_noqrc_Acute
2026-08-15 23:22:02 +0200: Memory Usage (480740K) : Executing rule metal2_res_Acute
2026-08-15 23:22:02 +0200: Memory Usage (480740K) : Executing rule metal2_iprobe_Acute
2026-08-15 23:22:02 +0200: Memory Usage (480740K) : Executing rule metal2_diffprb_Acute
2026-08-15 23:22:02 +0200: Memory Usage (480740K) : Executing rule baspoly_drw_Acute
2026-08-15 23:22:02 +0200: Memory Usage (480740K) : Executing rule baspoly_pin_Acute
2026-08-15 23:22:02 +0200: Memory Usage (480740K) : Executing rule psd_drw_Acute
2026-08-15 23:22:02 +0200: Memory Usage (480740K) : Executing rule nldb_drw_Acute
2026-08-15 23:22:02 +0200: Memory Usage (480740K) : Executing rule via1_drw_Acute
2026-08-15 23:22:02 +0200: Memory Usage (480740K) : Executing rule backmetal1_drw_Acute
2026-08-15 23:22:02 +0200: Memory Usage (480740K) : Executing rule backmetal1_pin_Acute
2026-08-15 23:22:02 +0200: Memory Usage (480740K) : Executing rule backmetal1_mask_Acute
2026-08-15 23:22:02 +0200: Memory Usage (480740K) : Executing rule backmetal1_filler_Acute
2026-08-15 23:22:02 +0200: Memory Usage (480740K) : Executing rule backmetal1_nofill_Acute
2026-08-15 23:22:02 +0200: Memory Usage (480740K) : Executing rule backmetal1_slit_Acute
2026-08-15 23:22:02 +0200: Memory Usage (480740K) : Executing rule backmetal1_opc_Acute
2026-08-15 23:22:02 +0200: Memory Usage (480740K) : Executing rule backmetal1_noqrc_Acute
2026-08-15 23:22:02 +0200: Memory Usage (480740K) : Executing rule backmetal1_res_Acute
2026-08-15 23:22:02 +0200: Memory Usage (480740K) : Executing rule backmetal1_iprobe_Acute
2026-08-15 23:22:02 +0200: Memory Usage (480740K) : Executing rule backmetal1_diffprb_Acute
2026-08-15 23:22:02 +0200: Memory Usage (480740K) : Executing rule backpassiv_drw_Acute
2026-08-15 23:22:02 +0200: Memory Usage (480740K) : Executing rule salblock_drw_Acute
2026-08-15 23:22:02 +0200: Memory Usage (480740K) : Executing rule via2_drw_Acute
2026-08-15 23:22:02 +0200: Memory Usage (480740K) : Executing rule metal3_drw_Acute
2026-08-15 23:22:02 +0200: Memory Usage (480740K) : Executing rule metal3_pin_Acute
2026-08-15 23:22:02 +0200: Memory Usage (480740K) : Executing rule metal3_mask_Acute
2026-08-15 23:22:02 +0200: Memory Usage (480740K) : Executing rule metal3_filler_Acute
2026-08-15 23:22:02 +0200: Memory Usage (480740K) : Executing rule metal3_nofill_Acute
2026-08-15 23:22:02 +0200: Memory Usage (480740K) : Executing rule metal3_slit_Acute
2026-08-15 23:22:02 +0200: Memory Usage (480740K) : Executing rule metal3_opc_Acute
2026-08-15 23:22:02 +0200: Memory Usage (480740K) : Executing rule metal3_noqrc_Acute
2026-08-15 23:22:02 +0200: Memory Usage (480740K) : Executing rule metal3_res_Acute
2026-08-15 23:22:02 +0200: Memory Usage (480740K) : Executing rule metal3_iprobe_Acute
2026-08-15 23:22:02 +0200: Memory Usage (480740K) : Executing rule metal3_diffprb_Acute
2026-08-15 23:22:02 +0200: Memory Usage (480740K) : Executing rule nwell_drw_Acute
2026-08-15 23:22:02 +0200: Memory Usage (480740K) : Executing rule nwell_pin_Acute
2026-08-15 23:22:02 +0200: Memory Usage (480740K) : Executing rule nbulay_drw_Acute
2026-08-15 23:22:02 +0200: Memory Usage (480740K) : Executing rule nbulay_pin_Acute
2026-08-15 23:22:02 +0200: Memory Usage (480740K) : Executing rule nbulay_block_Acute
2026-08-15 23:22:02 +0200: Memory Usage (480740K) : Executing rule pwell_drw_Acute
2026-08-15 23:22:02 +0200: Memory Usage (480740K) : Executing rule pwell_pin_Acute
2026-08-15 23:22:02 +0200: Memory Usage (480740K) : Executing rule pwell_block_Acute
2026-08-15 23:22:02 +0200: Memory Usage (480740K) : Executing rule emwind_drw_Acute
2026-08-15 23:22:02 +0200: Memory Usage (480740K) : Executing rule emwind_opc_Acute
2026-08-15 23:22:02 +0200: Memory Usage (480740K) : Executing rule deepco_drw_Acute
2026-08-15 23:22:02 +0200: Memory Usage (480740K) : Executing rule mim_drw_Acute
2026-08-15 23:22:02 +0200: Memory Usage (480740K) : Executing rule substrate_drw_Acute
2026-08-15 23:22:02 +0200: Memory Usage (480740K) : Executing rule ic_drw_Acute
2026-08-15 23:22:02 +0200: Memory Usage (480740K) : Executing rule via3_drw_Acute
2026-08-15 23:22:02 +0200: Memory Usage (480740K) : Executing rule pldb_drw_Acute
2026-08-15 23:22:02 +0200: Memory Usage (480740K) : Executing rule metal4_drw_Acute
2026-08-15 23:22:02 +0200: Memory Usage (480740K) : Executing rule metal4_pin_Acute
2026-08-15 23:22:02 +0200: Memory Usage (480740K) : Executing rule metal4_mask_Acute
2026-08-15 23:22:02 +0200: Memory Usage (480740K) : Executing rule metal4_filler_Acute
2026-08-15 23:22:02 +0200: Memory Usage (480740K) : Executing rule metal4_nofill_Acute
2026-08-15 23:22:02 +0200: Memory Usage (480740K) : Executing rule metal4_slit_Acute
2026-08-15 23:22:02 +0200: Memory Usage (480740K) : Executing rule metal4_opc_Acute
2026-08-15 23:22:02 +0200: Memory Usage (480740K) : Executing rule metal4_noqrc_Acute
2026-08-15 23:22:02 +0200: Memory Usage (480740K) : Executing rule metal4_res_Acute
2026-08-15 23:22:02 +0200: Memory Usage (480740K) : Executing rule metal4_iprobe_Acute
2026-08-15 23:22:02 +0200: Memory Usage (480740K) : Executing rule metal4_diffprb_Acute
2026-08-15 23:22:02 +0200: Memory Usage (480740K) : Executing rule via4_drw_Acute
2026-08-15 23:22:02 +0200: Memory Usage (480740K) : Executing rule metal5_drw_Acute
2026-08-15 23:22:02 +0200: Memory Usage (480740K) : Executing rule metal5_pin_Acute
2026-08-15 23:22:02 +0200: Memory Usage (480740K) : Executing rule metal5_mask_Acute
2026-08-15 23:22:02 +0200: Memory Usage (480740K) : Executing rule metal5_filler_Acute
2026-08-15 23:22:02 +0200: Memory Usage (480740K) : Executing rule metal5_nofill_Acute
2026-08-15 23:22:02 +0200: Memory Usage (480740K) : Executing rule metal5_slit_Acute
2026-08-15 23:22:02 +0200: Memory Usage (480740K) : Executing rule metal5_opc_Acute
2026-08-15 23:22:02 +0200: Memory Usage (480740K) : Executing rule metal5_noqrc_Acute
2026-08-15 23:22:02 +0200: Memory Usage (480740K) : Executing rule metal5_res_Acute
2026-08-15 23:22:02 +0200: Memory Usage (480740K) : Executing rule metal5_iprobe_Acute
2026-08-15 23:22:02 +0200: Memory Usage (480740K) : Executing rule metal5_diffprb_Acute
2026-08-15 23:22:02 +0200: Memory Usage (480740K) : Executing rule prboundary_drw_Acute
2026-08-15 23:22:02 +0200: Memory Usage (480740K) : Executing rule exchange0_drw_Acute
2026-08-15 23:22:02 +0200: Memory Usage (480740K) : Executing rule exchange0_pin_Acute
2026-08-15 23:22:02 +0200: Memory Usage (480740K) : Executing rule exchange1_drw_Acute
2026-08-15 23:22:02 +0200: Memory Usage (480740K) : Executing rule exchange1_pin_Acute
2026-08-15 23:22:02 +0200: Memory Usage (480740K) : Executing rule exchange2_drw_Acute
2026-08-15 23:22:02 +0200: Memory Usage (480740K) : Executing rule exchange2_pin_Acute
2026-08-15 23:22:02 +0200: Memory Usage (480740K) : Executing rule exchange3_drw_Acute
2026-08-15 23:22:02 +0200: Memory Usage (480740K) : Executing rule exchange3_pin_Acute
2026-08-15 23:22:02 +0200: Memory Usage (480740K) : Executing rule exchange4_drw_Acute
2026-08-15 23:22:02 +0200: Memory Usage (480740K) : Executing rule exchange4_pin_Acute
2026-08-15 23:22:02 +0200: Memory Usage (480740K) : Executing rule isonwell_drw_Acute
2026-08-15 23:22:02 +0200: Memory Usage (480740K) : Executing rule thickgateox_drw_Acute
2026-08-15 23:22:02 +0200: Memory Usage (480740K) : Executing rule pempoly_drw_Acute
2026-08-15 23:22:02 +0200: Memory Usage (480740K) : Executing rule fbe_drw_Acute
2026-08-15 23:22:02 +0200: Memory Usage (480740K) : Executing rule empoly_drw_Acute
2026-08-15 23:22:02 +0200: Memory Usage (480740K) : Executing rule ldmos_drw_Acute
2026-08-15 23:22:02 +0200: Memory Usage (480740K) : Executing rule pbiwind_drw_Acute
2026-08-15 23:22:02 +0200: Memory Usage (480740K) : Executing rule colopen_drw_Acute
2026-08-15 23:22:02 +0200: Memory Usage (480740K) : Executing rule extblock_drw_Acute
2026-08-15 23:22:02 +0200: Memory Usage (480740K) : Executing rule nldd_drw_Acute
2026-08-15 23:22:02 +0200: Memory Usage (480740K) : Executing rule pldd_drw_Acute
2026-08-15 23:22:02 +0200: Memory Usage (480740K) : Executing rule next_drw_Acute
2026-08-15 23:22:02 +0200: Memory Usage (480740K) : Executing rule pext_drw_Acute
2026-08-15 23:22:02 +0200: Memory Usage (480740K) : Executing rule nexthv_drw_Acute
2026-08-15 23:22:02 +0200: Memory Usage (480740K) : Executing rule pexthv_drw_Acute
2026-08-15 23:22:02 +0200: Memory Usage (480740K) : Executing rule graphgate_drw_Acute
2026-08-15 23:22:02 +0200: Memory Usage (480740K) : Executing rule mempad_drw_Acute
2026-08-15 23:22:02 +0200: Memory Usage (480740K) : Executing rule topvia1_drw_Acute
2026-08-15 23:22:02 +0200: Memory Usage (480740K) : Executing rule topmetal1_drw_Acute
2026-08-15 23:22:02 +0200: Memory Usage (480740K) : Executing rule topmetal1_pin_Acute
2026-08-15 23:22:02 +0200: Memory Usage (480740K) : Executing rule topmetal1_mask_Acute
2026-08-15 23:22:02 +0200: Memory Usage (480740K) : Executing rule topmetal1_filler_Acute
2026-08-15 23:22:02 +0200: Memory Usage (480740K) : Executing rule topmetal1_nofill_Acute
2026-08-15 23:22:02 +0200: Memory Usage (480740K) : Executing rule topmetal1_slit_Acute
2026-08-15 23:22:02 +0200: Memory Usage (480740K) : Executing rule topmetal1_noqrc_Acute
2026-08-15 23:22:02 +0200: Memory Usage (480740K) : Executing rule topmetal1_res_Acute
2026-08-15 23:22:02 +0200: Memory Usage (480740K) : Executing rule topmetal1_iprobe_Acute
2026-08-15 23:22:02 +0200: Memory Usage (480740K) : Executing rule topmetal1_diffprb_Acute
2026-08-15 23:22:02 +0200: Memory Usage (480740K) : Executing rule inldpwl_drw_Acute
2026-08-15 23:22:02 +0200: Memory Usage (480740K) : Executing rule polyres_drw_Acute
2026-08-15 23:22:02 +0200: Memory Usage (480740K) : Executing rule polyres_pin_Acute
2026-08-15 23:22:02 +0200: Memory Usage (480740K) : Executing rule vmim_drw_Acute
2026-08-15 23:22:02 +0200: Memory Usage (480740K) : Executing rule nbulaycut_drw_Acute
2026-08-15 23:22:02 +0200: Memory Usage (480740K) : Executing rule antmetal1_drw_Acute
2026-08-15 23:22:02 +0200: Memory Usage (480740K) : Executing rule topvia2_drw_Acute
2026-08-15 23:22:02 +0200: Memory Usage (480740K) : Executing rule topmetal2_drw_Acute
2026-08-15 23:22:02 +0200: Memory Usage (480740K) : Executing rule topmetal2_pin_Acute
2026-08-15 23:22:02 +0200: Memory Usage (480740K) : Executing rule topmetal2_mask_Acute
2026-08-15 23:22:02 +0200: Memory Usage (480740K) : Executing rule topmetal2_filler_Acute
2026-08-15 23:22:02 +0200: Memory Usage (480740K) : Executing rule topmetal2_nofill_Acute
2026-08-15 23:22:02 +0200: Memory Usage (480740K) : Executing rule topmetal2_slit_Acute
2026-08-15 23:22:02 +0200: Memory Usage (480740K) : Executing rule topmetal2_noqrc_Acute
2026-08-15 23:22:02 +0200: Memory Usage (480740K) : Executing rule topmetal2_res_Acute
2026-08-15 23:22:02 +0200: Memory Usage (480740K) : Executing rule topmetal2_iprobe_Acute
2026-08-15 23:22:03 +0200: Memory Usage (480740K) : Executing rule topmetal2_diffprb_Acute
2026-08-15 23:22:03 +0200: Memory Usage (480740K) : Executing rule snsring_drw_Acute
2026-08-15 23:22:03 +0200: Memory Usage (480740K) : Executing rule sensor_drw_Acute
2026-08-15 23:22:03 +0200: Memory Usage (480740K) : Executing rule snsarms_drw_Acute
2026-08-15 23:22:03 +0200: Memory Usage (480740K) : Executing rule snscmosvia_drw_Acute
2026-08-15 23:22:03 +0200: Memory Usage (480740K) : Executing rule colwind_drw_Acute
2026-08-15 23:22:03 +0200: Memory Usage (480740K) : Executing rule flm_drw_Acute
2026-08-15 23:22:03 +0200: Memory Usage (480740K) : Executing rule hafniumox_drw_Acute
2026-08-15 23:22:03 +0200: Memory Usage (480740K) : Executing rule memvia_drw_Acute
2026-08-15 23:22:03 +0200: Memory Usage (480740K) : Executing rule thinfilmres_drw_Acute
2026-08-15 23:22:03 +0200: Memory Usage (480740K) : Executing rule rfmem_drw_Acute
2026-08-15 23:22:03 +0200: Memory Usage (480740K) : Executing rule snsbotvia_drw_Acute
2026-08-15 23:22:03 +0200: Memory Usage (480740K) : Executing rule snstopvia_drw_Acute
2026-08-15 23:22:03 +0200: Memory Usage (480740K) : Executing rule deepvia_drw_Acute
2026-08-15 23:22:03 +0200: Memory Usage (480740K) : Executing rule fgetch_drw_Acute
2026-08-15 23:22:03 +0200: Memory Usage (480740K) : Executing rule ctrgat_drw_Acute
2026-08-15 23:22:03 +0200: Memory Usage (480740K) : Executing rule fgimp_drw_Acute
2026-08-15 23:22:03 +0200: Memory Usage (480740K) : Executing rule emwihv_drw_Acute
2026-08-15 23:22:03 +0200: Memory Usage (480740K) : Executing rule lbe_drw_Acute
2026-08-15 23:22:03 +0200: Memory Usage (480740K) : Executing rule alcustop_drw_Acute
2026-08-15 23:22:03 +0200: Memory Usage (480740K) : Executing rule cont_drw_Angle90
2026-08-15 23:22:03 +0200: Memory Usage (480740K) : Executing rule via1_drw_Angle90
2026-08-15 23:22:03 +0200: Memory Usage (480740K) : Executing rule via2_drw_Angle90
2026-08-15 23:22:03 +0200: Memory Usage (480740K) : Executing rule via3_drw_Angle90
2026-08-15 23:22:03 +0200: Memory Usage (480740K) : Executing rule via4_drw_Angle90
2026-08-15 23:22:03 +0200: Memory Usage (480740K) : Executing rule vmim_drw_Angle90
2026-08-15 23:22:03 +0200: Memory Usage (480740K) : Executing rule topvia1_drw_Angle90
2026-08-15 23:22:03 +0200: Memory Usage (480740K) : Executing rule topvia2_drw_Angle90
2026-08-15 23:22:03 +0200: Memory Usage (480740K) : Executing rule gatpoly_drw_Angle45
2026-08-15 23:22:03 +0200: Memory Usage (480740K) : Executing rule activ_drw_Angle45
2026-08-15 23:22:03 +0200: Memory Usage (480740K) : Executing rule metal1_drw_Angle45
2026-08-15 23:22:03 +0200: Memory Usage (480740K) : Executing rule metal2_drw_Angle45
2026-08-15 23:22:03 +0200: Memory Usage (480740K) : Executing rule metal3_drw_Angle45
2026-08-15 23:22:03 +0200: Memory Usage (480740K) : Executing rule metal4_drw_Angle45
2026-08-15 23:22:03 +0200: Memory Usage (480740K) : Executing rule metal5_drw_Angle45
2026-08-15 23:22:03 +0200: Memory Usage (480740K) : Executing rule topmetal1_drw_Angle45
2026-08-15 23:22:03 +0200: Memory Usage (480740K) : Executing rule topmetal2_drw_Angle45
2026-08-15 23:22:03 +0200: Memory Usage (480740K) : Starting 3.2. FORBIDDEN table
2026-08-15 23:22:03 +0200: Memory Usage (480740K) : Executing rule forbidden.biwind
2026-08-15 23:22:03 +0200: Memory Usage (480740K) : Executing rule forbidden.pemwind
2026-08-15 23:22:03 +0200: Memory Usage (480740K) : Executing rule forbidden.baspoly
2026-08-15 23:22:03 +0200: Memory Usage (480740K) : Executing rule forbidden.deepco
2026-08-15 23:22:03 +0200: Memory Usage (480740K) : Executing rule forbidden.pempoly
2026-08-15 23:22:03 +0200: Memory Usage (480740K) : Executing rule forbidden.empoly
2026-08-15 23:22:03 +0200: Memory Usage (480740K) : Executing rule forbidden.ldmos
2026-08-15 23:22:03 +0200: Memory Usage (480740K) : Executing rule forbidden.pbiwind
2026-08-15 23:22:03 +0200: Memory Usage (480740K) : Executing rule forbidden.nodrc
2026-08-15 23:22:03 +0200: Memory Usage (480740K) : Executing rule forbidden.flash
2026-08-15 23:22:03 +0200: Memory Usage (480740K) : Executing rule forbidden.colwind
2026-08-15 23:22:03 +0200: Memory Usage (480740K) : KLayout DRC run for tables 'main' completed in 3.64 seconds
15-Aug-2026 23:22:03 | INFO    | =====================================================================================
15-Aug-2026 23:22:03 | INFO    | ✅ --- KLayout DRC Check Passed: No DRC violations detected in the layout. --- ✅
15-Aug-2026 23:22:03 | INFO    | =====================================================================================
15-Aug-2026 23:22:03 | INFO    | Total DRC Run time: 6.06 seconds (including execution, analysis, and reporting)
